16:04:05 **** Build of project jpeg-rs_bsp ****
make -k all 
Running Make include in psu_cortexa53_0/libsrc/dpdma_v1_0/src
make -C psu_cortexa53_0/libsrc/dpdma_v1_0/src -s include  "SHELL=/bin/sh" "COMPILER=aarch64-none-elf-gcc" "ARCHIVER=aarch64-none-elf-ar" "COMPILER_FLAGS=  -O2 -c" "EXTRA_COMPILER_FLAGS=-g -Wall -Wextra"
Running Make include in psu_cortexa53_0/libsrc/ipipsu_v2_3/src
make -C psu_cortexa53_0/libsrc/ipipsu_v2_3/src -s include  "SHELL=/bin/sh" "COMPILER=aarch64-none-elf-gcc" "ARCHIVER=aarch64-none-elf-ar" "COMPILER_FLAGS=  -O2 -c" "EXTRA_COMPILER_FLAGS=-g -Wall -Wextra"
Running Make include in psu_cortexa53_0/libsrc/gpiops_v3_3/src
make -C psu_cortexa53_0/libsrc/gpiops_v3_3/src -s include  "SHELL=/bin/sh" "COMPILER=aarch64-none-elf-gcc" "ARCHIVER=aarch64-none-elf-ar" "COMPILER_FLAGS=  -O2 -c" "EXTRA_COMPILER_FLAGS=-g -Wall -Wextra"
Running Make include in psu_cortexa53_0/libsrc/scugic_v3_8/src
make -C psu_cortexa53_0/libsrc/scugic_v3_8/src -s include  "SHELL=/bin/sh" "COMPILER=aarch64-none-elf-gcc" "ARCHIVER=aarch64-none-elf-ar" "COMPILER_FLAGS=  -O2 -c" "EXTRA_COMPILER_FLAGS=-g -Wall -Wextra"
Running Make include in psu_cortexa53_0/libsrc/qspipsu_v1_6/src
make -C psu_cortexa53_0/libsrc/qspipsu_v1_6/src -s include  "SHELL=/bin/sh" "COMPILER=aarch64-none-elf-gcc" "ARCHIVER=aarch64-none-elf-ar" "COMPILER_FLAGS=  -O2 -c" "EXTRA_COMPILER_FLAGS=-g -Wall -Wextra"
Running Make include in psu_cortexa53_0/libsrc/sysmonpsu_v2_2/src
make -C psu_cortexa53_0/libsrc/sysmonpsu_v2_2/src -s include  "SHELL=/bin/sh" "COMPILER=aarch64-none-elf-gcc" "ARCHIVER=aarch64-none-elf-ar" "COMPILER_FLAGS=  -O2 -c" "EXTRA_COMPILER_FLAGS=-g -Wall -Wextra"
Running Make include in psu_cortexa53_0/libsrc/video_common_v4_2/src
make -C psu_cortexa53_0/libsrc/video_common_v4_2/src -s include  "SHELL=/bin/sh" "COMPILER=aarch64-none-elf-gcc" "ARCHIVER=aarch64-none-elf-ar" "COMPILER_FLAGS=  -O2 -c" "EXTRA_COMPILER_FLAGS=-g -Wall -Wextra"
Running Make include in psu_cortexa53_0/libsrc/standalone_v6_5/src
make -C psu_cortexa53_0/libsrc/standalone_v6_5/src -s include  "SHELL=/bin/sh" "COMPILER=aarch64-none-elf-gcc" "ARCHIVER=aarch64-none-elf-ar" "COMPILER_FLAGS=  -O2 -c" "EXTRA_COMPILER_FLAGS=-g -Wall -Wextra"
Running Make include in psu_cortexa53_0/libsrc/canps_v3_2/src
make -C psu_cortexa53_0/libsrc/canps_v3_2/src -s include  "SHELL=/bin/sh" "COMPILER=aarch64-none-elf-gcc" "ARCHIVER=aarch64-none-elf-ar" "COMPILER_FLAGS=  -O2 -c" "EXTRA_COMPILER_FLAGS=-g -Wall -Wextra"
Running Make include in psu_cortexa53_0/libsrc/dppsu_v1_1/src
make -C psu_cortexa53_0/libsrc/dppsu_v1_1/src -s include  "SHELL=/bin/sh" "COMPILER=aarch64-none-elf-gcc" "ARCHIVER=aarch64-none-elf-ar" "COMPILER_FLAGS=  -O2 -c" "EXTRA_COMPILER_FLAGS=-g -Wall -Wextra"
Running Make include in psu_cortexa53_0/libsrc/zdma_v1_4/src
make -C psu_cortexa53_0/libsrc/zdma_v1_4/src -s include  "SHELL=/bin/sh" "COMPILER=aarch64-none-elf-gcc" "ARCHIVER=aarch64-none-elf-ar" "COMPILER_FLAGS=  -O2 -c" "EXTRA_COMPILER_FLAGS=-g -Wall -Wextra"
Running Make include in psu_cortexa53_0/libsrc/decode_start_f2r_vectorPh_s2e_forBody96Preheader_v1_0/src
make -C psu_cortexa53_0/libsrc/decode_start_f2r_vectorPh_s2e_forBody96Preheader_v1_0/src -s include  "SHELL=/bin/sh" "COMPILER=aarch64-none-elf-gcc" "ARCHIVER=aarch64-none-elf-ar" "COMPILER_FLAGS=  -O2 -c" "EXTRA_COMPILER_FLAGS=-g -Wall -Wextra"
Running Make include in psu_cortexa53_0/libsrc/ttcps_v3_5/src
make -C psu_cortexa53_0/libsrc/ttcps_v3_5/src -s include  "SHELL=/bin/sh" "COMPILER=aarch64-none-elf-gcc" "ARCHIVER=aarch64-none-elf-ar" "COMPILER_FLAGS=  -O2 -c" "EXTRA_COMPILER_FLAGS=-g -Wall -Wextra"
Running Make include in psu_cortexa53_0/libsrc/wdtps_v3_0/src
make -C psu_cortexa53_0/libsrc/wdtps_v3_0/src -s include  "SHELL=/bin/sh" "COMPILER=aarch64-none-elf-gcc" "ARCHIVER=aarch64-none-elf-ar" "COMPILER_FLAGS=  -O2 -c" "EXTRA_COMPILER_FLAGS=-g -Wall -Wextra"
Running Make include in psu_cortexa53_0/libsrc/rtcpsu_v1_5/src
make -C psu_cortexa53_0/libsrc/rtcpsu_v1_5/src -s include  "SHELL=/bin/sh" "COMPILER=aarch64-none-elf-gcc" "ARCHIVER=aarch64-none-elf-ar" "COMPILER_FLAGS=  -O2 -c" "EXTRA_COMPILER_FLAGS=-g -Wall -Wextra"
Running Make include in psu_cortexa53_0/libsrc/avbuf_v2_0/src
make -C psu_cortexa53_0/libsrc/avbuf_v2_0/src -s include  "SHELL=/bin/sh" "COMPILER=aarch64-none-elf-gcc" "ARCHIVER=aarch64-none-elf-ar" "COMPILER_FLAGS=  -O2 -c" "EXTRA_COMPILER_FLAGS=-g -Wall -Wextra"
Running Make include in psu_cortexa53_0/libsrc/ddrcpsu_v1_1/src
make -C psu_cortexa53_0/libsrc/ddrcpsu_v1_1/src -s include  "SHELL=/bin/sh" "COMPILER=aarch64-none-elf-gcc" "ARCHIVER=aarch64-none-elf-ar" "COMPILER_FLAGS=  -O2 -c" "EXTRA_COMPILER_FLAGS=-g -Wall -Wextra"
Running Make include in psu_cortexa53_0/libsrc/csudma_v1_1/src
make -C psu_cortexa53_0/libsrc/csudma_v1_1/src -s include  "SHELL=/bin/sh" "COMPILER=aarch64-none-elf-gcc" "ARCHIVER=aarch64-none-elf-ar" "COMPILER_FLAGS=  -O2 -c" "EXTRA_COMPILER_FLAGS=-g -Wall -Wextra"
Running Make include in psu_cortexa53_0/libsrc/iicps_v3_5/src
make -C psu_cortexa53_0/libsrc/iicps_v3_5/src -s include  "SHELL=/bin/sh" "COMPILER=aarch64-none-elf-gcc" "ARCHIVER=aarch64-none-elf-ar" "COMPILER_FLAGS=  -O2 -c" "EXTRA_COMPILER_FLAGS=-g -Wall -Wextra"
Running Make include in psu_cortexa53_0/libsrc/cpu_cortexa53_v1_5/src
make -C psu_cortexa53_0/libsrc/cpu_cortexa53_v1_5/src -s include  "SHELL=/bin/sh" "COMPILER=aarch64-none-elf-gcc" "ARCHIVER=aarch64-none-elf-ar" "COMPILER_FLAGS=  -O2 -c" "EXTRA_COMPILER_FLAGS=-g -Wall -Wextra"
Running Make include in psu_cortexa53_0/libsrc/sdps_v3_3/src
make -C psu_cortexa53_0/libsrc/sdps_v3_3/src -s include  "SHELL=/bin/sh" "COMPILER=aarch64-none-elf-gcc" "ARCHIVER=aarch64-none-elf-ar" "COMPILER_FLAGS=  -O2 -c" "EXTRA_COMPILER_FLAGS=-g -Wall -Wextra"
Running Make include in psu_cortexa53_0/libsrc/emacps_v3_6/src
make -C psu_cortexa53_0/libsrc/emacps_v3_6/src -s include  "SHELL=/bin/sh" "COMPILER=aarch64-none-elf-gcc" "ARCHIVER=aarch64-none-elf-ar" "COMPILER_FLAGS=  -O2 -c" "EXTRA_COMPILER_FLAGS=-g -Wall -Wextra"
Running Make include in psu_cortexa53_0/libsrc/axipmon_v6_6/src
make -C psu_cortexa53_0/libsrc/axipmon_v6_6/src -s include  "SHELL=/bin/sh" "COMPILER=aarch64-none-elf-gcc" "ARCHIVER=aarch64-none-elf-ar" "COMPILER_FLAGS=  -O2 -c" "EXTRA_COMPILER_FLAGS=-g -Wall -Wextra"
Running Make include in psu_cortexa53_0/libsrc/ChenIDct_v1_0/src
make -C psu_cortexa53_0/libsrc/ChenIDct_v1_0/src -s include  "SHELL=/bin/sh" "COMPILER=aarch64-none-elf-gcc" "ARCHIVER=aarch64-none-elf-ar" "COMPILER_FLAGS=  -O2 -c" "EXTRA_COMPILER_FLAGS=-g -Wall -Wextra"
Running Make include in psu_cortexa53_0/libsrc/coresightps_dcc_v1_4/src
make -C psu_cortexa53_0/libsrc/coresightps_dcc_v1_4/src -s include  "SHELL=/bin/sh" "COMPILER=aarch64-none-elf-gcc" "ARCHIVER=aarch64-none-elf-ar" "COMPILER_FLAGS=  -O2 -c" "EXTRA_COMPILER_FLAGS=-g -Wall -Wextra"
Running Make include in psu_cortexa53_0/libsrc/usbpsu_v1_3/src
make -C psu_cortexa53_0/libsrc/usbpsu_v1_3/src -s include  "SHELL=/bin/sh" "COMPILER=aarch64-none-elf-gcc" "ARCHIVER=aarch64-none-elf-ar" "COMPILER_FLAGS=  -O2 -c" "EXTRA_COMPILER_FLAGS=-g -Wall -Wextra"
Running Make include in psu_cortexa53_0/libsrc/uartps_v3_5/src
make -C psu_cortexa53_0/libsrc/uartps_v3_5/src -s include  "SHELL=/bin/sh" "COMPILER=aarch64-none-elf-gcc" "ARCHIVER=aarch64-none-elf-ar" "COMPILER_FLAGS=  -O2 -c" "EXTRA_COMPILER_FLAGS=-g -Wall -Wextra"
Running Make libs in psu_cortexa53_0/libsrc/dpdma_v1_0/src
make -C psu_cortexa53_0/libsrc/dpdma_v1_0/src -s libs  "SHELL=/bin/sh" "COMPILER=aarch64-none-elf-gcc" "ARCHIVER=aarch64-none-elf-ar" "COMPILER_FLAGS=  -O2 -c" "EXTRA_COMPILER_FLAGS=-g -Wall -Wextra"
Compiling dpdma
aarch64-none-elf-ar: creating ../../../lib/libxil.a
Running Make libs in psu_cortexa53_0/libsrc/ipipsu_v2_3/src
make -C psu_cortexa53_0/libsrc/ipipsu_v2_3/src -s libs  "SHELL=/bin/sh" "COMPILER=aarch64-none-elf-gcc" "ARCHIVER=aarch64-none-elf-ar" "COMPILER_FLAGS=  -O2 -c" "EXTRA_COMPILER_FLAGS=-g -Wall -Wextra"
Compiling ipipsu
Running Make libs in psu_cortexa53_0/libsrc/gpiops_v3_3/src
make -C psu_cortexa53_0/libsrc/gpiops_v3_3/src -s libs  "SHELL=/bin/sh" "COMPILER=aarch64-none-elf-gcc" "ARCHIVER=aarch64-none-elf-ar" "COMPILER_FLAGS=  -O2 -c" "EXTRA_COMPILER_FLAGS=-g -Wall -Wextra"
Compiling gpiops
Running Make libs in psu_cortexa53_0/libsrc/scugic_v3_8/src
make -C psu_cortexa53_0/libsrc/scugic_v3_8/src -s libs  "SHELL=/bin/sh" "COMPILER=aarch64-none-elf-gcc" "ARCHIVER=aarch64-none-elf-ar" "COMPILER_FLAGS=  -O2 -c" "EXTRA_COMPILER_FLAGS=-g -Wall -Wextra"
Compiling scugic
Running Make libs in psu_cortexa53_0/libsrc/qspipsu_v1_6/src
make -C psu_cortexa53_0/libsrc/qspipsu_v1_6/src -s libs  "SHELL=/bin/sh" "COMPILER=aarch64-none-elf-gcc" "ARCHIVER=aarch64-none-elf-ar" "COMPILER_FLAGS=  -O2 -c" "EXTRA_COMPILER_FLAGS=-g -Wall -Wextra"
Compiling qspipsu
Running Make libs in psu_cortexa53_0/libsrc/sysmonpsu_v2_2/src
make -C psu_cortexa53_0/libsrc/sysmonpsu_v2_2/src -s libs  "SHELL=/bin/sh" "COMPILER=aarch64-none-elf-gcc" "ARCHIVER=aarch64-none-elf-ar" "COMPILER_FLAGS=  -O2 -c" "EXTRA_COMPILER_FLAGS=-g -Wall -Wextra"
Compiling sysmonpsu
Running Make libs in psu_cortexa53_0/libsrc/video_common_v4_2/src
make -C psu_cortexa53_0/libsrc/video_common_v4_2/src -s libs  "SHELL=/bin/sh" "COMPILER=aarch64-none-elf-gcc" "ARCHIVER=aarch64-none-elf-ar" "COMPILER_FLAGS=  -O2 -c" "EXTRA_COMPILER_FLAGS=-g -Wall -Wextra"
Compiling video_common
Running Make libs in psu_cortexa53_0/libsrc/standalone_v6_5/src
make -C psu_cortexa53_0/libsrc/standalone_v6_5/src -s libs  "SHELL=/bin/sh" "COMPILER=aarch64-none-elf-gcc" "ARCHIVER=aarch64-none-elf-ar" "COMPILER_FLAGS=  -O2 -c" "EXTRA_COMPILER_FLAGS=-g -Wall -Wextra"
Compiling standalone A53
Running Make libs in psu_cortexa53_0/libsrc/canps_v3_2/src
make -C psu_cortexa53_0/libsrc/canps_v3_2/src -s libs  "SHELL=/bin/sh" "COMPILER=aarch64-none-elf-gcc" "ARCHIVER=aarch64-none-elf-ar" "COMPILER_FLAGS=  -O2 -c" "EXTRA_COMPILER_FLAGS=-g -Wall -Wextra"
Compiling canps
Running Make libs in psu_cortexa53_0/libsrc/dppsu_v1_1/src
make -C psu_cortexa53_0/libsrc/dppsu_v1_1/src -s libs  "SHELL=/bin/sh" "COMPILER=aarch64-none-elf-gcc" "ARCHIVER=aarch64-none-elf-ar" "COMPILER_FLAGS=  -O2 -c" "EXTRA_COMPILER_FLAGS=-g -Wall -Wextra"
Compiling dppsu
Running Make libs in psu_cortexa53_0/libsrc/zdma_v1_4/src
make -C psu_cortexa53_0/libsrc/zdma_v1_4/src -s libs  "SHELL=/bin/sh" "COMPILER=aarch64-none-elf-gcc" "ARCHIVER=aarch64-none-elf-ar" "COMPILER_FLAGS=  -O2 -c" "EXTRA_COMPILER_FLAGS=-g -Wall -Wextra"
Compiling zdma
Running Make libs in psu_cortexa53_0/libsrc/decode_start_f2r_vectorPh_s2e_forBody96Preheader_v1_0/src
make -C psu_cortexa53_0/libsrc/decode_start_f2r_vectorPh_s2e_forBody96Preheader_v1_0/src -s libs  "SHELL=/bin/sh" "COMPILER=aarch64-none-elf-gcc" "ARCHIVER=aarch64-none-elf-ar" "COMPILER_FLAGS=  -O2 -c" "EXTRA_COMPILER_FLAGS=-g -Wall -Wextra"
Compiling decode_start_f2r_vectorPh_s2e_forBody96Preheader
Running Make libs in psu_cortexa53_0/libsrc/ttcps_v3_5/src
make -C psu_cortexa53_0/libsrc/ttcps_v3_5/src -s libs  "SHELL=/bin/sh" "COMPILER=aarch64-none-elf-gcc" "ARCHIVER=aarch64-none-elf-ar" "COMPILER_FLAGS=  -O2 -c" "EXTRA_COMPILER_FLAGS=-g -Wall -Wextra"
Compiling ttcps
Running Make libs in psu_cortexa53_0/libsrc/wdtps_v3_0/src
make -C psu_cortexa53_0/libsrc/wdtps_v3_0/src -s libs  "SHELL=/bin/sh" "COMPILER=aarch64-none-elf-gcc" "ARCHIVER=aarch64-none-elf-ar" "COMPILER_FLAGS=  -O2 -c" "EXTRA_COMPILER_FLAGS=-g -Wall -Wextra"
Compiling wdtps
Running Make libs in psu_cortexa53_0/libsrc/rtcpsu_v1_5/src
make -C psu_cortexa53_0/libsrc/rtcpsu_v1_5/src -s libs  "SHELL=/bin/sh" "COMPILER=aarch64-none-elf-gcc" "ARCHIVER=aarch64-none-elf-ar" "COMPILER_FLAGS=  -O2 -c" "EXTRA_COMPILER_FLAGS=-g -Wall -Wextra"
Compiling rtcpsu
Running Make libs in psu_cortexa53_0/libsrc/avbuf_v2_0/src
make -C psu_cortexa53_0/libsrc/avbuf_v2_0/src -s libs  "SHELL=/bin/sh" "COMPILER=aarch64-none-elf-gcc" "ARCHIVER=aarch64-none-elf-ar" "COMPILER_FLAGS=  -O2 -c" "EXTRA_COMPILER_FLAGS=-g -Wall -Wextra"
Compiling avbuf
Running Make libs in psu_cortexa53_0/libsrc/ddrcpsu_v1_1/src
make -C psu_cortexa53_0/libsrc/ddrcpsu_v1_1/src -s libs  "SHELL=/bin/sh" "COMPILER=aarch64-none-elf-gcc" "ARCHIVER=aarch64-none-elf-ar" "COMPILER_FLAGS=  -O2 -c" "EXTRA_COMPILER_FLAGS=-g -Wall -Wextra"
Compiling ddrcpsu
Running Make libs in psu_cortexa53_0/libsrc/csudma_v1_1/src
make -C psu_cortexa53_0/libsrc/csudma_v1_1/src -s libs  "SHELL=/bin/sh" "COMPILER=aarch64-none-elf-gcc" "ARCHIVER=aarch64-none-elf-ar" "COMPILER_FLAGS=  -O2 -c" "EXTRA_COMPILER_FLAGS=-g -Wall -Wextra"
Compiling csudma
Running Make libs in psu_cortexa53_0/libsrc/iicps_v3_5/src
make -C psu_cortexa53_0/libsrc/iicps_v3_5/src -s libs  "SHELL=/bin/sh" "COMPILER=aarch64-none-elf-gcc" "ARCHIVER=aarch64-none-elf-ar" "COMPILER_FLAGS=  -O2 -c" "EXTRA_COMPILER_FLAGS=-g -Wall -Wextra"
Compiling iicps
Running Make libs in psu_cortexa53_0/libsrc/cpu_cortexa53_v1_5/src
make -C psu_cortexa53_0/libsrc/cpu_cortexa53_v1_5/src -s libs  "SHELL=/bin/sh" "COMPILER=aarch64-none-elf-gcc" "ARCHIVER=aarch64-none-elf-ar" "COMPILER_FLAGS=  -O2 -c" "EXTRA_COMPILER_FLAGS=-g -Wall -Wextra"
Compiling cpu_cortexa53
Running Make libs in psu_cortexa53_0/libsrc/sdps_v3_3/src
make -C psu_cortexa53_0/libsrc/sdps_v3_3/src -s libs  "SHELL=/bin/sh" "COMPILER=aarch64-none-elf-gcc" "ARCHIVER=aarch64-none-elf-ar" "COMPILER_FLAGS=  -O2 -c" "EXTRA_COMPILER_FLAGS=-g -Wall -Wextra"
Compiling sdps
Running Make libs in psu_cortexa53_0/libsrc/emacps_v3_6/src
make -C psu_cortexa53_0/libsrc/emacps_v3_6/src -s libs  "SHELL=/bin/sh" "COMPILER=aarch64-none-elf-gcc" "ARCHIVER=aarch64-none-elf-ar" "COMPILER_FLAGS=  -O2 -c" "EXTRA_COMPILER_FLAGS=-g -Wall -Wextra"
Compiling emacps
Running Make libs in psu_cortexa53_0/libsrc/axipmon_v6_6/src
make -C psu_cortexa53_0/libsrc/axipmon_v6_6/src -s libs  "SHELL=/bin/sh" "COMPILER=aarch64-none-elf-gcc" "ARCHIVER=aarch64-none-elf-ar" "COMPILER_FLAGS=  -O2 -c" "EXTRA_COMPILER_FLAGS=-g -Wall -Wextra"
Compiling axipmon
Running Make libs in psu_cortexa53_0/libsrc/ChenIDct_v1_0/src
make -C psu_cortexa53_0/libsrc/ChenIDct_v1_0/src -s libs  "SHELL=/bin/sh" "COMPILER=aarch64-none-elf-gcc" "ARCHIVER=aarch64-none-elf-ar" "COMPILER_FLAGS=  -O2 -c" "EXTRA_COMPILER_FLAGS=-g -Wall -Wextra"
Compiling ChenIDct
Running Make libs in psu_cortexa53_0/libsrc/coresightps_dcc_v1_4/src
make -C psu_cortexa53_0/libsrc/coresightps_dcc_v1_4/src -s libs  "SHELL=/bin/sh" "COMPILER=aarch64-none-elf-gcc" "ARCHIVER=aarch64-none-elf-ar" "COMPILER_FLAGS=  -O2 -c" "EXTRA_COMPILER_FLAGS=-g -Wall -Wextra"
Compiling coresightps_dcc
Running Make libs in psu_cortexa53_0/libsrc/usbpsu_v1_3/src
make -C psu_cortexa53_0/libsrc/usbpsu_v1_3/src -s libs  "SHELL=/bin/sh" "COMPILER=aarch64-none-elf-gcc" "ARCHIVER=aarch64-none-elf-ar" "COMPILER_FLAGS=  -O2 -c" "EXTRA_COMPILER_FLAGS=-g -Wall -Wextra"
Compiling usbpsu
Running Make libs in psu_cortexa53_0/libsrc/uartps_v3_5/src
make -C psu_cortexa53_0/libsrc/uartps_v3_5/src -s libs  "SHELL=/bin/sh" "COMPILER=aarch64-none-elf-gcc" "ARCHIVER=aarch64-none-elf-ar" "COMPILER_FLAGS=  -O2 -c" "EXTRA_COMPILER_FLAGS=-g -Wall -Wextra"
Compiling uartps
Finished building libraries

**** Build of configuration Debug for project jpeg-rs ****

Nothing to build for project jpeg-rs
16:08:46 **** Auto Build of configuration Debug for project jpeg-rs ****
make all 
Building file: ../src/chenidct.c
Invoking: ARM v8 gcc compiler
aarch64-none-elf-gcc -Wall -O0 -g3 -c -fmessage-length=0 -MT"src/chenidct.o" -I../../jpeg-rs_bsp/psu_cortexa53_0/include -MMD -MP -MF"src/chenidct.d" -MT"src/chenidct.o" -o "src/chenidct.o" "../src/chenidct.c"
../src/chenidct.c:54:22: fatal error: chenidct.h: No such file or directory
 #include "chenidct.h"
                      ^
compilation terminated.
make: *** [src/chenidct.o] Error 1
16:09:15 **** Auto Build of configuration Debug for project jpeg-rs ****
make all 
Building file: ../src/chenidct.c
Invoking: ARM v8 gcc compiler
aarch64-none-elf-gcc -Wall -O0 -g3 -c -fmessage-length=0 -MT"src/chenidct.o" -I../../jpeg-rs_bsp/psu_cortexa53_0/include -MMD -MP -MF"src/chenidct.d" -MT"src/chenidct.o" -o "src/chenidct.o" "../src/chenidct.c"
../src/chenidct.c:54:22: fatal error: chenidct.h: No such file or directory
 #include "chenidct.h"
                      ^
compilation terminated.
make: *** [src/chenidct.o] Error 1
16:10:04 **** Auto Build of configuration Debug for project jpeg-rs ****
make all 
Building file: ../src/chenidct.c
Invoking: ARM v8 gcc compiler
aarch64-none-elf-gcc -Wall -O0 -g3 -c -fmessage-length=0 -MT"src/chenidct.o" -I../../jpeg-rs_bsp/psu_cortexa53_0/include -MMD -MP -MF"src/chenidct.d" -MT"src/chenidct.o" -o "src/chenidct.o" "../src/chenidct.c"
../src/chenidct.c: In function 'ChenIDct_f2r_vectorBody_s2e_forEnd212':
../src/chenidct.c:61:0: warning: ignoring #pragma HLS INTERFACE [-Wunknown-pragmas]
 #pragma HLS INTERFACE m_axi depth=64 port=y offset=slave bundle=BUS_SRC_DST
 
../src/chenidct.c:62:0: warning: ignoring #pragma HLS INTERFACE [-Wunknown-pragmas]
 #pragma HLS INTERFACE s_axilite port=return bundle=BUS_CTRL
 
../src/chenidct.c:68:0: warning: ignoring #pragma HLS ARRAY_PARTITION [-Wunknown-pragmas]
   #pragma HLS ARRAY_PARTITION variable=inp1_buf cyclic factor=16 dim=1
 
../src/chenidct.c:69:0: warning: ignoring #pragma HLS ARRAY_PARTITION [-Wunknown-pragmas]
   #pragma HLS ARRAY_PARTITION variable=out1_buf cyclic factor=16 dim=1
 
../src/chenidct.c:82:9: warning: implicit declaration of function 'memcpy' [-Wimplicit-function-declaration]
         memcpy(inp1_buf, y + offset, CHUNK_SIZE * sizeof(int));
         ^~~~~~
../src/chenidct.c:82:9: warning: incompatible implicit declaration of built-in function 'memcpy'
../src/chenidct.c:82:9: note: include '<string.h>' or provide a declaration of 'memcpy'
../src/chenidct.c:88:0: warning: ignoring #pragma HLS UNROLL [-Wunknown-pragmas]
     #pragma HLS UNROLL skip_exit_check factor=16
 
../src/chenidct.c: In function 'ChenIDct':
../src/chenidct.c:114:0: warning: ignoring #pragma HLS INTERFACE [-Wunknown-pragmas]
 #pragma HLS INTERFACE m_axi depth=64 port=x offset=slave bundle=BUS_SRC_DST
 
../src/chenidct.c:115:0: warning: ignoring #pragma HLS INTERFACE [-Wunknown-pragmas]
 #pragma HLS INTERFACE m_axi depth=64 port=y offset=slave bundle=BUS_SRC_DST
 
../src/chenidct.c:116:0: warning: ignoring #pragma HLS INTERFACE [-Wunknown-pragmas]
 #pragma HLS INTERFACE s_axilite port=return bundle=BUS_CTRL
 
../src/chenidct.c:273:0: warning: ignoring #pragma HLS ARRAY_PARTITION [-Wunknown-pragmas]
   #pragma HLS ARRAY_PARTITION variable=inp1_buf cyclic factor=16 dim=1
 
../src/chenidct.c:274:0: warning: ignoring #pragma HLS ARRAY_PARTITION [-Wunknown-pragmas]
   #pragma HLS ARRAY_PARTITION variable=out1_buf cyclic factor=16 dim=1
 
../src/chenidct.c:287:9: warning: incompatible implicit declaration of built-in function 'memcpy'
         memcpy(inp1_buf, y + offset, CHUNK_SIZE * sizeof(int));
         ^~~~~~
../src/chenidct.c:287:9: note: include '<string.h>' or provide a declaration of 'memcpy'
../src/chenidct.c:293:0: warning: ignoring #pragma HLS UNROLL [-Wunknown-pragmas]
     #pragma HLS UNROLL skip_exit_check factor=16
 
Finished building: ../src/chenidct.c
 
Building file: ../src/decode.c
Invoking: ARM v8 gcc compiler
aarch64-none-elf-gcc -Wall -O0 -g3 -c -fmessage-length=0 -MT"src/decode.o" -I../../jpeg-rs_bsp/psu_cortexa53_0/include -MMD -MP -MF"src/decode.d" -MT"src/decode.o" -o "src/decode.o" "../src/decode.c"
../src/decode.c: In function 'IZigzagMatrix_f2r_forBody_s2e_forEnd':
../src/decode.c:87:0: warning: ignoring #pragma HLS INTERFACE [-Wunknown-pragmas]
 #pragma HLS INTERFACE m_axi depth=64 port=imatrix offset=slave bundle=BUS_SRC
 
../src/decode.c:88:0: warning: ignoring #pragma HLS INTERFACE [-Wunknown-pragmas]
 #pragma HLS INTERFACE m_axi depth=64 port=omatrix offset=slave bundle=BUS_DST
 
../src/decode.c:89:0: warning: ignoring #pragma HLS INTERFACE [-Wunknown-pragmas]
 #pragma HLS INTERFACE s_axilite port=return bundle=BUS_CTRL
 
../src/decode.c:107:0: warning: ignoring #pragma HLS DATAFLOW [-Wunknown-pragmas]
   #pragma HLS DATAFLOW
 
../src/decode.c:111:0: warning: ignoring #pragma HLS UNROLL [-Wunknown-pragmas]
     #pragma HLS UNROLL skip_exit_check factor=16
 
../src/decode.c:118:0: warning: ignoring #pragma HLS UNROLL [-Wunknown-pragmas]
     #pragma HLS UNROLL skip_exit_check factor=16
 
../src/decode.c:123:0: warning: ignoring #pragma HLS UNROLL [-Wunknown-pragmas]
     #pragma HLS UNROLL skip_exit_check factor=16
 
../src/decode.c:124:16: warning: unused variable 'offset' [-Wunused-variable]
       unsigned offset = i*CHUNK_SIZE+l;
                ^~~~~~
../src/decode.c: In function 'YuvToRgb_f2r_entry_s2e_forEnd':
../src/decode.c:342:0: warning: ignoring #pragma HLS INTERFACE [-Wunknown-pragmas]
   #pragma HLS INTERFACE m_axi depth=64 port=y_buf offset=slave bundle=BUS_SRC
 
../src/decode.c:343:0: warning: ignoring #pragma HLS INTERFACE [-Wunknown-pragmas]
   #pragma HLS INTERFACE m_axi depth=64 port=u_buf offset=slave bundle=BUS_SRC
 
../src/decode.c:344:0: warning: ignoring #pragma HLS INTERFACE [-Wunknown-pragmas]
   #pragma HLS INTERFACE m_axi depth=64 port=v_buf offset=slave bundle=BUS_SRC
 
../src/decode.c:345:0: warning: ignoring #pragma HLS INTERFACE [-Wunknown-pragmas]
   #pragma HLS INTERFACE m_axi depth=768 port=rgb_buf offset=slave bundle=BUS_DST
 
../src/decode.c:346:0: warning: ignoring #pragma HLS INTERFACE [-Wunknown-pragmas]
   #pragma HLS INTERFACE s_axilite port=p bundle=CTRL_BUS
 
../src/decode.c:347:0: warning: ignoring #pragma HLS INTERFACE [-Wunknown-pragmas]
   #pragma HLS INTERFACE s_axilite port=return bundle=BUS_CTRL
 
../src/decode.c:356:0: warning: ignoring #pragma HLS ARRAY_PARTITION [-Wunknown-pragmas]
 #pragma HLS ARRAY_PARTITION variable=inp1_buf cyclic factor=16 dim=1
 
../src/decode.c:357:0: warning: ignoring #pragma HLS ARRAY_PARTITION [-Wunknown-pragmas]
 #pragma HLS ARRAY_PARTITION variable=inp2_buf cyclic factor=16 dim=1
 
../src/decode.c:358:0: warning: ignoring #pragma HLS ARRAY_PARTITION [-Wunknown-pragmas]
 #pragma HLS ARRAY_PARTITION variable=inp3_buf cyclic factor=16 dim=1
 
../src/decode.c:359:0: warning: ignoring #pragma HLS ARRAY_PARTITION [-Wunknown-pragmas]
 #pragma HLS ARRAY_PARTITION variable=out1_buf cyclic factor=16 dim=1
 
../src/decode.c:360:0: warning: ignoring #pragma HLS ARRAY_PARTITION [-Wunknown-pragmas]
 #pragma HLS ARRAY_PARTITION variable=out2_buf cyclic factor=16 dim=1
 
../src/decode.c:361:0: warning: ignoring #pragma HLS ARRAY_PARTITION [-Wunknown-pragmas]
 #pragma HLS ARRAY_PARTITION variable=out3_buf cyclic factor=16 dim=1
 
../src/decode.c:380:9: warning: implicit declaration of function 'memcpy' [-Wimplicit-function-declaration]
         memcpy(inp1_buf, y_buf + offset, CHUNK_SIZE  * sizeof(int));
         ^~~~~~
../src/decode.c:380:9: warning: incompatible implicit declaration of built-in function 'memcpy'
../src/decode.c:380:9: note: include '<string.h>' or provide a declaration of 'memcpy'
../src/decode.c:387:0: warning: ignoring #pragma HLS UNROLL [-Wunknown-pragmas]
       #pragma HLS UNROLL skip_exit_check factor=16
 
../src/decode.c: In function 'decode_start_f2r_vectorPh_s2e_forBody96Preheader':
../src/decode.c:433:0: warning: ignoring #pragma HLS INTERFACE [-Wunknown-pragmas]
 #pragma HLS INTERFACE m_axi depth=384 port=y_buf offset=slave bundle=BUS_SRC
 
../src/decode.c:434:0: warning: ignoring #pragma HLS INTERFACE [-Wunknown-pragmas]
 #pragma HLS INTERFACE m_axi depth=64 port=u_buf offset=slave bundle=BUS_SRC
 
../src/decode.c:435:0: warning: ignoring #pragma HLS INTERFACE [-Wunknown-pragmas]
 #pragma HLS INTERFACE m_axi depth=64 port=v_buf offset=slave bundle=BUS_SRC
 
../src/decode.c:436:0: warning: ignoring #pragma HLS INTERFACE [-Wunknown-pragmas]
 #pragma HLS INTERFACE m_axi depth=768 port=rgb_buf offset=slave bundle=BUS_DST
 
../src/decode.c:437:0: warning: ignoring #pragma HLS INTERFACE [-Wunknown-pragmas]
 #pragma HLS INTERFACE s_axilite port=return bundle=BUS_CTRL
 
../src/decode.c:451:0: warning: ignoring #pragma HLS ARRAY_PARTITION [-Wunknown-pragmas]
     #pragma HLS ARRAY_PARTITION variable=inp1_buf cyclic factor=16 dim=1
 
../src/decode.c:452:0: warning: ignoring #pragma HLS ARRAY_PARTITION [-Wunknown-pragmas]
     #pragma HLS ARRAY_PARTITION variable=inp2_buf cyclic factor=16 dim=1
 
../src/decode.c:453:0: warning: ignoring #pragma HLS ARRAY_PARTITION [-Wunknown-pragmas]
     #pragma HLS ARRAY_PARTITION variable=inp3_buf cyclic factor=16 dim=1
 
../src/decode.c:454:0: warning: ignoring #pragma HLS ARRAY_PARTITION [-Wunknown-pragmas]
     #pragma HLS ARRAY_PARTITION variable=out1_buf cyclic factor=16 dim=1
 
../src/decode.c:455:0: warning: ignoring #pragma HLS ARRAY_PARTITION [-Wunknown-pragmas]
     #pragma HLS ARRAY_PARTITION variable=out2_buf cyclic factor=16 dim=1
 
../src/decode.c:456:0: warning: ignoring #pragma HLS ARRAY_PARTITION [-Wunknown-pragmas]
     #pragma HLS ARRAY_PARTITION variable=out3_buf cyclic factor=16 dim=1
 
../src/decode.c:476:9: warning: incompatible implicit declaration of built-in function 'memcpy'
         memcpy(inp1_buf, y_buf[p] + offset, CHUNK_SIZE * sizeof(int));
         ^~~~~~
../src/decode.c:476:9: note: include '<string.h>' or provide a declaration of 'memcpy'
../src/decode.c:483:0: warning: ignoring #pragma HLS UNROLL [-Wunknown-pragmas]
           #pragma HLS UNROLL skip_exit_check factor=16
 
../src/decode.c: In function 'decode_block':
../src/decode.c:543:3: warning: label 'Reg_2' defined but not used [-Wunused-label]
   Reg_2:IZigzagMatrix_f2r_forBody_s2e_forEnd(HuffBuff, QuantBuff);
   ^~~~~
../src/decode.c: In function 'decode_start':
../src/decode.c:656:5: warning: label 'Reg_6' defined but not used [-Wunused-label]
     Reg_6:decode_start_f2r_vectorPh_s2e_forBody96Preheader(IDCTBuff, IDCTBuff[4], IDCTBuff[5], rgb_buf);
     ^~~~~
Finished building: ../src/decode.c
 
Building file: ../src/huffman.c
Invoking: ARM v8 gcc compiler
aarch64-none-elf-gcc -Wall -O0 -g3 -c -fmessage-length=0 -MT"src/huffman.o" -I../../jpeg-rs_bsp/psu_cortexa53_0/include -MMD -MP -MF"src/huffman.d" -MT"src/huffman.o" -o "src/huffman.o" "../src/huffman.c"
Finished building: ../src/huffman.c
 
Building file: ../src/init.c
Invoking: ARM v8 gcc compiler
aarch64-none-elf-gcc -Wall -O0 -g3 -c -fmessage-length=0 -MT"src/init.o" -I../../jpeg-rs_bsp/psu_cortexa53_0/include -MMD -MP -MF"src/init.d" -MT"src/init.o" -o "src/init.o" "../src/init.c"
Finished building: ../src/init.c
 
Building file: ../src/jfif_read.c
Invoking: ARM v8 gcc compiler
aarch64-none-elf-gcc -Wall -O0 -g3 -c -fmessage-length=0 -MT"src/jfif_read.o" -I../../jpeg-rs_bsp/psu_cortexa53_0/include -MMD -MP -MF"src/jfif_read.d" -MT"src/jfif_read.o" -o "src/jfif_read.o" "../src/jfif_read.c"
Finished building: ../src/jfif_read.c
 
Building file: ../src/jpeg2bmp.c
Invoking: ARM v8 gcc compiler
aarch64-none-elf-gcc -Wall -O0 -g3 -c -fmessage-length=0 -MT"src/jpeg2bmp.o" -I../../jpeg-rs_bsp/psu_cortexa53_0/include -MMD -MP -MF"src/jpeg2bmp.d" -MT"src/jpeg2bmp.o" -o "src/jpeg2bmp.o" "../src/jpeg2bmp.c"
Finished building: ../src/jpeg2bmp.c
 
Building file: ../src/main.c
Invoking: ARM v8 gcc compiler
aarch64-none-elf-gcc -Wall -O0 -g3 -c -fmessage-length=0 -MT"src/main.o" -I../../jpeg-rs_bsp/psu_cortexa53_0/include -MMD -MP -MF"src/main.d" -MT"src/main.o" -o "src/main.o" "../src/main.c"
Finished building: ../src/main.c
 
Building file: ../src/marker.c
Invoking: ARM v8 gcc compiler
aarch64-none-elf-gcc -Wall -O0 -g3 -c -fmessage-length=0 -MT"src/marker.o" -I../../jpeg-rs_bsp/psu_cortexa53_0/include -MMD -MP -MF"src/marker.d" -MT"src/marker.o" -o "src/marker.o" "../src/marker.c"
Finished building: ../src/marker.c
 
Building target: jpeg-rs.elf
Invoking: ARM v8 gcc linker
aarch64-none-elf-gcc -Wl,-T -Wl,../src/lscript.ld -L../../jpeg-rs_bsp/psu_cortexa53_0/lib -o "jpeg-rs.elf"  ./src/chenidct.o ./src/decode.o ./src/huffman.o ./src/init.o ./src/jfif_read.o ./src/jpeg2bmp.o ./src/main.o ./src/marker.o   -Wl,--start-group,-lxil,-lgcc,-lc,--end-group
Finished building target: jpeg-rs.elf
 
Invoking: ARM v8 Print Size
aarch64-none-elf-size jpeg-rs.elf  |tee "jpeg-rs.elf.size"
   text	   data	    bss	    dec	    hex	filename
 109316	   4648	  52904	 166868	  28bd4	jpeg-rs.elf
Finished building: jpeg-rs.elf.size
 
16:10:57 **** Auto Build of configuration Debug for project jpeg-rs ****
make all 
make: Nothing to be done for `all'.
16:11:17 **** Clean-only build of configuration Debug for project jpeg-rs ****
make clean 
rm -rf  ./src/chenidct.o ./src/decode.o ./src/huffman.o ./src/init.o ./src/jfif_read.o ./src/jpeg2bmp.o ./src/main.o ./src/marker.o  ./src/chenidct.d ./src/decode.d ./src/huffman.d ./src/init.d ./src/jfif_read.d ./src/jpeg2bmp.d ./src/main.d ./src/marker.d  jpeg-rs.elf.size  jpeg-rs.elf
 
16:11:17 **** Auto Build of configuration Debug for project jpeg-rs ****
make all 
Building file: ../src/chenidct.c
Invoking: ARM v8 gcc compiler
aarch64-none-elf-gcc -Wall -O0 -g3 -c -fmessage-length=0 -MT"src/chenidct.o" -I../../jpeg-rs_bsp/psu_cortexa53_0/include -MMD -MP -MF"src/chenidct.d" -MT"src/chenidct.o" -o "src/chenidct.o" "../src/chenidct.c"
../src/chenidct.c: In function 'ChenIDct_f2r_vectorBody_s2e_forEnd212':
../src/chenidct.c:61:0: warning: ignoring #pragma HLS INTERFACE [-Wunknown-pragmas]
 #pragma HLS INTERFACE m_axi depth=64 port=y offset=slave bundle=BUS_SRC_DST
 
../src/chenidct.c:62:0: warning: ignoring #pragma HLS INTERFACE [-Wunknown-pragmas]
 #pragma HLS INTERFACE s_axilite port=return bundle=BUS_CTRL
 
../src/chenidct.c:68:0: warning: ignoring #pragma HLS ARRAY_PARTITION [-Wunknown-pragmas]
   #pragma HLS ARRAY_PARTITION variable=inp1_buf cyclic factor=16 dim=1
 
../src/chenidct.c:69:0: warning: ignoring #pragma HLS ARRAY_PARTITION [-Wunknown-pragmas]
   #pragma HLS ARRAY_PARTITION variable=out1_buf cyclic factor=16 dim=1
 
../src/chenidct.c:82:9: warning: implicit declaration of function 'memcpy' [-Wimplicit-function-declaration]
         memcpy(inp1_buf, y + offset, CHUNK_SIZE * sizeof(int));
         ^~~~~~
../src/chenidct.c:82:9: warning: incompatible implicit declaration of built-in function 'memcpy'
../src/chenidct.c:82:9: note: include '<string.h>' or provide a declaration of 'memcpy'
../src/chenidct.c:88:0: warning: ignoring #pragma HLS UNROLL [-Wunknown-pragmas]
     #pragma HLS UNROLL skip_exit_check factor=16
 
../src/chenidct.c: In function 'ChenIDct':
../src/chenidct.c:114:0: warning: ignoring #pragma HLS INTERFACE [-Wunknown-pragmas]
 #pragma HLS INTERFACE m_axi depth=64 port=x offset=slave bundle=BUS_SRC_DST
 
../src/chenidct.c:115:0: warning: ignoring #pragma HLS INTERFACE [-Wunknown-pragmas]
 #pragma HLS INTERFACE m_axi depth=64 port=y offset=slave bundle=BUS_SRC_DST
 
../src/chenidct.c:116:0: warning: ignoring #pragma HLS INTERFACE [-Wunknown-pragmas]
 #pragma HLS INTERFACE s_axilite port=return bundle=BUS_CTRL
 
../src/chenidct.c:273:0: warning: ignoring #pragma HLS ARRAY_PARTITION [-Wunknown-pragmas]
   #pragma HLS ARRAY_PARTITION variable=inp1_buf cyclic factor=16 dim=1
 
../src/chenidct.c:274:0: warning: ignoring #pragma HLS ARRAY_PARTITION [-Wunknown-pragmas]
   #pragma HLS ARRAY_PARTITION variable=out1_buf cyclic factor=16 dim=1
 
../src/chenidct.c:287:9: warning: incompatible implicit declaration of built-in function 'memcpy'
         memcpy(inp1_buf, y + offset, CHUNK_SIZE * sizeof(int));
         ^~~~~~
../src/chenidct.c:287:9: note: include '<string.h>' or provide a declaration of 'memcpy'
../src/chenidct.c:293:0: warning: ignoring #pragma HLS UNROLL [-Wunknown-pragmas]
     #pragma HLS UNROLL skip_exit_check factor=16
 
Finished building: ../src/chenidct.c
 
Building file: ../src/decode.c
Invoking: ARM v8 gcc compiler
aarch64-none-elf-gcc -Wall -O0 -g3 -c -fmessage-length=0 -MT"src/decode.o" -I../../jpeg-rs_bsp/psu_cortexa53_0/include -MMD -MP -MF"src/decode.d" -MT"src/decode.o" -o "src/decode.o" "../src/decode.c"
../src/decode.c: In function 'IZigzagMatrix_f2r_forBody_s2e_forEnd':
../src/decode.c:87:0: warning: ignoring #pragma HLS INTERFACE [-Wunknown-pragmas]
 #pragma HLS INTERFACE m_axi depth=64 port=imatrix offset=slave bundle=BUS_SRC
 
../src/decode.c:88:0: warning: ignoring #pragma HLS INTERFACE [-Wunknown-pragmas]
 #pragma HLS INTERFACE m_axi depth=64 port=omatrix offset=slave bundle=BUS_DST
 
../src/decode.c:89:0: warning: ignoring #pragma HLS INTERFACE [-Wunknown-pragmas]
 #pragma HLS INTERFACE s_axilite port=return bundle=BUS_CTRL
 
../src/decode.c:107:0: warning: ignoring #pragma HLS DATAFLOW [-Wunknown-pragmas]
   #pragma HLS DATAFLOW
 
../src/decode.c:111:0: warning: ignoring #pragma HLS UNROLL [-Wunknown-pragmas]
     #pragma HLS UNROLL skip_exit_check factor=16
 
../src/decode.c:118:0: warning: ignoring #pragma HLS UNROLL [-Wunknown-pragmas]
     #pragma HLS UNROLL skip_exit_check factor=16
 
../src/decode.c:123:0: warning: ignoring #pragma HLS UNROLL [-Wunknown-pragmas]
     #pragma HLS UNROLL skip_exit_check factor=16
 
../src/decode.c:124:16: warning: unused variable 'offset' [-Wunused-variable]
       unsigned offset = i*CHUNK_SIZE+l;
                ^~~~~~
../src/decode.c: In function 'YuvToRgb_f2r_entry_s2e_forEnd':
../src/decode.c:342:0: warning: ignoring #pragma HLS INTERFACE [-Wunknown-pragmas]
   #pragma HLS INTERFACE m_axi depth=64 port=y_buf offset=slave bundle=BUS_SRC
 
../src/decode.c:343:0: warning: ignoring #pragma HLS INTERFACE [-Wunknown-pragmas]
   #pragma HLS INTERFACE m_axi depth=64 port=u_buf offset=slave bundle=BUS_SRC
 
../src/decode.c:344:0: warning: ignoring #pragma HLS INTERFACE [-Wunknown-pragmas]
   #pragma HLS INTERFACE m_axi depth=64 port=v_buf offset=slave bundle=BUS_SRC
 
../src/decode.c:345:0: warning: ignoring #pragma HLS INTERFACE [-Wunknown-pragmas]
   #pragma HLS INTERFACE m_axi depth=768 port=rgb_buf offset=slave bundle=BUS_DST
 
../src/decode.c:346:0: warning: ignoring #pragma HLS INTERFACE [-Wunknown-pragmas]
   #pragma HLS INTERFACE s_axilite port=p bundle=CTRL_BUS
 
../src/decode.c:347:0: warning: ignoring #pragma HLS INTERFACE [-Wunknown-pragmas]
   #pragma HLS INTERFACE s_axilite port=return bundle=BUS_CTRL
 
../src/decode.c:356:0: warning: ignoring #pragma HLS ARRAY_PARTITION [-Wunknown-pragmas]
 #pragma HLS ARRAY_PARTITION variable=inp1_buf cyclic factor=16 dim=1
 
../src/decode.c:357:0: warning: ignoring #pragma HLS ARRAY_PARTITION [-Wunknown-pragmas]
 #pragma HLS ARRAY_PARTITION variable=inp2_buf cyclic factor=16 dim=1
 
../src/decode.c:358:0: warning: ignoring #pragma HLS ARRAY_PARTITION [-Wunknown-pragmas]
 #pragma HLS ARRAY_PARTITION variable=inp3_buf cyclic factor=16 dim=1
 
../src/decode.c:359:0: warning: ignoring #pragma HLS ARRAY_PARTITION [-Wunknown-pragmas]
 #pragma HLS ARRAY_PARTITION variable=out1_buf cyclic factor=16 dim=1
 
../src/decode.c:360:0: warning: ignoring #pragma HLS ARRAY_PARTITION [-Wunknown-pragmas]
 #pragma HLS ARRAY_PARTITION variable=out2_buf cyclic factor=16 dim=1
 
../src/decode.c:361:0: warning: ignoring #pragma HLS ARRAY_PARTITION [-Wunknown-pragmas]
 #pragma HLS ARRAY_PARTITION variable=out3_buf cyclic factor=16 dim=1
 
../src/decode.c:380:9: warning: implicit declaration of function 'memcpy' [-Wimplicit-function-declaration]
         memcpy(inp1_buf, y_buf + offset, CHUNK_SIZE  * sizeof(int));
         ^~~~~~
../src/decode.c:380:9: warning: incompatible implicit declaration of built-in function 'memcpy'
../src/decode.c:380:9: note: include '<string.h>' or provide a declaration of 'memcpy'
../src/decode.c:387:0: warning: ignoring #pragma HLS UNROLL [-Wunknown-pragmas]
       #pragma HLS UNROLL skip_exit_check factor=16
 
../src/decode.c: In function 'decode_start_f2r_vectorPh_s2e_forBody96Preheader':
../src/decode.c:433:0: warning: ignoring #pragma HLS INTERFACE [-Wunknown-pragmas]
 #pragma HLS INTERFACE m_axi depth=384 port=y_buf offset=slave bundle=BUS_SRC
 
../src/decode.c:434:0: warning: ignoring #pragma HLS INTERFACE [-Wunknown-pragmas]
 #pragma HLS INTERFACE m_axi depth=64 port=u_buf offset=slave bundle=BUS_SRC
 
../src/decode.c:435:0: warning: ignoring #pragma HLS INTERFACE [-Wunknown-pragmas]
 #pragma HLS INTERFACE m_axi depth=64 port=v_buf offset=slave bundle=BUS_SRC
 
../src/decode.c:436:0: warning: ignoring #pragma HLS INTERFACE [-Wunknown-pragmas]
 #pragma HLS INTERFACE m_axi depth=768 port=rgb_buf offset=slave bundle=BUS_DST
 
../src/decode.c:437:0: warning: ignoring #pragma HLS INTERFACE [-Wunknown-pragmas]
 #pragma HLS INTERFACE s_axilite port=return bundle=BUS_CTRL
 
../src/decode.c:451:0: warning: ignoring #pragma HLS ARRAY_PARTITION [-Wunknown-pragmas]
     #pragma HLS ARRAY_PARTITION variable=inp1_buf cyclic factor=16 dim=1
 
../src/decode.c:452:0: warning: ignoring #pragma HLS ARRAY_PARTITION [-Wunknown-pragmas]
     #pragma HLS ARRAY_PARTITION variable=inp2_buf cyclic factor=16 dim=1
 
../src/decode.c:453:0: warning: ignoring #pragma HLS ARRAY_PARTITION [-Wunknown-pragmas]
     #pragma HLS ARRAY_PARTITION variable=inp3_buf cyclic factor=16 dim=1
 
../src/decode.c:454:0: warning: ignoring #pragma HLS ARRAY_PARTITION [-Wunknown-pragmas]
     #pragma HLS ARRAY_PARTITION variable=out1_buf cyclic factor=16 dim=1
 
../src/decode.c:455:0: warning: ignoring #pragma HLS ARRAY_PARTITION [-Wunknown-pragmas]
     #pragma HLS ARRAY_PARTITION variable=out2_buf cyclic factor=16 dim=1
 
../src/decode.c:456:0: warning: ignoring #pragma HLS ARRAY_PARTITION [-Wunknown-pragmas]
     #pragma HLS ARRAY_PARTITION variable=out3_buf cyclic factor=16 dim=1
 
../src/decode.c:476:9: warning: incompatible implicit declaration of built-in function 'memcpy'
         memcpy(inp1_buf, y_buf[p] + offset, CHUNK_SIZE * sizeof(int));
         ^~~~~~
../src/decode.c:476:9: note: include '<string.h>' or provide a declaration of 'memcpy'
../src/decode.c:483:0: warning: ignoring #pragma HLS UNROLL [-Wunknown-pragmas]
           #pragma HLS UNROLL skip_exit_check factor=16
 
../src/decode.c: In function 'decode_block':
../src/decode.c:543:3: warning: label 'Reg_2' defined but not used [-Wunused-label]
   Reg_2:IZigzagMatrix_f2r_forBody_s2e_forEnd(HuffBuff, QuantBuff);
   ^~~~~
../src/decode.c: In function 'decode_start':
../src/decode.c:656:5: warning: label 'Reg_6' defined but not used [-Wunused-label]
     Reg_6:decode_start_f2r_vectorPh_s2e_forBody96Preheader(IDCTBuff, IDCTBuff[4], IDCTBuff[5], rgb_buf);
     ^~~~~
Finished building: ../src/decode.c
 
Building file: ../src/huffman.c
Invoking: ARM v8 gcc compiler
aarch64-none-elf-gcc -Wall -O0 -g3 -c -fmessage-length=0 -MT"src/huffman.o" -I../../jpeg-rs_bsp/psu_cortexa53_0/include -MMD -MP -MF"src/huffman.d" -MT"src/huffman.o" -o "src/huffman.o" "../src/huffman.c"
Finished building: ../src/huffman.c
 
Building file: ../src/init.c
Invoking: ARM v8 gcc compiler
aarch64-none-elf-gcc -Wall -O0 -g3 -c -fmessage-length=0 -MT"src/init.o" -I../../jpeg-rs_bsp/psu_cortexa53_0/include -MMD -MP -MF"src/init.d" -MT"src/init.o" -o "src/init.o" "../src/init.c"
Finished building: ../src/init.c
 
Building file: ../src/jfif_read.c
Invoking: ARM v8 gcc compiler
aarch64-none-elf-gcc -Wall -O0 -g3 -c -fmessage-length=0 -MT"src/jfif_read.o" -I../../jpeg-rs_bsp/psu_cortexa53_0/include -MMD -MP -MF"src/jfif_read.d" -MT"src/jfif_read.o" -o "src/jfif_read.o" "../src/jfif_read.c"
Finished building: ../src/jfif_read.c
 
Building file: ../src/jpeg2bmp.c
Invoking: ARM v8 gcc compiler
aarch64-none-elf-gcc -Wall -O0 -g3 -c -fmessage-length=0 -MT"src/jpeg2bmp.o" -I../../jpeg-rs_bsp/psu_cortexa53_0/include -MMD -MP -MF"src/jpeg2bmp.d" -MT"src/jpeg2bmp.o" -o "src/jpeg2bmp.o" "../src/jpeg2bmp.c"
Finished building: ../src/jpeg2bmp.c
 
Building file: ../src/main.c
Invoking: ARM v8 gcc compiler
aarch64-none-elf-gcc -Wall -O0 -g3 -c -fmessage-length=0 -MT"src/main.o" -I../../jpeg-rs_bsp/psu_cortexa53_0/include -MMD -MP -MF"src/main.d" -MT"src/main.o" -o "src/main.o" "../src/main.c"
Finished building: ../src/main.c
 
Building file: ../src/marker.c
Invoking: ARM v8 gcc compiler
aarch64-none-elf-gcc -Wall -O0 -g3 -c -fmessage-length=0 -MT"src/marker.o" -I../../jpeg-rs_bsp/psu_cortexa53_0/include -MMD -MP -MF"src/marker.d" -MT"src/marker.o" -o "src/marker.o" "../src/marker.c"
Finished building: ../src/marker.c
 
Building target: jpeg-rs.elf
Invoking: ARM v8 gcc linker
aarch64-none-elf-gcc -Wl,-T -Wl,../src/lscript.ld -L../../jpeg-rs_bsp/psu_cortexa53_0/lib -o "jpeg-rs.elf"  ./src/chenidct.o ./src/decode.o ./src/huffman.o ./src/init.o ./src/jfif_read.o ./src/jpeg2bmp.o ./src/main.o ./src/marker.o   -Wl,--start-group,-lxil,-lgcc,-lc,--end-group
Finished building target: jpeg-rs.elf
 
Invoking: ARM v8 Print Size
aarch64-none-elf-size jpeg-rs.elf  |tee "jpeg-rs.elf.size"
   text	   data	    bss	    dec	    hex	filename
 109316	   4648	  52904	 166868	  28bd4	jpeg-rs.elf
Finished building: jpeg-rs.elf.size
 
16:11:34 **** Auto Build of configuration Debug for project jpeg-rs ****
make all 
make: Nothing to be done for `all'.
16:11:41 **** Auto Build of configuration Debug for project jpeg-rs ****
make all 
make: Nothing to be done for `all'.
16:11:51 **** Auto Build of configuration Debug for project jpeg-rs ****
make all 
make: Nothing to be done for `all'.
16:18:14 **** Auto Build of configuration Debug for project jpeg-rs ****
make all 
Building file: ../src/decode.c
Invoking: ARM v8 gcc compiler
aarch64-none-elf-gcc -Wall -O0 -g3 -c -fmessage-length=0 -MT"src/decode.o" -I../../jpeg-rs_bsp/psu_cortexa53_0/include -MMD -MP -MF"src/decode.d" -MT"src/decode.o" -o "src/decode.o" "../src/decode.c"
../src/decode.c: In function 'IZigzagMatrix_f2r_forBody_s2e_forEnd':
../src/decode.c:88:0: warning: ignoring #pragma HLS INTERFACE [-Wunknown-pragmas]
 #pragma HLS INTERFACE m_axi depth=64 port=imatrix offset=slave bundle=BUS_SRC
 
../src/decode.c:89:0: warning: ignoring #pragma HLS INTERFACE [-Wunknown-pragmas]
 #pragma HLS INTERFACE m_axi depth=64 port=omatrix offset=slave bundle=BUS_DST
 
../src/decode.c:90:0: warning: ignoring #pragma HLS INTERFACE [-Wunknown-pragmas]
 #pragma HLS INTERFACE s_axilite port=return bundle=BUS_CTRL
 
../src/decode.c:108:0: warning: ignoring #pragma HLS DATAFLOW [-Wunknown-pragmas]
   #pragma HLS DATAFLOW
 
../src/decode.c:112:0: warning: ignoring #pragma HLS UNROLL [-Wunknown-pragmas]
     #pragma HLS UNROLL skip_exit_check factor=16
 
../src/decode.c:119:0: warning: ignoring #pragma HLS UNROLL [-Wunknown-pragmas]
     #pragma HLS UNROLL skip_exit_check factor=16
 
../src/decode.c:124:0: warning: ignoring #pragma HLS UNROLL [-Wunknown-pragmas]
     #pragma HLS UNROLL skip_exit_check factor=16
 
../src/decode.c:125:16: warning: unused variable 'offset' [-Wunused-variable]
       unsigned offset = i*CHUNK_SIZE+l;
                ^~~~~~
../src/decode.c: In function 'YuvToRgb_f2r_entry_s2e_forEnd':
../src/decode.c:343:0: warning: ignoring #pragma HLS INTERFACE [-Wunknown-pragmas]
   #pragma HLS INTERFACE m_axi depth=64 port=y_buf offset=slave bundle=BUS_SRC
 
../src/decode.c:344:0: warning: ignoring #pragma HLS INTERFACE [-Wunknown-pragmas]
   #pragma HLS INTERFACE m_axi depth=64 port=u_buf offset=slave bundle=BUS_SRC
 
../src/decode.c:345:0: warning: ignoring #pragma HLS INTERFACE [-Wunknown-pragmas]
   #pragma HLS INTERFACE m_axi depth=64 port=v_buf offset=slave bundle=BUS_SRC
 
../src/decode.c:346:0: warning: ignoring #pragma HLS INTERFACE [-Wunknown-pragmas]
   #pragma HLS INTERFACE m_axi depth=768 port=rgb_buf offset=slave bundle=BUS_DST
 
../src/decode.c:347:0: warning: ignoring #pragma HLS INTERFACE [-Wunknown-pragmas]
   #pragma HLS INTERFACE s_axilite port=p bundle=CTRL_BUS
 
../src/decode.c:348:0: warning: ignoring #pragma HLS INTERFACE [-Wunknown-pragmas]
   #pragma HLS INTERFACE s_axilite port=return bundle=BUS_CTRL
 
../src/decode.c:357:0: warning: ignoring #pragma HLS ARRAY_PARTITION [-Wunknown-pragmas]
 #pragma HLS ARRAY_PARTITION variable=inp1_buf cyclic factor=16 dim=1
 
../src/decode.c:358:0: warning: ignoring #pragma HLS ARRAY_PARTITION [-Wunknown-pragmas]
 #pragma HLS ARRAY_PARTITION variable=inp2_buf cyclic factor=16 dim=1
 
../src/decode.c:359:0: warning: ignoring #pragma HLS ARRAY_PARTITION [-Wunknown-pragmas]
 #pragma HLS ARRAY_PARTITION variable=inp3_buf cyclic factor=16 dim=1
 
../src/decode.c:360:0: warning: ignoring #pragma HLS ARRAY_PARTITION [-Wunknown-pragmas]
 #pragma HLS ARRAY_PARTITION variable=out1_buf cyclic factor=16 dim=1
 
../src/decode.c:361:0: warning: ignoring #pragma HLS ARRAY_PARTITION [-Wunknown-pragmas]
 #pragma HLS ARRAY_PARTITION variable=out2_buf cyclic factor=16 dim=1
 
../src/decode.c:362:0: warning: ignoring #pragma HLS ARRAY_PARTITION [-Wunknown-pragmas]
 #pragma HLS ARRAY_PARTITION variable=out3_buf cyclic factor=16 dim=1
 
../src/decode.c:381:9: warning: implicit declaration of function 'memcpy' [-Wimplicit-function-declaration]
         memcpy(inp1_buf, y_buf + offset, CHUNK_SIZE  * sizeof(int));
         ^~~~~~
../src/decode.c:381:9: warning: incompatible implicit declaration of built-in function 'memcpy'
../src/decode.c:381:9: note: include '<string.h>' or provide a declaration of 'memcpy'
../src/decode.c:388:0: warning: ignoring #pragma HLS UNROLL [-Wunknown-pragmas]
       #pragma HLS UNROLL skip_exit_check factor=16
 
../src/decode.c: In function 'decode_start_f2r_vectorPh_s2e_forBody96Preheader':
../src/decode.c:434:0: warning: ignoring #pragma HLS INTERFACE [-Wunknown-pragmas]
 #pragma HLS INTERFACE m_axi depth=384 port=y_buf offset=slave bundle=BUS_SRC
 
../src/decode.c:435:0: warning: ignoring #pragma HLS INTERFACE [-Wunknown-pragmas]
 #pragma HLS INTERFACE m_axi depth=64 port=u_buf offset=slave bundle=BUS_SRC
 
../src/decode.c:436:0: warning: ignoring #pragma HLS INTERFACE [-Wunknown-pragmas]
 #pragma HLS INTERFACE m_axi depth=64 port=v_buf offset=slave bundle=BUS_SRC
 
../src/decode.c:437:0: warning: ignoring #pragma HLS INTERFACE [-Wunknown-pragmas]
 #pragma HLS INTERFACE m_axi depth=768 port=rgb_buf offset=slave bundle=BUS_DST
 
../src/decode.c:438:0: warning: ignoring #pragma HLS INTERFACE [-Wunknown-pragmas]
 #pragma HLS INTERFACE s_axilite port=return bundle=BUS_CTRL
 
../src/decode.c:493:0: warning: ignoring #pragma HLS ARRAY_PARTITION [-Wunknown-pragmas]
     #pragma HLS ARRAY_PARTITION variable=inp1_buf cyclic factor=16 dim=1
 
../src/decode.c:494:0: warning: ignoring #pragma HLS ARRAY_PARTITION [-Wunknown-pragmas]
     #pragma HLS ARRAY_PARTITION variable=inp2_buf cyclic factor=16 dim=1
 
../src/decode.c:495:0: warning: ignoring #pragma HLS ARRAY_PARTITION [-Wunknown-pragmas]
     #pragma HLS ARRAY_PARTITION variable=inp3_buf cyclic factor=16 dim=1
 
../src/decode.c:496:0: warning: ignoring #pragma HLS ARRAY_PARTITION [-Wunknown-pragmas]
     #pragma HLS ARRAY_PARTITION variable=out1_buf cyclic factor=16 dim=1
 
../src/decode.c:497:0: warning: ignoring #pragma HLS ARRAY_PARTITION [-Wunknown-pragmas]
     #pragma HLS ARRAY_PARTITION variable=out2_buf cyclic factor=16 dim=1
 
../src/decode.c:498:0: warning: ignoring #pragma HLS ARRAY_PARTITION [-Wunknown-pragmas]
     #pragma HLS ARRAY_PARTITION variable=out3_buf cyclic factor=16 dim=1
 
../src/decode.c:518:9: warning: incompatible implicit declaration of built-in function 'memcpy'
         memcpy(inp1_buf, y_buf[p] + offset, CHUNK_SIZE * sizeof(int));
         ^~~~~~
../src/decode.c:518:9: note: include '<string.h>' or provide a declaration of 'memcpy'
../src/decode.c:525:0: warning: ignoring #pragma HLS UNROLL [-Wunknown-pragmas]
           #pragma HLS UNROLL skip_exit_check factor=16
 
../src/decode.c: In function 'decode_block':
../src/decode.c:587:3: warning: label 'Reg_2' defined but not used [-Wunused-label]
   Reg_2:IZigzagMatrix_f2r_forBody_s2e_forEnd(HuffBuff, QuantBuff);
   ^~~~~
../src/decode.c: In function 'decode_start':
../src/decode.c:700:5: warning: label 'Reg_6' defined but not used [-Wunused-label]
     Reg_6:decode_start_f2r_vectorPh_s2e_forBody96Preheader(IDCTBuff, IDCTBuff[4], IDCTBuff[5], rgb_buf);
     ^~~~~
Finished building: ../src/decode.c
 
Building target: jpeg-rs.elf
Invoking: ARM v8 gcc linker
aarch64-none-elf-gcc -Wl,-T -Wl,../src/lscript.ld -L../../jpeg-rs_bsp/psu_cortexa53_0/lib -o "jpeg-rs.elf"  ./src/chenidct.o ./src/decode.o ./src/huffman.o ./src/init.o ./src/jfif_read.o ./src/jpeg2bmp.o ./src/main.o ./src/marker.o   -Wl,--start-group,-lxil,-lgcc,-lc,--end-group
Finished building target: jpeg-rs.elf
 
Invoking: ARM v8 Print Size
aarch64-none-elf-size jpeg-rs.elf  |tee "jpeg-rs.elf.size"
   text	   data	    bss	    dec	    hex	filename
 109316	   4648	  52904	 166868	  28bd4	jpeg-rs.elf
Finished building: jpeg-rs.elf.size
 
16:19:18 **** Build of project hello_bsp ****
make -k all 
Running Make include in psu_cortexa53_0/libsrc/dpdma_v1_0/src
make -C psu_cortexa53_0/libsrc/dpdma_v1_0/src -s include  "SHELL=/bin/sh" "COMPILER=aarch64-none-elf-gcc" "ARCHIVER=aarch64-none-elf-ar" "COMPILER_FLAGS=  -O2 -c" "EXTRA_COMPILER_FLAGS=-g -Wall -Wextra"
Running Make include in psu_cortexa53_0/libsrc/ipipsu_v2_3/src
make -C psu_cortexa53_0/libsrc/ipipsu_v2_3/src -s include  "SHELL=/bin/sh" "COMPILER=aarch64-none-elf-gcc" "ARCHIVER=aarch64-none-elf-ar" "COMPILER_FLAGS=  -O2 -c" "EXTRA_COMPILER_FLAGS=-g -Wall -Wextra"
Running Make include in psu_cortexa53_0/libsrc/gpiops_v3_3/src
make -C psu_cortexa53_0/libsrc/gpiops_v3_3/src -s include  "SHELL=/bin/sh" "COMPILER=aarch64-none-elf-gcc" "ARCHIVER=aarch64-none-elf-ar" "COMPILER_FLAGS=  -O2 -c" "EXTRA_COMPILER_FLAGS=-g -Wall -Wextra"
Running Make include in psu_cortexa53_0/libsrc/scugic_v3_8/src
make -C psu_cortexa53_0/libsrc/scugic_v3_8/src -s include  "SHELL=/bin/sh" "COMPILER=aarch64-none-elf-gcc" "ARCHIVER=aarch64-none-elf-ar" "COMPILER_FLAGS=  -O2 -c" "EXTRA_COMPILER_FLAGS=-g -Wall -Wextra"
Running Make include in psu_cortexa53_0/libsrc/qspipsu_v1_6/src
make -C psu_cortexa53_0/libsrc/qspipsu_v1_6/src -s include  "SHELL=/bin/sh" "COMPILER=aarch64-none-elf-gcc" "ARCHIVER=aarch64-none-elf-ar" "COMPILER_FLAGS=  -O2 -c" "EXTRA_COMPILER_FLAGS=-g -Wall -Wextra"
Running Make include in psu_cortexa53_0/libsrc/sysmonpsu_v2_2/src
make -C psu_cortexa53_0/libsrc/sysmonpsu_v2_2/src -s include  "SHELL=/bin/sh" "COMPILER=aarch64-none-elf-gcc" "ARCHIVER=aarch64-none-elf-ar" "COMPILER_FLAGS=  -O2 -c" "EXTRA_COMPILER_FLAGS=-g -Wall -Wextra"
Running Make include in psu_cortexa53_0/libsrc/video_common_v4_2/src
make -C psu_cortexa53_0/libsrc/video_common_v4_2/src -s include  "SHELL=/bin/sh" "COMPILER=aarch64-none-elf-gcc" "ARCHIVER=aarch64-none-elf-ar" "COMPILER_FLAGS=  -O2 -c" "EXTRA_COMPILER_FLAGS=-g -Wall -Wextra"
Running Make include in psu_cortexa53_0/libsrc/standalone_v6_5/src
make -C psu_cortexa53_0/libsrc/standalone_v6_5/src -s include  "SHELL=/bin/sh" "COMPILER=aarch64-none-elf-gcc" "ARCHIVER=aarch64-none-elf-ar" "COMPILER_FLAGS=  -O2 -c" "EXTRA_COMPILER_FLAGS=-g -Wall -Wextra"
Running Make include in psu_cortexa53_0/libsrc/canps_v3_2/src
make -C psu_cortexa53_0/libsrc/canps_v3_2/src -s include  "SHELL=/bin/sh" "COMPILER=aarch64-none-elf-gcc" "ARCHIVER=aarch64-none-elf-ar" "COMPILER_FLAGS=  -O2 -c" "EXTRA_COMPILER_FLAGS=-g -Wall -Wextra"
Running Make include in psu_cortexa53_0/libsrc/dppsu_v1_1/src
make -C psu_cortexa53_0/libsrc/dppsu_v1_1/src -s include  "SHELL=/bin/sh" "COMPILER=aarch64-none-elf-gcc" "ARCHIVER=aarch64-none-elf-ar" "COMPILER_FLAGS=  -O2 -c" "EXTRA_COMPILER_FLAGS=-g -Wall -Wextra"
Running Make include in psu_cortexa53_0/libsrc/zdma_v1_4/src
make -C psu_cortexa53_0/libsrc/zdma_v1_4/src -s include  "SHELL=/bin/sh" "COMPILER=aarch64-none-elf-gcc" "ARCHIVER=aarch64-none-elf-ar" "COMPILER_FLAGS=  -O2 -c" "EXTRA_COMPILER_FLAGS=-g -Wall -Wextra"
Running Make include in psu_cortexa53_0/libsrc/decode_start_f2r_vectorPh_s2e_forBody96Preheader_v1_0/src
make -C psu_cortexa53_0/libsrc/decode_start_f2r_vectorPh_s2e_forBody96Preheader_v1_0/src -s include  "SHELL=/bin/sh" "COMPILER=aarch64-none-elf-gcc" "ARCHIVER=aarch64-none-elf-ar" "COMPILER_FLAGS=  -O2 -c" "EXTRA_COMPILER_FLAGS=-g -Wall -Wextra"
Running Make include in psu_cortexa53_0/libsrc/ttcps_v3_5/src
make -C psu_cortexa53_0/libsrc/ttcps_v3_5/src -s include  "SHELL=/bin/sh" "COMPILER=aarch64-none-elf-gcc" "ARCHIVER=aarch64-none-elf-ar" "COMPILER_FLAGS=  -O2 -c" "EXTRA_COMPILER_FLAGS=-g -Wall -Wextra"
Running Make include in psu_cortexa53_0/libsrc/wdtps_v3_0/src
make -C psu_cortexa53_0/libsrc/wdtps_v3_0/src -s include  "SHELL=/bin/sh" "COMPILER=aarch64-none-elf-gcc" "ARCHIVER=aarch64-none-elf-ar" "COMPILER_FLAGS=  -O2 -c" "EXTRA_COMPILER_FLAGS=-g -Wall -Wextra"
Running Make include in psu_cortexa53_0/libsrc/rtcpsu_v1_5/src
make -C psu_cortexa53_0/libsrc/rtcpsu_v1_5/src -s include  "SHELL=/bin/sh" "COMPILER=aarch64-none-elf-gcc" "ARCHIVER=aarch64-none-elf-ar" "COMPILER_FLAGS=  -O2 -c" "EXTRA_COMPILER_FLAGS=-g -Wall -Wextra"
Running Make include in psu_cortexa53_0/libsrc/avbuf_v2_0/src
make -C psu_cortexa53_0/libsrc/avbuf_v2_0/src -s include  "SHELL=/bin/sh" "COMPILER=aarch64-none-elf-gcc" "ARCHIVER=aarch64-none-elf-ar" "COMPILER_FLAGS=  -O2 -c" "EXTRA_COMPILER_FLAGS=-g -Wall -Wextra"
Running Make include in psu_cortexa53_0/libsrc/ddrcpsu_v1_1/src
make -C psu_cortexa53_0/libsrc/ddrcpsu_v1_1/src -s include  "SHELL=/bin/sh" "COMPILER=aarch64-none-elf-gcc" "ARCHIVER=aarch64-none-elf-ar" "COMPILER_FLAGS=  -O2 -c" "EXTRA_COMPILER_FLAGS=-g -Wall -Wextra"
Running Make include in psu_cortexa53_0/libsrc/csudma_v1_1/src
make -C psu_cortexa53_0/libsrc/csudma_v1_1/src -s include  "SHELL=/bin/sh" "COMPILER=aarch64-none-elf-gcc" "ARCHIVER=aarch64-none-elf-ar" "COMPILER_FLAGS=  -O2 -c" "EXTRA_COMPILER_FLAGS=-g -Wall -Wextra"
Running Make include in psu_cortexa53_0/libsrc/iicps_v3_5/src
make -C psu_cortexa53_0/libsrc/iicps_v3_5/src -s include  "SHELL=/bin/sh" "COMPILER=aarch64-none-elf-gcc" "ARCHIVER=aarch64-none-elf-ar" "COMPILER_FLAGS=  -O2 -c" "EXTRA_COMPILER_FLAGS=-g -Wall -Wextra"
Running Make include in psu_cortexa53_0/libsrc/cpu_cortexa53_v1_5/src
make -C psu_cortexa53_0/libsrc/cpu_cortexa53_v1_5/src -s include  "SHELL=/bin/sh" "COMPILER=aarch64-none-elf-gcc" "ARCHIVER=aarch64-none-elf-ar" "COMPILER_FLAGS=  -O2 -c" "EXTRA_COMPILER_FLAGS=-g -Wall -Wextra"
Running Make include in psu_cortexa53_0/libsrc/sdps_v3_3/src
make -C psu_cortexa53_0/libsrc/sdps_v3_3/src -s include  "SHELL=/bin/sh" "COMPILER=aarch64-none-elf-gcc" "ARCHIVER=aarch64-none-elf-ar" "COMPILER_FLAGS=  -O2 -c" "EXTRA_COMPILER_FLAGS=-g -Wall -Wextra"
Running Make include in psu_cortexa53_0/libsrc/emacps_v3_6/src
make -C psu_cortexa53_0/libsrc/emacps_v3_6/src -s include  "SHELL=/bin/sh" "COMPILER=aarch64-none-elf-gcc" "ARCHIVER=aarch64-none-elf-ar" "COMPILER_FLAGS=  -O2 -c" "EXTRA_COMPILER_FLAGS=-g -Wall -Wextra"
Running Make include in psu_cortexa53_0/libsrc/axipmon_v6_6/src
make -C psu_cortexa53_0/libsrc/axipmon_v6_6/src -s include  "SHELL=/bin/sh" "COMPILER=aarch64-none-elf-gcc" "ARCHIVER=aarch64-none-elf-ar" "COMPILER_FLAGS=  -O2 -c" "EXTRA_COMPILER_FLAGS=-g -Wall -Wextra"
Running Make include in psu_cortexa53_0/libsrc/ChenIDct_v1_0/src
make -C psu_cortexa53_0/libsrc/ChenIDct_v1_0/src -s include  "SHELL=/bin/sh" "COMPILER=aarch64-none-elf-gcc" "ARCHIVER=aarch64-none-elf-ar" "COMPILER_FLAGS=  -O2 -c" "EXTRA_COMPILER_FLAGS=-g -Wall -Wextra"
Running Make include in psu_cortexa53_0/libsrc/coresightps_dcc_v1_4/src
make -C psu_cortexa53_0/libsrc/coresightps_dcc_v1_4/src -s include  "SHELL=/bin/sh" "COMPILER=aarch64-none-elf-gcc" "ARCHIVER=aarch64-none-elf-ar" "COMPILER_FLAGS=  -O2 -c" "EXTRA_COMPILER_FLAGS=-g -Wall -Wextra"
Running Make include in psu_cortexa53_0/libsrc/usbpsu_v1_3/src
make -C psu_cortexa53_0/libsrc/usbpsu_v1_3/src -s include  "SHELL=/bin/sh" "COMPILER=aarch64-none-elf-gcc" "ARCHIVER=aarch64-none-elf-ar" "COMPILER_FLAGS=  -O2 -c" "EXTRA_COMPILER_FLAGS=-g -Wall -Wextra"
Running Make include in psu_cortexa53_0/libsrc/uartps_v3_5/src
make -C psu_cortexa53_0/libsrc/uartps_v3_5/src -s include  "SHELL=/bin/sh" "COMPILER=aarch64-none-elf-gcc" "ARCHIVER=aarch64-none-elf-ar" "COMPILER_FLAGS=  -O2 -c" "EXTRA_COMPILER_FLAGS=-g -Wall -Wextra"
Running Make libs in psu_cortexa53_0/libsrc/dpdma_v1_0/src
make -C psu_cortexa53_0/libsrc/dpdma_v1_0/src -s libs  "SHELL=/bin/sh" "COMPILER=aarch64-none-elf-gcc" "ARCHIVER=aarch64-none-elf-ar" "COMPILER_FLAGS=  -O2 -c" "EXTRA_COMPILER_FLAGS=-g -Wall -Wextra"
Compiling dpdma
aarch64-none-elf-ar: creating ../../../lib/libxil.a
Running Make libs in psu_cortexa53_0/libsrc/ipipsu_v2_3/src
make -C psu_cortexa53_0/libsrc/ipipsu_v2_3/src -s libs  "SHELL=/bin/sh" "COMPILER=aarch64-none-elf-gcc" "ARCHIVER=aarch64-none-elf-ar" "COMPILER_FLAGS=  -O2 -c" "EXTRA_COMPILER_FLAGS=-g -Wall -Wextra"
Compiling ipipsu
Running Make libs in psu_cortexa53_0/libsrc/gpiops_v3_3/src
make -C psu_cortexa53_0/libsrc/gpiops_v3_3/src -s libs  "SHELL=/bin/sh" "COMPILER=aarch64-none-elf-gcc" "ARCHIVER=aarch64-none-elf-ar" "COMPILER_FLAGS=  -O2 -c" "EXTRA_COMPILER_FLAGS=-g -Wall -Wextra"
Compiling gpiops
Running Make libs in psu_cortexa53_0/libsrc/scugic_v3_8/src
make -C psu_cortexa53_0/libsrc/scugic_v3_8/src -s libs  "SHELL=/bin/sh" "COMPILER=aarch64-none-elf-gcc" "ARCHIVER=aarch64-none-elf-ar" "COMPILER_FLAGS=  -O2 -c" "EXTRA_COMPILER_FLAGS=-g -Wall -Wextra"
Compiling scugic
Running Make libs in psu_cortexa53_0/libsrc/qspipsu_v1_6/src
make -C psu_cortexa53_0/libsrc/qspipsu_v1_6/src -s libs  "SHELL=/bin/sh" "COMPILER=aarch64-none-elf-gcc" "ARCHIVER=aarch64-none-elf-ar" "COMPILER_FLAGS=  -O2 -c" "EXTRA_COMPILER_FLAGS=-g -Wall -Wextra"
Compiling qspipsu
Running Make libs in psu_cortexa53_0/libsrc/sysmonpsu_v2_2/src
make -C psu_cortexa53_0/libsrc/sysmonpsu_v2_2/src -s libs  "SHELL=/bin/sh" "COMPILER=aarch64-none-elf-gcc" "ARCHIVER=aarch64-none-elf-ar" "COMPILER_FLAGS=  -O2 -c" "EXTRA_COMPILER_FLAGS=-g -Wall -Wextra"
Compiling sysmonpsu
Running Make libs in psu_cortexa53_0/libsrc/video_common_v4_2/src
make -C psu_cortexa53_0/libsrc/video_common_v4_2/src -s libs  "SHELL=/bin/sh" "COMPILER=aarch64-none-elf-gcc" "ARCHIVER=aarch64-none-elf-ar" "COMPILER_FLAGS=  -O2 -c" "EXTRA_COMPILER_FLAGS=-g -Wall -Wextra"
Compiling video_common
Running Make libs in psu_cortexa53_0/libsrc/standalone_v6_5/src
make -C psu_cortexa53_0/libsrc/standalone_v6_5/src -s libs  "SHELL=/bin/sh" "COMPILER=aarch64-none-elf-gcc" "ARCHIVER=aarch64-none-elf-ar" "COMPILER_FLAGS=  -O2 -c" "EXTRA_COMPILER_FLAGS=-g -Wall -Wextra"
Compiling standalone A53
Running Make libs in psu_cortexa53_0/libsrc/canps_v3_2/src
make -C psu_cortexa53_0/libsrc/canps_v3_2/src -s libs  "SHELL=/bin/sh" "COMPILER=aarch64-none-elf-gcc" "ARCHIVER=aarch64-none-elf-ar" "COMPILER_FLAGS=  -O2 -c" "EXTRA_COMPILER_FLAGS=-g -Wall -Wextra"
Compiling canps
Running Make libs in psu_cortexa53_0/libsrc/dppsu_v1_1/src
make -C psu_cortexa53_0/libsrc/dppsu_v1_1/src -s libs  "SHELL=/bin/sh" "COMPILER=aarch64-none-elf-gcc" "ARCHIVER=aarch64-none-elf-ar" "COMPILER_FLAGS=  -O2 -c" "EXTRA_COMPILER_FLAGS=-g -Wall -Wextra"
Compiling dppsu
Running Make libs in psu_cortexa53_0/libsrc/zdma_v1_4/src
make -C psu_cortexa53_0/libsrc/zdma_v1_4/src -s libs  "SHELL=/bin/sh" "COMPILER=aarch64-none-elf-gcc" "ARCHIVER=aarch64-none-elf-ar" "COMPILER_FLAGS=  -O2 -c" "EXTRA_COMPILER_FLAGS=-g -Wall -Wextra"
Compiling zdma
Running Make libs in psu_cortexa53_0/libsrc/decode_start_f2r_vectorPh_s2e_forBody96Preheader_v1_0/src
make -C psu_cortexa53_0/libsrc/decode_start_f2r_vectorPh_s2e_forBody96Preheader_v1_0/src -s libs  "SHELL=/bin/sh" "COMPILER=aarch64-none-elf-gcc" "ARCHIVER=aarch64-none-elf-ar" "COMPILER_FLAGS=  -O2 -c" "EXTRA_COMPILER_FLAGS=-g -Wall -Wextra"
Compiling decode_start_f2r_vectorPh_s2e_forBody96Preheader
Running Make libs in psu_cortexa53_0/libsrc/ttcps_v3_5/src
make -C psu_cortexa53_0/libsrc/ttcps_v3_5/src -s libs  "SHELL=/bin/sh" "COMPILER=aarch64-none-elf-gcc" "ARCHIVER=aarch64-none-elf-ar" "COMPILER_FLAGS=  -O2 -c" "EXTRA_COMPILER_FLAGS=-g -Wall -Wextra"
Compiling ttcps
Running Make libs in psu_cortexa53_0/libsrc/wdtps_v3_0/src
make -C psu_cortexa53_0/libsrc/wdtps_v3_0/src -s libs  "SHELL=/bin/sh" "COMPILER=aarch64-none-elf-gcc" "ARCHIVER=aarch64-none-elf-ar" "COMPILER_FLAGS=  -O2 -c" "EXTRA_COMPILER_FLAGS=-g -Wall -Wextra"
Compiling wdtps
Running Make libs in psu_cortexa53_0/libsrc/rtcpsu_v1_5/src
make -C psu_cortexa53_0/libsrc/rtcpsu_v1_5/src -s libs  "SHELL=/bin/sh" "COMPILER=aarch64-none-elf-gcc" "ARCHIVER=aarch64-none-elf-ar" "COMPILER_FLAGS=  -O2 -c" "EXTRA_COMPILER_FLAGS=-g -Wall -Wextra"
Compiling rtcpsu
Running Make libs in psu_cortexa53_0/libsrc/avbuf_v2_0/src
make -C psu_cortexa53_0/libsrc/avbuf_v2_0/src -s libs  "SHELL=/bin/sh" "COMPILER=aarch64-none-elf-gcc" "ARCHIVER=aarch64-none-elf-ar" "COMPILER_FLAGS=  -O2 -c" "EXTRA_COMPILER_FLAGS=-g -Wall -Wextra"
Compiling avbuf
Running Make libs in psu_cortexa53_0/libsrc/ddrcpsu_v1_1/src
make -C psu_cortexa53_0/libsrc/ddrcpsu_v1_1/src -s libs  "SHELL=/bin/sh" "COMPILER=aarch64-none-elf-gcc" "ARCHIVER=aarch64-none-elf-ar" "COMPILER_FLAGS=  -O2 -c" "EXTRA_COMPILER_FLAGS=-g -Wall -Wextra"
Compiling ddrcpsu
Running Make libs in psu_cortexa53_0/libsrc/csudma_v1_1/src
make -C psu_cortexa53_0/libsrc/csudma_v1_1/src -s libs  "SHELL=/bin/sh" "COMPILER=aarch64-none-elf-gcc" "ARCHIVER=aarch64-none-elf-ar" "COMPILER_FLAGS=  -O2 -c" "EXTRA_COMPILER_FLAGS=-g -Wall -Wextra"
Compiling csudma
Running Make libs in psu_cortexa53_0/libsrc/iicps_v3_5/src
make -C psu_cortexa53_0/libsrc/iicps_v3_5/src -s libs  "SHELL=/bin/sh" "COMPILER=aarch64-none-elf-gcc" "ARCHIVER=aarch64-none-elf-ar" "COMPILER_FLAGS=  -O2 -c" "EXTRA_COMPILER_FLAGS=-g -Wall -Wextra"
Compiling iicps
Running Make libs in psu_cortexa53_0/libsrc/cpu_cortexa53_v1_5/src
make -C psu_cortexa53_0/libsrc/cpu_cortexa53_v1_5/src -s libs  "SHELL=/bin/sh" "COMPILER=aarch64-none-elf-gcc" "ARCHIVER=aarch64-none-elf-ar" "COMPILER_FLAGS=  -O2 -c" "EXTRA_COMPILER_FLAGS=-g -Wall -Wextra"
Compiling cpu_cortexa53
Running Make libs in psu_cortexa53_0/libsrc/sdps_v3_3/src
make -C psu_cortexa53_0/libsrc/sdps_v3_3/src -s libs  "SHELL=/bin/sh" "COMPILER=aarch64-none-elf-gcc" "ARCHIVER=aarch64-none-elf-ar" "COMPILER_FLAGS=  -O2 -c" "EXTRA_COMPILER_FLAGS=-g -Wall -Wextra"
Compiling sdps
Running Make libs in psu_cortexa53_0/libsrc/emacps_v3_6/src
make -C psu_cortexa53_0/libsrc/emacps_v3_6/src -s libs  "SHELL=/bin/sh" "COMPILER=aarch64-none-elf-gcc" "ARCHIVER=aarch64-none-elf-ar" "COMPILER_FLAGS=  -O2 -c" "EXTRA_COMPILER_FLAGS=-g -Wall -Wextra"
Compiling emacps
Running Make libs in psu_cortexa53_0/libsrc/axipmon_v6_6/src
make -C psu_cortexa53_0/libsrc/axipmon_v6_6/src -s libs  "SHELL=/bin/sh" "COMPILER=aarch64-none-elf-gcc" "ARCHIVER=aarch64-none-elf-ar" "COMPILER_FLAGS=  -O2 -c" "EXTRA_COMPILER_FLAGS=-g -Wall -Wextra"
Compiling axipmon
Running Make libs in psu_cortexa53_0/libsrc/ChenIDct_v1_0/src
make -C psu_cortexa53_0/libsrc/ChenIDct_v1_0/src -s libs  "SHELL=/bin/sh" "COMPILER=aarch64-none-elf-gcc" "ARCHIVER=aarch64-none-elf-ar" "COMPILER_FLAGS=  -O2 -c" "EXTRA_COMPILER_FLAGS=-g -Wall -Wextra"
Compiling ChenIDct
Running Make libs in psu_cortexa53_0/libsrc/coresightps_dcc_v1_4/src
make -C psu_cortexa53_0/libsrc/coresightps_dcc_v1_4/src -s libs  "SHELL=/bin/sh" "COMPILER=aarch64-none-elf-gcc" "ARCHIVER=aarch64-none-elf-ar" "COMPILER_FLAGS=  -O2 -c" "EXTRA_COMPILER_FLAGS=-g -Wall -Wextra"
Compiling coresightps_dcc
Running Make libs in psu_cortexa53_0/libsrc/usbpsu_v1_3/src
make -C psu_cortexa53_0/libsrc/usbpsu_v1_3/src -s libs  "SHELL=/bin/sh" "COMPILER=aarch64-none-elf-gcc" "ARCHIVER=aarch64-none-elf-ar" "COMPILER_FLAGS=  -O2 -c" "EXTRA_COMPILER_FLAGS=-g -Wall -Wextra"
Compiling usbpsu
Running Make libs in psu_cortexa53_0/libsrc/uartps_v3_5/src
make -C psu_cortexa53_0/libsrc/uartps_v3_5/src -s libs  "SHELL=/bin/sh" "COMPILER=aarch64-none-elf-gcc" "ARCHIVER=aarch64-none-elf-ar" "COMPILER_FLAGS=  -O2 -c" "EXTRA_COMPILER_FLAGS=-g -Wall -Wextra"
Compiling uartps
Finished building libraries
16:19:33 **** Build of configuration Debug for project hello ****
make all 
Building file: ../src/helloworld.c
Invoking: ARM v8 gcc compiler
aarch64-none-elf-gcc -Wall -O0 -g3 -c -fmessage-length=0 -MT"src/helloworld.o" -I../../hello_bsp/psu_cortexa53_0/include -MMD -MP -MF"src/helloworld.d" -MT"src/helloworld.o" -o "src/helloworld.o" "../src/helloworld.c"
Finished building: ../src/helloworld.c
 
Building file: ../src/platform.c
Invoking: ARM v8 gcc compiler
aarch64-none-elf-gcc -Wall -O0 -g3 -c -fmessage-length=0 -MT"src/platform.o" -I../../hello_bsp/psu_cortexa53_0/include -MMD -MP -MF"src/platform.d" -MT"src/platform.o" -o "src/platform.o" "../src/platform.c"
Finished building: ../src/platform.c
 
Building target: hello.elf
Invoking: ARM v8 gcc linker
aarch64-none-elf-gcc -Wl,-T -Wl,../src/lscript.ld -L../../hello_bsp/psu_cortexa53_0/lib -o "hello.elf"  ./src/helloworld.o ./src/platform.o   -Wl,--start-group,-lxil,-lgcc,-lc,--end-group
Finished building target: hello.elf
 
Invoking: ARM v8 Print Size
aarch64-none-elf-size hello.elf  |tee "hello.elf.size"
   text	   data	    bss	    dec	    hex	filename
  30508	   2352	  20656	  53516	   d10c	hello.elf
Finished building: hello.elf.size
 
16:20:04 **** Incremental Build of configuration Debug for project hello ****
make all 
make: Nothing to be done for `all'.
16:20:17 **** Incremental Build of configuration Debug for project jpeg-rs ****
make all 
make: Nothing to be done for `all'.
16:20:58 **** Auto Build of configuration Debug for project jpeg-rs ****
make all 
Building file: ../src/decode.c
Invoking: ARM v8 gcc compiler
aarch64-none-elf-gcc -Wall -O0 -g3 -c -fmessage-length=0 -MT"src/decode.o" -I../../jpeg-rs_bsp/psu_cortexa53_0/include -MMD -MP -MF"src/decode.d" -MT"src/decode.o" -o "src/decode.o" "../src/decode.c"
../src/decode.c: In function 'IZigzagMatrix_f2r_forBody_s2e_forEnd':
../src/decode.c:88:0: warning: ignoring #pragma HLS INTERFACE [-Wunknown-pragmas]
 #pragma HLS INTERFACE m_axi depth=64 port=imatrix offset=slave bundle=BUS_SRC
 
../src/decode.c:89:0: warning: ignoring #pragma HLS INTERFACE [-Wunknown-pragmas]
 #pragma HLS INTERFACE m_axi depth=64 port=omatrix offset=slave bundle=BUS_DST
 
../src/decode.c:90:0: warning: ignoring #pragma HLS INTERFACE [-Wunknown-pragmas]
 #pragma HLS INTERFACE s_axilite port=return bundle=BUS_CTRL
 
../src/decode.c:108:0: warning: ignoring #pragma HLS DATAFLOW [-Wunknown-pragmas]
   #pragma HLS DATAFLOW
 
../src/decode.c:112:0: warning: ignoring #pragma HLS UNROLL [-Wunknown-pragmas]
     #pragma HLS UNROLL skip_exit_check factor=16
 
../src/decode.c:119:0: warning: ignoring #pragma HLS UNROLL [-Wunknown-pragmas]
     #pragma HLS UNROLL skip_exit_check factor=16
 
../src/decode.c:124:0: warning: ignoring #pragma HLS UNROLL [-Wunknown-pragmas]
     #pragma HLS UNROLL skip_exit_check factor=16
 
../src/decode.c:125:16: warning: unused variable 'offset' [-Wunused-variable]
       unsigned offset = i*CHUNK_SIZE+l;
                ^~~~~~
../src/decode.c: In function 'YuvToRgb_f2r_entry_s2e_forEnd':
../src/decode.c:343:0: warning: ignoring #pragma HLS INTERFACE [-Wunknown-pragmas]
   #pragma HLS INTERFACE m_axi depth=64 port=y_buf offset=slave bundle=BUS_SRC
 
../src/decode.c:344:0: warning: ignoring #pragma HLS INTERFACE [-Wunknown-pragmas]
   #pragma HLS INTERFACE m_axi depth=64 port=u_buf offset=slave bundle=BUS_SRC
 
../src/decode.c:345:0: warning: ignoring #pragma HLS INTERFACE [-Wunknown-pragmas]
   #pragma HLS INTERFACE m_axi depth=64 port=v_buf offset=slave bundle=BUS_SRC
 
../src/decode.c:346:0: warning: ignoring #pragma HLS INTERFACE [-Wunknown-pragmas]
   #pragma HLS INTERFACE m_axi depth=768 port=rgb_buf offset=slave bundle=BUS_DST
 
../src/decode.c:347:0: warning: ignoring #pragma HLS INTERFACE [-Wunknown-pragmas]
   #pragma HLS INTERFACE s_axilite port=p bundle=CTRL_BUS
 
../src/decode.c:348:0: warning: ignoring #pragma HLS INTERFACE [-Wunknown-pragmas]
   #pragma HLS INTERFACE s_axilite port=return bundle=BUS_CTRL
 
../src/decode.c:357:0: warning: ignoring #pragma HLS ARRAY_PARTITION [-Wunknown-pragmas]
 #pragma HLS ARRAY_PARTITION variable=inp1_buf cyclic factor=16 dim=1
 
../src/decode.c:358:0: warning: ignoring #pragma HLS ARRAY_PARTITION [-Wunknown-pragmas]
 #pragma HLS ARRAY_PARTITION variable=inp2_buf cyclic factor=16 dim=1
 
../src/decode.c:359:0: warning: ignoring #pragma HLS ARRAY_PARTITION [-Wunknown-pragmas]
 #pragma HLS ARRAY_PARTITION variable=inp3_buf cyclic factor=16 dim=1
 
../src/decode.c:360:0: warning: ignoring #pragma HLS ARRAY_PARTITION [-Wunknown-pragmas]
 #pragma HLS ARRAY_PARTITION variable=out1_buf cyclic factor=16 dim=1
 
../src/decode.c:361:0: warning: ignoring #pragma HLS ARRAY_PARTITION [-Wunknown-pragmas]
 #pragma HLS ARRAY_PARTITION variable=out2_buf cyclic factor=16 dim=1
 
../src/decode.c:362:0: warning: ignoring #pragma HLS ARRAY_PARTITION [-Wunknown-pragmas]
 #pragma HLS ARRAY_PARTITION variable=out3_buf cyclic factor=16 dim=1
 
../src/decode.c:381:9: warning: implicit declaration of function 'memcpy' [-Wimplicit-function-declaration]
         memcpy(inp1_buf, y_buf + offset, CHUNK_SIZE  * sizeof(int));
         ^~~~~~
../src/decode.c:381:9: warning: incompatible implicit declaration of built-in function 'memcpy'
../src/decode.c:381:9: note: include '<string.h>' or provide a declaration of 'memcpy'
../src/decode.c:388:0: warning: ignoring #pragma HLS UNROLL [-Wunknown-pragmas]
       #pragma HLS UNROLL skip_exit_check factor=16
 
../src/decode.c: In function 'decode_start_f2r_vectorPh_s2e_forBody96Preheader':
../src/decode.c:434:0: warning: ignoring #pragma HLS INTERFACE [-Wunknown-pragmas]
 #pragma HLS INTERFACE m_axi depth=384 port=y_buf offset=slave bundle=BUS_SRC
 
../src/decode.c:435:0: warning: ignoring #pragma HLS INTERFACE [-Wunknown-pragmas]
 #pragma HLS INTERFACE m_axi depth=64 port=u_buf offset=slave bundle=BUS_SRC
 
../src/decode.c:436:0: warning: ignoring #pragma HLS INTERFACE [-Wunknown-pragmas]
 #pragma HLS INTERFACE m_axi depth=64 port=v_buf offset=slave bundle=BUS_SRC
 
../src/decode.c:437:0: warning: ignoring #pragma HLS INTERFACE [-Wunknown-pragmas]
 #pragma HLS INTERFACE m_axi depth=768 port=rgb_buf offset=slave bundle=BUS_DST
 
../src/decode.c:438:0: warning: ignoring #pragma HLS INTERFACE [-Wunknown-pragmas]
 #pragma HLS INTERFACE s_axilite port=return bundle=BUS_CTRL
 
../src/decode.c:493:0: warning: ignoring #pragma HLS ARRAY_PARTITION [-Wunknown-pragmas]
     #pragma HLS ARRAY_PARTITION variable=inp1_buf cyclic factor=16 dim=1
 
../src/decode.c:494:0: warning: ignoring #pragma HLS ARRAY_PARTITION [-Wunknown-pragmas]
     #pragma HLS ARRAY_PARTITION variable=inp2_buf cyclic factor=16 dim=1
 
../src/decode.c:495:0: warning: ignoring #pragma HLS ARRAY_PARTITION [-Wunknown-pragmas]
     #pragma HLS ARRAY_PARTITION variable=inp3_buf cyclic factor=16 dim=1
 
../src/decode.c:496:0: warning: ignoring #pragma HLS ARRAY_PARTITION [-Wunknown-pragmas]
     #pragma HLS ARRAY_PARTITION variable=out1_buf cyclic factor=16 dim=1
 
../src/decode.c:497:0: warning: ignoring #pragma HLS ARRAY_PARTITION [-Wunknown-pragmas]
     #pragma HLS ARRAY_PARTITION variable=out2_buf cyclic factor=16 dim=1
 
../src/decode.c:498:0: warning: ignoring #pragma HLS ARRAY_PARTITION [-Wunknown-pragmas]
     #pragma HLS ARRAY_PARTITION variable=out3_buf cyclic factor=16 dim=1
 
../src/decode.c:518:9: warning: incompatible implicit declaration of built-in function 'memcpy'
         memcpy(inp1_buf, y_buf[p] + offset, CHUNK_SIZE * sizeof(int));
         ^~~~~~
../src/decode.c:518:9: note: include '<string.h>' or provide a declaration of 'memcpy'
../src/decode.c:525:0: warning: ignoring #pragma HLS UNROLL [-Wunknown-pragmas]
           #pragma HLS UNROLL skip_exit_check factor=16
 
../src/decode.c: In function 'decode_block':
../src/decode.c:587:3: warning: label 'Reg_2' defined but not used [-Wunused-label]
   Reg_2:IZigzagMatrix_f2r_forBody_s2e_forEnd(HuffBuff, QuantBuff);
   ^~~~~
../src/decode.c: In function 'decode_start':
../src/decode.c:700:5: warning: label 'Reg_6' defined but not used [-Wunused-label]
     Reg_6:decode_start_f2r_vectorPh_s2e_forBody96Preheader(IDCTBuff, IDCTBuff[4], IDCTBuff[5], rgb_buf);
     ^~~~~
Finished building: ../src/decode.c
 
Building target: jpeg-rs.elf
Invoking: ARM v8 gcc linker
aarch64-none-elf-gcc -Wl,-T -Wl,../src/lscript.ld -L../../jpeg-rs_bsp/psu_cortexa53_0/lib -o "jpeg-rs.elf"  ./src/chenidct.o ./src/decode.o ./src/huffman.o ./src/init.o ./src/jfif_read.o ./src/jpeg2bmp.o ./src/main.o ./src/marker.o   -Wl,--start-group,-lxil,-lgcc,-lc,--end-group
Finished building target: jpeg-rs.elf
 
Invoking: ARM v8 Print Size
aarch64-none-elf-size jpeg-rs.elf  |tee "jpeg-rs.elf.size"
   text	   data	    bss	    dec	    hex	filename
 109236	   4648	  52920	 166804	  28b94	jpeg-rs.elf
Finished building: jpeg-rs.elf.size
 
16:26:39 **** Auto Build of configuration Debug for project jpeg-rs ****
make all 
make: Nothing to be done for `all'.
16:27:58 **** Auto Build of configuration Debug for project jpeg-rs ****
make all 
Building file: ../src/main.c
Invoking: ARM v8 gcc compiler
aarch64-none-elf-gcc -Wall -O0 -g3 -c -fmessage-length=0 -MT"src/main.o" -I../../jpeg-rs_bsp/psu_cortexa53_0/include -MMD -MP -MF"src/main.d" -MT"src/main.o" -o "src/main.o" "../src/main.c"
Finished building: ../src/main.c
 
Building file: ../src/platform.c
Invoking: ARM v8 gcc compiler
aarch64-none-elf-gcc -Wall -O0 -g3 -c -fmessage-length=0 -MT"src/platform.o" -I../../jpeg-rs_bsp/psu_cortexa53_0/include -MMD -MP -MF"src/platform.d" -MT"src/platform.o" -o "src/platform.o" "../src/platform.c"
../src/platform.c:36:29: fatal error: platform_config.h: No such file or directory
 #include "platform_config.h"
                             ^
compilation terminated.
make: *** [src/platform.o] Error 1
16:28:27 **** Auto Build of configuration Debug for project jpeg-rs ****
make all 
Building file: ../src/main.c
Invoking: ARM v8 gcc compiler
aarch64-none-elf-gcc -Wall -O0 -g3 -c -fmessage-length=0 -MT"src/main.o" -I../../jpeg-rs_bsp/psu_cortexa53_0/include -MMD -MP -MF"src/main.d" -MT"src/main.o" -o "src/main.o" "../src/main.c"
../src/main.c: In function 'main':
../src/main.c:45:2: warning: implicit declaration of function 'init_platform' [-Wimplicit-function-declaration]
  init_platform();
  ^~~~~~~~~~~~~
../src/main.c:47:2: warning: implicit declaration of function 'init' [-Wimplicit-function-declaration]
  init();
  ^~~~
../src/main.c:53:2: error: unknown type name 'XTime'
  XTime start, stop;
  ^~~~~
../src/main.c:53:15: warning: unused variable 'stop' [-Wunused-variable]
  XTime start, stop;
               ^~~~
../src/main.c:53:8: warning: unused variable 'start' [-Wunused-variable]
  XTime start, stop;
        ^~~~~
make: *** [src/main.o] Error 1
16:28:39 **** Auto Build of configuration Debug for project jpeg-rs ****
make all 
Building file: ../src/main.c
Invoking: ARM v8 gcc compiler
aarch64-none-elf-gcc -Wall -O0 -g3 -c -fmessage-length=0 -MT"src/main.o" -I../../jpeg-rs_bsp/psu_cortexa53_0/include -MMD -MP -MF"src/main.d" -MT"src/main.o" -o "src/main.o" "../src/main.c"
../src/main.c: In function 'main':
../src/main.c:45:2: warning: implicit declaration of function 'init_platform' [-Wimplicit-function-declaration]
  init_platform();
  ^~~~~~~~~~~~~
../src/main.c:46:2: warning: implicit declaration of function 'init' [-Wimplicit-function-declaration]
  init();
  ^~~~
../src/main.c:52:2: error: unknown type name 'XTime'
  XTime start, stop;
  ^~~~~
../src/main.c:52:15: warning: unused variable 'stop' [-Wunused-variable]
  XTime start, stop;
               ^~~~
../src/main.c:52:8: warning: unused variable 'start' [-Wunused-variable]
  XTime start, stop;
        ^~~~~
make: *** [src/main.o] Error 1
16:28:52 **** Auto Build of configuration Debug for project jpeg-rs ****
make all 
Building file: ../src/main.c
Invoking: ARM v8 gcc compiler
aarch64-none-elf-gcc -Wall -O0 -g3 -c -fmessage-length=0 -MT"src/main.o" -I../../jpeg-rs_bsp/psu_cortexa53_0/include -MMD -MP -MF"src/main.d" -MT"src/main.o" -o "src/main.o" "../src/main.c"
../src/main.c: In function 'main':
../src/main.c:46:2: warning: implicit declaration of function 'init_platform' [-Wimplicit-function-declaration]
  init_platform();
  ^~~~~~~~~~~~~
../src/main.c:47:2: warning: implicit declaration of function 'init' [-Wimplicit-function-declaration]
  init();
  ^~~~
../src/main.c:53:15: warning: unused variable 'stop' [-Wunused-variable]
  XTime start, stop;
               ^~~~
../src/main.c:53:8: warning: unused variable 'start' [-Wunused-variable]
  XTime start, stop;
        ^~~~~
Finished building: ../src/main.c
 
Building file: ../src/platform.c
Invoking: ARM v8 gcc compiler
aarch64-none-elf-gcc -Wall -O0 -g3 -c -fmessage-length=0 -MT"src/platform.o" -I../../jpeg-rs_bsp/psu_cortexa53_0/include -MMD -MP -MF"src/platform.d" -MT"src/platform.o" -o "src/platform.o" "../src/platform.c"
../src/platform.c:36:29: fatal error: platform_config.h: No such file or directory
 #include "platform_config.h"
                             ^
compilation terminated.
make: *** [src/platform.o] Error 1
16:29:18 **** Auto Build of configuration Debug for project jpeg-rs ****
make all 
Building file: ../src/main.c
Invoking: ARM v8 gcc compiler
aarch64-none-elf-gcc -Wall -O0 -g3 -c -fmessage-length=0 -MT"src/main.o" -I../../jpeg-rs_bsp/psu_cortexa53_0/include -MMD -MP -MF"src/main.d" -MT"src/main.o" -o "src/main.o" "../src/main.c"
In file included from ../src/main.c:40:0:
../src/platform.h:36:29: fatal error: platform_config.h: No such file or directory
 #include "platform_config.h"
                             ^
compilation terminated.
make: *** [src/main.o] Error 1
16:30:44 **** Clean-only build of configuration Debug for project jpeg-rs ****
make clean 
rm -rf  ./src/chenidct.o ./src/decode.o ./src/huffman.o ./src/init.o ./src/jfif_read.o ./src/jpeg2bmp.o ./src/main.o ./src/marker.o ./src/platform.o  ./src/chenidct.d ./src/decode.d ./src/huffman.d ./src/init.d ./src/jfif_read.d ./src/jpeg2bmp.d ./src/main.d ./src/marker.d ./src/platform.d  jpeg-rs.elf.size  jpeg-rs.elf
 
16:30:44 **** Auto Build of configuration Debug for project jpeg-rs ****
make all 
Building file: ../src/chenidct.c
Invoking: ARM v8 gcc compiler
aarch64-none-elf-gcc -Wall -O0 -g3 -c -fmessage-length=0 -MT"src/chenidct.o" -I../../jpeg-rs_bsp/psu_cortexa53_0/include -MMD -MP -MF"src/chenidct.d" -MT"src/chenidct.o" -o "src/chenidct.o" "../src/chenidct.c"
../src/chenidct.c: In function 'ChenIDct_f2r_vectorBody_s2e_forEnd212':
../src/chenidct.c:61:0: warning: ignoring #pragma HLS INTERFACE [-Wunknown-pragmas]
 #pragma HLS INTERFACE m_axi depth=64 port=y offset=slave bundle=BUS_SRC_DST
 
../src/chenidct.c:62:0: warning: ignoring #pragma HLS INTERFACE [-Wunknown-pragmas]
 #pragma HLS INTERFACE s_axilite port=return bundle=BUS_CTRL
 
../src/chenidct.c:68:0: warning: ignoring #pragma HLS ARRAY_PARTITION [-Wunknown-pragmas]
   #pragma HLS ARRAY_PARTITION variable=inp1_buf cyclic factor=16 dim=1
 
../src/chenidct.c:69:0: warning: ignoring #pragma HLS ARRAY_PARTITION [-Wunknown-pragmas]
   #pragma HLS ARRAY_PARTITION variable=out1_buf cyclic factor=16 dim=1
 
../src/chenidct.c:82:9: warning: implicit declaration of function 'memcpy' [-Wimplicit-function-declaration]
         memcpy(inp1_buf, y + offset, CHUNK_SIZE * sizeof(int));
         ^~~~~~
../src/chenidct.c:82:9: warning: incompatible implicit declaration of built-in function 'memcpy'
../src/chenidct.c:82:9: note: include '<string.h>' or provide a declaration of 'memcpy'
../src/chenidct.c:88:0: warning: ignoring #pragma HLS UNROLL [-Wunknown-pragmas]
     #pragma HLS UNROLL skip_exit_check factor=16
 
../src/chenidct.c: In function 'ChenIDct':
../src/chenidct.c:114:0: warning: ignoring #pragma HLS INTERFACE [-Wunknown-pragmas]
 #pragma HLS INTERFACE m_axi depth=64 port=x offset=slave bundle=BUS_SRC_DST
 
../src/chenidct.c:115:0: warning: ignoring #pragma HLS INTERFACE [-Wunknown-pragmas]
 #pragma HLS INTERFACE m_axi depth=64 port=y offset=slave bundle=BUS_SRC_DST
 
../src/chenidct.c:116:0: warning: ignoring #pragma HLS INTERFACE [-Wunknown-pragmas]
 #pragma HLS INTERFACE s_axilite port=return bundle=BUS_CTRL
 
[...]
 
../src/chenidct.c:98:0: warning: ignoring #pragma HLS INTERFACE [-Wunknown-pragmas]
 #pragma HLS INTERFACE s_axilite port=return bundle=BUS_CTRL
 
../src/chenidct.c:104:0: warning: ignoring #pragma HLS ARRAY_PARTITION [-Wunknown-pragmas]
   #pragma HLS ARRAY_PARTITION variable=inp1_buf cyclic factor=16 dim=1
 
../src/chenidct.c:105:0: warning: ignoring #pragma HLS ARRAY_PARTITION [-Wunknown-pragmas]
   #pragma HLS ARRAY_PARTITION variable=out1_buf cyclic factor=16 dim=1
 
../src/chenidct.c:113:0: warning: ignoring #pragma HLS UNROLL [-Wunknown-pragmas]
       #pragma HLS UNROLL skip_exit_check factor=16
 
../src/chenidct.c:124:0: warning: ignoring #pragma HLS UNROLL [-Wunknown-pragmas]
     #pragma HLS UNROLL skip_exit_check factor=16
 
../src/chenidct.c:131:0: warning: ignoring #pragma HLS UNROLL [-Wunknown-pragmas]
       #pragma HLS UNROLL skip_exit_check factor=16
 
../src/chenidct.c: In function 'ChenIDct':
../src/chenidct.c:181:5: warning: incompatible implicit declaration of built-in function 'printf'
     printf("ERROR: HW execution failed (status %d)\n", status);
     ^~~~~~
../src/chenidct.c:181:5: note: include '<stdio.h>' or provide a declaration of 'printf'
Finished building: ../src/chenidct.c
 
Building target: jpeg-rs.elf
Invoking: ARM v8 gcc linker
aarch64-none-elf-gcc -Wl,-T -Wl,../src/lscript.ld -L../../jpeg-rs_bsp/psu_cortexa53_0/lib -o "jpeg-rs.elf"  ./src/chenidct.o ./src/decode.o ./src/huffman.o ./src/init.o ./src/jfif_read.o ./src/jpeg2bmp.o ./src/main.o ./src/marker.o ./src/platform.o   -Wl,--start-group,-lxil,-lgcc,-lc,--end-group
Finished building target: jpeg-rs.elf
 
Invoking: ARM v8 Print Size
aarch64-none-elf-size jpeg-rs.elf  |tee "jpeg-rs.elf.size"
   text	   data	    bss	    dec	    hex	filename
 113500	   4664	  52992	 171156	  29c94	jpeg-rs.elf
Finished building: jpeg-rs.elf.size
 
20:02:08 **** Auto Build of configuration Debug for project jpeg-rs ****
make all 
Building file: ../src/chenidct.c
Invoking: ARM v8 gcc compiler
aarch64-none-elf-gcc -Wall -O0 -g3 -c -fmessage-length=0 -MT"src/chenidct.o" -I../../jpeg-rs_bsp/psu_cortexa53_0/include -MMD -MP -MF"src/chenidct.d" -MT"src/chenidct.o" -o "src/chenidct.o" "../src/chenidct.c"
../src/chenidct.c: In function 'ChenIDct_f2r_vectorBody_s2e_forEnd212':
../src/chenidct.c:97:0: warning: ignoring #pragma HLS INTERFACE [-Wunknown-pragmas]
 #pragma HLS INTERFACE m_axi depth=64 port=y offset=slave bundle=BUS_SRC_DST
 
../src/chenidct.c:98:0: warning: ignoring #pragma HLS INTERFACE [-Wunknown-pragmas]
 #pragma HLS INTERFACE s_axilite port=return bundle=BUS_CTRL
 
../src/chenidct.c:104:0: warning: ignoring #pragma HLS ARRAY_PARTITION [-Wunknown-pragmas]
   #pragma HLS ARRAY_PARTITION variable=inp1_buf cyclic factor=16 dim=1
 
../src/chenidct.c:105:0: warning: ignoring #pragma HLS ARRAY_PARTITION [-Wunknown-pragmas]
   #pragma HLS ARRAY_PARTITION variable=out1_buf cyclic factor=16 dim=1
 
../src/chenidct.c:113:0: warning: ignoring #pragma HLS UNROLL [-Wunknown-pragmas]
       #pragma HLS UNROLL skip_exit_check factor=16
 
../src/chenidct.c:124:0: warning: ignoring #pragma HLS UNROLL [-Wunknown-pragmas]
     #pragma HLS UNROLL skip_exit_check factor=16
 
../src/chenidct.c:131:0: warning: ignoring #pragma HLS UNROLL [-Wunknown-pragmas]
       #pragma HLS UNROLL skip_exit_check factor=16
 
../src/chenidct.c: In function 'ChenIDct':
../src/chenidct.c:188:0: warning: ignoring #pragma HLS INTERFACE [-Wunknown-pragmas]
 #pragma HLS INTERFACE m_axi depth=64 port=x offset=slave bundle=BUS_SRC_DST
 
../src/chenidct.c:189:0: warning: ignoring #pragma HLS INTERFACE [-Wunknown-pragmas]
 #pragma HLS INTERFACE m_axi depth=64 port=y offset=slave bundle=BUS_SRC_DST
 
../src/chenidct.c:190:0: warning: ignoring #pragma HLS INTERFACE [-Wunknown-pragmas]
 #pragma HLS INTERFACE s_axilite port=return bundle=BUS_CTRL
 
../src/chenidct.c:347:0: warning: ignoring #pragma HLS ARRAY_PARTITION [-Wunknown-pragmas]
   #pragma HLS ARRAY_PARTITION variable=inp1_buf cyclic factor=16 dim=1
 
../src/chenidct.c:348:0: warning: ignoring #pragma HLS ARRAY_PARTITION [-Wunknown-pragmas]
   #pragma HLS ARRAY_PARTITION variable=out1_buf cyclic factor=16 dim=1
 
../src/chenidct.c:356:0: warning: ignoring #pragma HLS UNROLL [-Wunknown-pragmas]
       #pragma HLS UNROLL skip_exit_check factor=16
 
../src/chenidct.c:367:0: warning: ignoring #pragma HLS UNROLL [-Wunknown-pragmas]
     #pragma HLS UNROLL skip_exit_check factor=16
 
../src/chenidct.c:374:0: warning: ignoring #pragma HLS UNROLL [-Wunknown-pragmas]
       #pragma HLS UNROLL skip_exit_check factor=16
 
Finished building: ../src/chenidct.c
 
Building file: ../src/decode.c
Invoking: ARM v8 gcc compiler
aarch64-none-elf-gcc -Wall -O0 -g3 -c -fmessage-length=0 -MT"src/decode.o" -I../../jpeg-rs_bsp/psu_cortexa53_0/include -MMD -MP -MF"src/decode.d" -MT"src/decode.o" -o "src/decode.o" "../src/decode.c"
../src/decode.c: In function 'IZigzagMatrix_f2r_forBody_s2e_forEnd':
../src/decode.c:86:0: warning: ignoring #pragma HLS INTERFACE [-Wunknown-pragmas]
 #pragma HLS INTERFACE m_axi depth=64 port=imatrix offset=slave bundle=BUS_SRC
 
../src/decode.c:87:0: warning: ignoring #pragma HLS INTERFACE [-Wunknown-pragmas]
 #pragma HLS INTERFACE m_axi depth=64 port=omatrix offset=slave bundle=BUS_DST
 
../src/decode.c:88:0: warning: ignoring #pragma HLS INTERFACE [-Wunknown-pragmas]
 #pragma HLS INTERFACE s_axilite port=return bundle=BUS_CTRL
 
../src/decode.c:106:0: warning: ignoring #pragma HLS DATAFLOW [-Wunknown-pragmas]
   #pragma HLS DATAFLOW
 
../src/decode.c:110:0: warning: ignoring #pragma HLS UNROLL [-Wunknown-pragmas]
     #pragma HLS UNROLL skip_exit_check factor=16
 
../src/decode.c:117:0: warning: ignoring #pragma HLS UNROLL [-Wunknown-pragmas]
     #pragma HLS UNROLL skip_exit_check factor=16
 
../src/decode.c:122:0: warning: ignoring #pragma HLS UNROLL [-Wunknown-pragmas]
     #pragma HLS UNROLL skip_exit_check factor=16
 
../src/decode.c:123:16: warning: unused variable 'offset' [-Wunused-variable]
       unsigned offset = i*CHUNK_SIZE+l;
                ^~~~~~
../src/decode.c: In function 'YuvToRgb_f2r_entry_s2e_forEnd':
../src/decode.c:379:0: warning: ignoring #pragma HLS INTERFACE [-Wunknown-pragmas]
   #pragma HLS INTERFACE m_axi depth=64 port=y_buf offset=slave bundle=BUS_SRC
 
../src/decode.c:380:0: warning: ignoring #pragma HLS INTERFACE [-Wunknown-pragmas]
   #pragma HLS INTERFACE m_axi depth=64 port=u_buf offset=slave bundle=BUS_SRC
 
../src/decode.c:381:0: warning: ignoring #pragma HLS INTERFACE [-Wunknown-pragmas]
   #pragma HLS INTERFACE m_axi depth=64 port=v_buf offset=slave bundle=BUS_SRC
 
../src/decode.c:382:0: warning: ignoring #pragma HLS INTERFACE [-Wunknown-pragmas]
   #pragma HLS INTERFACE m_axi depth=768 port=rgb_buf offset=slave bundle=BUS_DST
 
../src/decode.c:383:0: warning: ignoring #pragma HLS INTERFACE [-Wunknown-pragmas]
   #pragma HLS INTERFACE s_axilite port=p bundle=CTRL_BUS
 
../src/decode.c:384:0: warning: ignoring #pragma HLS INTERFACE [-Wunknown-pragmas]
   #pragma HLS INTERFACE s_axilite port=return bundle=BUS_CTRL
 
../src/decode.c:393:0: warning: ignoring #pragma HLS ARRAY_PARTITION [-Wunknown-pragmas]
 #pragma HLS ARRAY_PARTITION variable=inp1_buf cyclic factor=16 dim=1
 
../src/decode.c:394:0: warning: ignoring #pragma HLS ARRAY_PARTITION [-Wunknown-pragmas]
 #pragma HLS ARRAY_PARTITION variable=inp2_buf cyclic factor=16 dim=1
 
../src/decode.c:395:0: warning: ignoring #pragma HLS ARRAY_PARTITION [-Wunknown-pragmas]
 #pragma HLS ARRAY_PARTITION variable=inp3_buf cyclic factor=16 dim=1
 
../src/decode.c:396:0: warning: ignoring #pragma HLS ARRAY_PARTITION [-Wunknown-pragmas]
 #pragma HLS ARRAY_PARTITION variable=out1_buf cyclic factor=16 dim=1
 
../src/decode.c:397:0: warning: ignoring #pragma HLS ARRAY_PARTITION [-Wunknown-pragmas]
 #pragma HLS ARRAY_PARTITION variable=out2_buf cyclic factor=16 dim=1
 
../src/decode.c:398:0: warning: ignoring #pragma HLS ARRAY_PARTITION [-Wunknown-pragmas]
 #pragma HLS ARRAY_PARTITION variable=out3_buf cyclic factor=16 dim=1
 
../src/decode.c:407:0: warning: ignoring #pragma HLS UNROLL [-Wunknown-pragmas]
       #pragma HLS UNROLL skip_exit_check factor=16
 
../src/decode.c:424:0: warning: ignoring #pragma HLS UNROLL [-Wunknown-pragmas]
       #pragma HLS UNROLL skip_exit_check factor=16
 
../src/decode.c:450:0: warning: ignoring #pragma HLS UNROLL [-Wunknown-pragmas]
       #pragma HLS UNROLL skip_exit_check factor=16
 
../src/decode.c: In function 'decode_start_f2r_vectorPh_s2e_forBody96Preheader':
../src/decode.c:535:0: warning: ignoring #pragma HLS ARRAY_PARTITION [-Wunknown-pragmas]
     #pragma HLS ARRAY_PARTITION variable=inp1_buf cyclic factor=16 dim=1
 
../src/decode.c:536:0: warning: ignoring #pragma HLS ARRAY_PARTITION [-Wunknown-pragmas]
     #pragma HLS ARRAY_PARTITION variable=inp2_buf cyclic factor=16 dim=1
 
../src/decode.c:537:0: warning: ignoring #pragma HLS ARRAY_PARTITION [-Wunknown-pragmas]
     #pragma HLS ARRAY_PARTITION variable=inp3_buf cyclic factor=16 dim=1
 
../src/decode.c:538:0: warning: ignoring #pragma HLS ARRAY_PARTITION [-Wunknown-pragmas]
     #pragma HLS ARRAY_PARTITION variable=out1_buf cyclic factor=16 dim=1
 
../src/decode.c:539:0: warning: ignoring #pragma HLS ARRAY_PARTITION [-Wunknown-pragmas]
     #pragma HLS ARRAY_PARTITION variable=out2_buf cyclic factor=16 dim=1
 
../src/decode.c:540:0: warning: ignoring #pragma HLS ARRAY_PARTITION [-Wunknown-pragmas]
     #pragma HLS ARRAY_PARTITION variable=out3_buf cyclic factor=16 dim=1
 
../src/decode.c:550:0: warning: ignoring #pragma HLS UNROLL [-Wunknown-pragmas]
           #pragma HLS UNROLL skip_exit_check factor=16
 
../src/decode.c:567:0: warning: ignoring #pragma HLS UNROLL [-Wunknown-pragmas]
           #pragma HLS UNROLL skip_exit_check factor=16
 
../src/decode.c:593:0: warning: ignoring #pragma HLS UNROLL [-Wunknown-pragmas]
           #pragma HLS UNROLL skip_exit_check factor=16
 
../src/decode.c: In function 'decode_block':
../src/decode.c:629:3: warning: label 'Reg_2' defined but not used [-Wunused-label]
   Reg_2:IZigzagMatrix_f2r_forBody_s2e_forEnd(HuffBuff, QuantBuff);
   ^~~~~
../src/decode.c: In function 'decode_start':
../src/decode.c:744:5: warning: label 'Reg_6' defined but not used [-Wunused-label]
     Reg_6:decode_start_f2r_vectorPh_s2e_forBody96Preheader(IDCTBuff, IDCTBuff[4], IDCTBuff[5], rgb_buf);
     ^~~~~
Finished building: ../src/decode.c
 
Building target: jpeg-rs.elf
Invoking: ARM v8 gcc linker
aarch64-none-elf-gcc -Wl,-T -Wl,../src/lscript.ld -L../../jpeg-rs_bsp/psu_cortexa53_0/lib -o "jpeg-rs.elf"  ./src/chenidct.o ./src/decode.o ./src/huffman.o ./src/init.o ./src/jfif_read.o ./src/jpeg2bmp.o ./src/main.o ./src/marker.o ./src/platform.o   -Wl,--start-group,-lxil,-lgcc,-lc,--end-group
Finished building target: jpeg-rs.elf
 
Invoking: ARM v8 Print Size
aarch64-none-elf-size jpeg-rs.elf  |tee "jpeg-rs.elf.size"
   text	   data	    bss	    dec	    hex	filename
 110348	   4648	  52896	 167892	  28fd4	jpeg-rs.elf
Finished building: jpeg-rs.elf.size
 
20:03:03 **** Auto Build of configuration Debug for project jpeg-rs ****
make all 
Building file: ../src/chenidct.c
Invoking: ARM v8 gcc compiler
aarch64-none-elf-gcc -Wall -O0 -g3 -c -fmessage-length=0 -MT"src/chenidct.o" -I../../jpeg-rs_bsp/psu_cortexa53_0/include -MMD -MP -MF"src/chenidct.d" -MT"src/chenidct.o" -o "src/chenidct.o" "../src/chenidct.c"
../src/chenidct.c: In function 'ChenIDct_f2r_vectorBody_s2e_forEnd212':
../src/chenidct.c:97:0: warning: ignoring #pragma HLS INTERFACE [-Wunknown-pragmas]
 #pragma HLS INTERFACE m_axi depth=64 port=y offset=slave bundle=BUS_SRC_DST
 
../src/chenidct.c:98:0: warning: ignoring #pragma HLS INTERFACE [-Wunknown-pragmas]
 #pragma HLS INTERFACE s_axilite port=return bundle=BUS_CTRL
 
../src/chenidct.c:104:0: warning: ignoring #pragma HLS ARRAY_PARTITION [-Wunknown-pragmas]
   #pragma HLS ARRAY_PARTITION variable=inp1_buf cyclic factor=16 dim=1
 
../src/chenidct.c:105:0: warning: ignoring #pragma HLS ARRAY_PARTITION [-Wunknown-pragmas]
   #pragma HLS ARRAY_PARTITION variable=out1_buf cyclic factor=16 dim=1
 
../src/chenidct.c:113:0: warning: ignoring #pragma HLS UNROLL [-Wunknown-pragmas]
       #pragma HLS UNROLL skip_exit_check factor=16
 
../src/chenidct.c:124:0: warning: ignoring #pragma HLS UNROLL [-Wunknown-pragmas]
     #pragma HLS UNROLL skip_exit_check factor=16
 
../src/chenidct.c:131:0: warning: ignoring #pragma HLS UNROLL [-Wunknown-pragmas]
       #pragma HLS UNROLL skip_exit_check factor=16
 
../src/chenidct.c: In function 'ChenIDct':
../src/chenidct.c:188:0: warning: ignoring #pragma HLS INTERFACE [-Wunknown-pragmas]
 #pragma HLS INTERFACE m_axi depth=64 port=x offset=slave bundle=BUS_SRC_DST
 
../src/chenidct.c:189:0: warning: ignoring #pragma HLS INTERFACE [-Wunknown-pragmas]
 #pragma HLS INTERFACE m_axi depth=64 port=y offset=slave bundle=BUS_SRC_DST
 
../src/chenidct.c:190:0: warning: ignoring #pragma HLS INTERFACE [-Wunknown-pragmas]
 #pragma HLS INTERFACE s_axilite port=return bundle=BUS_CTRL
 
Finished building: ../src/chenidct.c
 
Building target: jpeg-rs.elf
Invoking: ARM v8 gcc linker
aarch64-none-elf-gcc -Wl,-T -Wl,../src/lscript.ld -L../../jpeg-rs_bsp/psu_cortexa53_0/lib -o "jpeg-rs.elf"  ./src/chenidct.o ./src/decode.o ./src/huffman.o ./src/init.o ./src/jfif_read.o ./src/jpeg2bmp.o ./src/main.o ./src/marker.o ./src/platform.o   -Wl,--start-group,-lxil,-lgcc,-lc,--end-group
Finished building target: jpeg-rs.elf
 
Invoking: ARM v8 Print Size
aarch64-none-elf-size jpeg-rs.elf  |tee "jpeg-rs.elf.size"
   text	   data	    bss	    dec	    hex	filename
 110028	   4648	  52896	 167572	  28e94	jpeg-rs.elf
Finished building: jpeg-rs.elf.size
 
20:03:13 **** Auto Build of configuration Debug for project jpeg-rs ****
make all 
Building file: ../src/chenidct.c
Invoking: ARM v8 gcc compiler
aarch64-none-elf-gcc -Wall -O0 -g3 -c -fmessage-length=0 -MT"src/chenidct.o" -I../../jpeg-rs_bsp/psu_cortexa53_0/include -MMD -MP -MF"src/chenidct.d" -MT"src/chenidct.o" -o "src/chenidct.o" "../src/chenidct.c"
../src/chenidct.c: In function 'ChenIDct_f2r_vectorBody_s2e_forEnd212':
../src/chenidct.c:97:0: warning: ignoring #pragma HLS INTERFACE [-Wunknown-pragmas]
 #pragma HLS INTERFACE m_axi depth=64 port=y offset=slave bundle=BUS_SRC_DST
 
../src/chenidct.c:98:0: warning: ignoring #pragma HLS INTERFACE [-Wunknown-pragmas]
 #pragma HLS INTERFACE s_axilite port=return bundle=BUS_CTRL
 
../src/chenidct.c:104:0: warning: ignoring #pragma HLS ARRAY_PARTITION [-Wunknown-pragmas]
   #pragma HLS ARRAY_PARTITION variable=inp1_buf cyclic factor=16 dim=1
 
../src/chenidct.c:105:0: warning: ignoring #pragma HLS ARRAY_PARTITION [-Wunknown-pragmas]
   #pragma HLS ARRAY_PARTITION variable=out1_buf cyclic factor=16 dim=1
 
../src/chenidct.c:113:0: warning: ignoring #pragma HLS UNROLL [-Wunknown-pragmas]
       #pragma HLS UNROLL skip_exit_check factor=16
 
../src/chenidct.c:124:0: warning: ignoring #pragma HLS UNROLL [-Wunknown-pragmas]
     #pragma HLS UNROLL skip_exit_check factor=16
 
../src/chenidct.c:131:0: warning: ignoring #pragma HLS UNROLL [-Wunknown-pragmas]
       #pragma HLS UNROLL skip_exit_check factor=16
 
../src/chenidct.c: In function 'ChenIDct':
../src/chenidct.c:188:0: warning: ignoring #pragma HLS INTERFACE [-Wunknown-pragmas]
 #pragma HLS INTERFACE m_axi depth=64 port=x offset=slave bundle=BUS_SRC_DST
 
../src/chenidct.c:189:0: warning: ignoring #pragma HLS INTERFACE [-Wunknown-pragmas]
 #pragma HLS INTERFACE m_axi depth=64 port=y offset=slave bundle=BUS_SRC_DST
 
../src/chenidct.c:190:0: warning: ignoring #pragma HLS INTERFACE [-Wunknown-pragmas]
 #pragma HLS INTERFACE s_axilite port=return bundle=BUS_CTRL
 
Finished building: ../src/chenidct.c
 
Building target: jpeg-rs.elf
Invoking: ARM v8 gcc linker
aarch64-none-elf-gcc -Wl,-T -Wl,../src/lscript.ld -L../../jpeg-rs_bsp/psu_cortexa53_0/lib -o "jpeg-rs.elf"  ./src/chenidct.o ./src/decode.o ./src/huffman.o ./src/init.o ./src/jfif_read.o ./src/jpeg2bmp.o ./src/main.o ./src/marker.o ./src/platform.o   -Wl,--start-group,-lxil,-lgcc,-lc,--end-group
Finished building target: jpeg-rs.elf
 
Invoking: ARM v8 Print Size
aarch64-none-elf-size jpeg-rs.elf  |tee "jpeg-rs.elf.size"
   text	   data	    bss	    dec	    hex	filename
 110156	   4648	  52896	 167700	  28f14	jpeg-rs.elf
Finished building: jpeg-rs.elf.size
 
20:03:17 **** Incremental Build of configuration Debug for project jpeg-rs ****
make all 
make: Nothing to be done for `all'.
20:03:46 **** Auto Build of configuration Debug for project jpeg-rs ****
make all 
Building file: ../src/chenidct.c
Invoking: ARM v8 gcc compiler
aarch64-none-elf-gcc -Wall -O0 -g3 -c -fmessage-length=0 -MT"src/chenidct.o" -I../../jpeg-rs_bsp/psu_cortexa53_0/include -MMD -MP -MF"src/chenidct.d" -MT"src/chenidct.o" -o "src/chenidct.o" "../src/chenidct.c"
../src/chenidct.c: In function 'ChenIDct_f2r_vectorBody_s2e_forEnd212':
../src/chenidct.c:97:0: warning: ignoring #pragma HLS INTERFACE [-Wunknown-pragmas]
 #pragma HLS INTERFACE m_axi depth=64 port=y offset=slave bundle=BUS_SRC_DST
 
../src/chenidct.c:98:0: warning: ignoring #pragma HLS INTERFACE [-Wunknown-pragmas]
 #pragma HLS INTERFACE s_axilite port=return bundle=BUS_CTRL
 
../src/chenidct.c:104:0: warning: ignoring #pragma HLS ARRAY_PARTITION [-Wunknown-pragmas]
   #pragma HLS ARRAY_PARTITION variable=inp1_buf cyclic factor=16 dim=1
 
../src/chenidct.c:105:0: warning: ignoring #pragma HLS ARRAY_PARTITION [-Wunknown-pragmas]
   #pragma HLS ARRAY_PARTITION variable=out1_buf cyclic factor=16 dim=1
 
../src/chenidct.c:113:0: warning: ignoring #pragma HLS UNROLL [-Wunknown-pragmas]
       #pragma HLS UNROLL skip_exit_check factor=16
 
../src/chenidct.c:124:0: warning: ignoring #pragma HLS UNROLL [-Wunknown-pragmas]
     #pragma HLS UNROLL skip_exit_check factor=16
 
../src/chenidct.c:131:0: warning: ignoring #pragma HLS UNROLL [-Wunknown-pragmas]
       #pragma HLS UNROLL skip_exit_check factor=16
 
../src/chenidct.c: In function 'ChenIDct':
../src/chenidct.c:188:0: warning: ignoring #pragma HLS INTERFACE [-Wunknown-pragmas]
 #pragma HLS INTERFACE m_axi depth=64 port=x offset=slave bundle=BUS_SRC_DST
 
../src/chenidct.c:189:0: warning: ignoring #pragma HLS INTERFACE [-Wunknown-pragmas]
 #pragma HLS INTERFACE m_axi depth=64 port=y offset=slave bundle=BUS_SRC_DST
 
../src/chenidct.c:190:0: warning: ignoring #pragma HLS INTERFACE [-Wunknown-pragmas]
 #pragma HLS INTERFACE s_axilite port=return bundle=BUS_CTRL
 
../src/chenidct.c:347:0: warning: ignoring #pragma HLS ARRAY_PARTITION [-Wunknown-pragmas]
   #pragma HLS ARRAY_PARTITION variable=inp1_buf cyclic factor=16 dim=1
 
../src/chenidct.c:348:0: warning: ignoring #pragma HLS ARRAY_PARTITION [-Wunknown-pragmas]
   #pragma HLS ARRAY_PARTITION variable=out1_buf cyclic factor=16 dim=1
 
../src/chenidct.c:356:0: warning: ignoring #pragma HLS UNROLL [-Wunknown-pragmas]
       #pragma HLS UNROLL skip_exit_check factor=16
 
../src/chenidct.c:367:0: warning: ignoring #pragma HLS UNROLL [-Wunknown-pragmas]
     #pragma HLS UNROLL skip_exit_check factor=16
 
../src/chenidct.c:374:0: warning: ignoring #pragma HLS UNROLL [-Wunknown-pragmas]
       #pragma HLS UNROLL skip_exit_check factor=16
 
Finished building: ../src/chenidct.c
 
Building target: jpeg-rs.elf
Invoking: ARM v8 gcc linker
aarch64-none-elf-gcc -Wl,-T -Wl,../src/lscript.ld -L../../jpeg-rs_bsp/psu_cortexa53_0/lib -o "jpeg-rs.elf"  ./src/chenidct.o ./src/decode.o ./src/huffman.o ./src/init.o ./src/jfif_read.o ./src/jpeg2bmp.o ./src/main.o ./src/marker.o ./src/platform.o   -Wl,--start-group,-lxil,-lgcc,-lc,--end-group
Finished building target: jpeg-rs.elf
 
Invoking: ARM v8 Print Size
aarch64-none-elf-size jpeg-rs.elf  |tee "jpeg-rs.elf.size"
   text	   data	    bss	    dec	    hex	filename
 110348	   4648	  52896	 167892	  28fd4	jpeg-rs.elf
Finished building: jpeg-rs.elf.size
 
20:03:51 **** Incremental Build of configuration Debug for project jpeg-rs ****
make all 
make: Nothing to be done for `all'.
