

================================================================
== Vivado HLS Report for 'BoundIDctMatrix'
================================================================
* Date:           Thu May 17 17:39:00 2018

* Version:        2017.4 (Build 2086221 on Fri Dec 15 21:13:33 MST 2017)
* Project:        BoundIDctMatrix
* Solution:       OPT
* Product family: zynquplus
* Target device:  xczu9eg-ffvb1156-2-i


================================================================
== Performance Estimates
================================================================
+ Timing (ns): 
    * Summary: 
    +--------+-------+----------+------------+
    |  Clock | Target| Estimated| Uncertainty|
    +--------+-------+----------+------------+
    |ap_clk  |   3.00|      2.62|        0.38|
    +--------+-------+----------+------------+

+ Latency (clock cycles): 
    * Summary: 
    +-----+-----+-----+-----+---------+
    |  Latency  |  Interval | Pipeline|
    | min | max | min | max |   Type  |
    +-----+-----+-----+-----+---------+
    |  160|  160|  160|  160|   none  |
    +-----+-----+-----+-----+---------+

    + Detail: 
        * Instance: 
        N/A

        * Loop: 
        +-------------------------------+-----+-----+----------+-----------+-----------+------+----------+
        |                               |  Latency  | Iteration|  Initiation Interval  | Trip |          |
        |           Loop Name           | min | max |  Latency |  achieved |   target  | Count| Pipelined|
        +-------------------------------+-----+-----+----------+-----------+-----------+------+----------+
        |- Loop 1                       |  148|  148|        74|          -|          -|     2|    no    |
        | + memcpy.inp1_buf.matrix      |   34|   34|         3|          1|          1|    32|    yes   |
        | + Loop 1.2                    |    2|    2|         1|          -|          -|     2|    no    |
        | + memcpy.matrix.inp1_buf.gep  |   32|   32|         2|          1|          1|    32|    yes   |
        +-------------------------------+-----+-----+----------+-----------+-----------+------+----------+



================================================================
== Utilization Estimates
================================================================
* Summary: 
+-----------------+---------+-------+--------+--------+-----+
|       Name      | BRAM_18K| DSP48E|   FF   |   LUT  | URAM|
+-----------------+---------+-------+--------+--------+-----+
|DSP              |        -|      -|       -|       -|    -|
|Expression       |        -|      -|       0|    6120|    -|
|FIFO             |        -|      -|       -|       -|    -|
|Instance         |        2|      -|     686|    1005|    -|
|Memory           |        -|      -|       -|       -|    -|
|Multiplexer      |        -|      -|       -|    1281|    -|
|Register         |        -|      -|    3291|       -|    -|
+-----------------+---------+-------+--------+--------+-----+
|Total            |        2|      0|    3977|    8406|    0|
+-----------------+---------+-------+--------+--------+-----+
|Available        |     1824|   2520|  548160|  274080|    0|
+-----------------+---------+-------+--------+--------+-----+
|Utilization (%)  |    ~0   |      0|   ~0   |       3|    0|
+-----------------+---------+-------+--------+--------+-----+

+ Detail: 
    * Instance: 
    +----------------------------------+--------------------------------+---------+-------+-----+-----+
    |             Instance             |             Module             | BRAM_18K| DSP48E|  FF | LUT |
    +----------------------------------+--------------------------------+---------+-------+-----+-----+
    |BoundIDctMatrix_BUS_CTRL_s_axi_U  |BoundIDctMatrix_BUS_CTRL_s_axi  |        0|      0|  106|  168|
    |BoundIDctMatrix_BUS_DST_m_axi_U   |BoundIDctMatrix_BUS_DST_m_axi   |        2|      0|  512|  580|
    |BoundIDctMatrix_BUS_SRC_s_axi_U   |BoundIDctMatrix_BUS_SRC_s_axi   |        0|      0|   68|  104|
    |BoundIDctMatrix_mbkb_U1           |BoundIDctMatrix_mbkb            |        0|      0|    0|  153|
    +----------------------------------+--------------------------------+---------+-------+-----+-----+
    |Total                             |                                |        2|      0|  686| 1005|
    +----------------------------------+--------------------------------+---------+-------+-----+-----+

    * DSP48: 
    N/A

    * Memory: 
    N/A

    * FIFO: 
    N/A

    * Expression: 
    +-----------------------------------+----------+-------+---+----+------------+------------+
    |           Variable Name           | Operation| DSP48E| FF| LUT| Bitwidth P0| Bitwidth P1|
    +-----------------------------------+----------+-------+---+----+------------+------------+
    |i_1_fu_3096_p2                     |     +    |      0|  0|   9|           2|           1|
    |indvar_next7_fu_4704_p2            |     +    |      0|  0|  15|           6|           1|
    |indvar_next_fu_3108_p2             |     +    |      0|  0|  15|           6|           1|
    |k_1_s_fu_4692_p2                   |     +    |      0|  0|  15|           6|           5|
    |ap_block_pp0_stage0_11001          |    and   |      0|  0|   9|           1|           1|
    |ap_block_pp1_stage0_11001          |    and   |      0|  0|   9|           1|           1|
    |ap_block_state11_pp0_stage0_iter1  |    and   |      0|  0|   9|           1|           1|
    |ap_block_state16_io                |    and   |      0|  0|   9|           1|           1|
    |ap_condition_2386                  |    and   |      0|  0|   9|           1|           1|
    |exitcond1_fu_3090_p2               |   icmp   |      0|  0|   9|           2|           3|
    |exitcond2_fu_3102_p2               |   icmp   |      0|  0|  11|           6|           7|
    |exitcond8_fu_4698_p2               |   icmp   |      0|  0|  11|           6|           7|
    |exitcond_fu_3350_p2                |   icmp   |      0|  0|  11|           6|           7|
    |tmp_5_10_fu_4293_p2                |   icmp   |      0|  0|  20|          32|          32|
    |tmp_5_11_fu_4376_p2                |   icmp   |      0|  0|  20|          32|          32|
    |tmp_5_12_fu_4459_p2                |   icmp   |      0|  0|  20|          32|          32|
    |tmp_5_13_fu_4542_p2                |   icmp   |      0|  0|  20|          32|          32|
    |tmp_5_14_fu_4625_p2                |   icmp   |      0|  0|  20|          32|          32|
    |tmp_5_1_fu_3463_p2                 |   icmp   |      0|  0|  20|          32|          32|
    |tmp_5_2_fu_3546_p2                 |   icmp   |      0|  0|  20|          32|          32|
    |tmp_5_3_fu_3629_p2                 |   icmp   |      0|  0|  20|          32|          32|
    |tmp_5_4_fu_3712_p2                 |   icmp   |      0|  0|  20|          32|          32|
    |tmp_5_5_fu_3795_p2                 |   icmp   |      0|  0|  20|          32|          32|
    |tmp_5_6_fu_3878_p2                 |   icmp   |      0|  0|  20|          32|          32|
    |tmp_5_7_fu_3961_p2                 |   icmp   |      0|  0|  20|          32|          32|
    |tmp_5_8_fu_4044_p2                 |   icmp   |      0|  0|  20|          32|          32|
    |tmp_5_9_fu_4127_p2                 |   icmp   |      0|  0|  20|          32|          32|
    |tmp_5_s_fu_4210_p2                 |   icmp   |      0|  0|  20|          32|          32|
    |tmp_s_fu_3380_p2                   |   icmp   |      0|  0|  20|          32|          32|
    |inp1_buf_0_0_4_fu_3439_p3          |  select  |      0|  0|  32|           1|          32|
    |inp1_buf_0_0_5_fu_3393_p3          |  select  |      0|  0|  32|           1|          32|
    |inp1_buf_0_1_4_fu_3431_p3          |  select  |      0|  0|  32|           1|          32|
    |inp1_buf_0_1_5_fu_3385_p3          |  select  |      0|  0|  32|           1|           1|
    |inp1_buf_10_0_4_fu_4269_p3         |  select  |      0|  0|  32|           1|          32|
    |inp1_buf_10_0_5_fu_4223_p3         |  select  |      0|  0|  32|           1|          32|
    |inp1_buf_10_1_4_fu_4261_p3         |  select  |      0|  0|  32|           1|          32|
    |inp1_buf_10_1_5_fu_4215_p3         |  select  |      0|  0|  32|           1|           1|
    |inp1_buf_11_0_4_fu_4352_p3         |  select  |      0|  0|  32|           1|          32|
    |inp1_buf_11_0_5_fu_4306_p3         |  select  |      0|  0|  32|           1|          32|
    |inp1_buf_11_1_4_fu_4344_p3         |  select  |      0|  0|  32|           1|          32|
    |inp1_buf_11_1_5_fu_4298_p3         |  select  |      0|  0|  32|           1|           1|
    |inp1_buf_12_0_4_fu_4435_p3         |  select  |      0|  0|  32|           1|          32|
    |inp1_buf_12_0_5_fu_4389_p3         |  select  |      0|  0|  32|           1|          32|
    |inp1_buf_12_1_4_fu_4427_p3         |  select  |      0|  0|  32|           1|          32|
    |inp1_buf_12_1_5_fu_4381_p3         |  select  |      0|  0|  32|           1|           1|
    |inp1_buf_13_0_4_fu_4518_p3         |  select  |      0|  0|  32|           1|          32|
    |inp1_buf_13_0_5_fu_4472_p3         |  select  |      0|  0|  32|           1|          32|
    |inp1_buf_13_1_4_fu_4510_p3         |  select  |      0|  0|  32|           1|          32|
    |inp1_buf_13_1_5_fu_4464_p3         |  select  |      0|  0|  32|           1|           1|
    |inp1_buf_14_0_4_fu_4601_p3         |  select  |      0|  0|  32|           1|          32|
    |inp1_buf_14_0_5_fu_4555_p3         |  select  |      0|  0|  32|           1|          32|
    |inp1_buf_14_1_4_fu_4593_p3         |  select  |      0|  0|  32|           1|          32|
    |inp1_buf_14_1_5_fu_4547_p3         |  select  |      0|  0|  32|           1|           1|
    |inp1_buf_15_0_4_fu_4684_p3         |  select  |      0|  0|  32|           1|          32|
    |inp1_buf_15_0_5_fu_4638_p3         |  select  |      0|  0|  32|           1|          32|
    |inp1_buf_15_1_100_fu_4585_p3       |  select  |      0|  0|  32|           1|          32|
    |inp1_buf_15_1_101_fu_4653_p3       |  select  |      0|  0|  32|           1|          32|
    |inp1_buf_15_1_102_fu_4668_p3       |  select  |      0|  0|  32|           1|          32|
    |inp1_buf_15_1_10_fu_3343_p3        |  select  |      0|  0|  32|           1|          32|
    |inp1_buf_15_1_11_fu_3322_p3        |  select  |      0|  0|  32|           1|          32|
    |inp1_buf_15_1_12_fu_3329_p3        |  select  |      0|  0|  32|           1|          32|
    |inp1_buf_15_1_13_fu_3308_p3        |  select  |      0|  0|  32|           1|          32|
    |inp1_buf_15_1_14_fu_3315_p3        |  select  |      0|  0|  32|           1|          32|
    |inp1_buf_15_1_15_fu_3294_p3        |  select  |      0|  0|  32|           1|          32|
    |inp1_buf_15_1_16_fu_3301_p3        |  select  |      0|  0|  32|           1|          32|
    |inp1_buf_15_1_17_fu_3280_p3        |  select  |      0|  0|  32|           1|          32|
    |inp1_buf_15_1_18_fu_3287_p3        |  select  |      0|  0|  32|           1|          32|
    |inp1_buf_15_1_19_fu_3266_p3        |  select  |      0|  0|  32|           1|          32|
    |inp1_buf_15_1_20_fu_3273_p3        |  select  |      0|  0|  32|           1|          32|
    |inp1_buf_15_1_21_fu_3252_p3        |  select  |      0|  0|  32|           1|          32|
    |inp1_buf_15_1_22_fu_3259_p3        |  select  |      0|  0|  32|           1|          32|
    |inp1_buf_15_1_23_fu_3238_p3        |  select  |      0|  0|  32|           1|          32|
    |inp1_buf_15_1_24_fu_3245_p3        |  select  |      0|  0|  32|           1|          32|
    |inp1_buf_15_1_25_fu_3224_p3        |  select  |      0|  0|  32|           1|          32|
    |inp1_buf_15_1_26_fu_3231_p3        |  select  |      0|  0|  32|           1|          32|
    |inp1_buf_15_1_27_fu_3210_p3        |  select  |      0|  0|  32|           1|          32|
    |inp1_buf_15_1_28_fu_3217_p3        |  select  |      0|  0|  32|           1|          32|
    |inp1_buf_15_1_29_fu_3196_p3        |  select  |      0|  0|  32|           1|          32|
    |inp1_buf_15_1_30_fu_3203_p3        |  select  |      0|  0|  32|           1|          32|
    |inp1_buf_15_1_31_fu_3182_p3        |  select  |      0|  0|  32|           1|          32|
    |inp1_buf_15_1_32_fu_3189_p3        |  select  |      0|  0|  32|           1|          32|
    |inp1_buf_15_1_33_fu_3168_p3        |  select  |      0|  0|  32|           1|          32|
    |inp1_buf_15_1_34_fu_3175_p3        |  select  |      0|  0|  32|           1|          32|
    |inp1_buf_15_1_35_fu_3154_p3        |  select  |      0|  0|  32|           1|          32|
    |inp1_buf_15_1_36_fu_3161_p3        |  select  |      0|  0|  32|           1|          32|
    |inp1_buf_15_1_37_fu_3140_p3        |  select  |      0|  0|  32|           1|          32|
    |inp1_buf_15_1_38_fu_3147_p3        |  select  |      0|  0|  32|           1|          32|
    |inp1_buf_15_1_39_fu_3126_p3        |  select  |      0|  0|  32|           1|          32|
    |inp1_buf_15_1_40_fu_3133_p3        |  select  |      0|  0|  32|           1|          32|
    |inp1_buf_15_1_41_fu_3401_p3        |  select  |      0|  0|  32|           1|          32|
    |inp1_buf_15_1_42_fu_3408_p3        |  select  |      0|  0|  32|           1|          32|
    |inp1_buf_15_1_43_fu_3415_p3        |  select  |      0|  0|  32|           1|          32|
    |inp1_buf_15_1_44_fu_3423_p3        |  select  |      0|  0|  32|           1|          32|
    |inp1_buf_15_1_45_fu_3484_p3        |  select  |      0|  0|  32|           1|          32|
    |inp1_buf_15_1_46_fu_3491_p3        |  select  |      0|  0|  32|           1|          32|
    |inp1_buf_15_1_47_fu_3498_p3        |  select  |      0|  0|  32|           1|          32|
    |inp1_buf_15_1_48_fu_3506_p3        |  select  |      0|  0|  32|           1|          32|
    |inp1_buf_15_1_49_fu_3567_p3        |  select  |      0|  0|  32|           1|          32|
    |inp1_buf_15_1_4_fu_4676_p3         |  select  |      0|  0|  32|           1|          32|
    |inp1_buf_15_1_50_fu_3574_p3        |  select  |      0|  0|  32|           1|          32|
    |inp1_buf_15_1_51_fu_3581_p3        |  select  |      0|  0|  32|           1|          32|
    |inp1_buf_15_1_52_fu_3589_p3        |  select  |      0|  0|  32|           1|          32|
    |inp1_buf_15_1_53_fu_3650_p3        |  select  |      0|  0|  32|           1|          32|
    |inp1_buf_15_1_54_fu_3657_p3        |  select  |      0|  0|  32|           1|          32|
    |inp1_buf_15_1_55_fu_3664_p3        |  select  |      0|  0|  32|           1|          32|
    |inp1_buf_15_1_56_fu_3672_p3        |  select  |      0|  0|  32|           1|          32|
    |inp1_buf_15_1_57_fu_3733_p3        |  select  |      0|  0|  32|           1|          32|
    |inp1_buf_15_1_58_fu_3740_p3        |  select  |      0|  0|  32|           1|          32|
    |inp1_buf_15_1_59_fu_3747_p3        |  select  |      0|  0|  32|           1|          32|
    |inp1_buf_15_1_5_fu_4630_p3         |  select  |      0|  0|  32|           1|           1|
    |inp1_buf_15_1_60_fu_3755_p3        |  select  |      0|  0|  32|           1|          32|
    |inp1_buf_15_1_61_fu_3816_p3        |  select  |      0|  0|  32|           1|          32|
    |inp1_buf_15_1_62_fu_3823_p3        |  select  |      0|  0|  32|           1|          32|
    |inp1_buf_15_1_63_fu_3830_p3        |  select  |      0|  0|  32|           1|          32|
    |inp1_buf_15_1_64_fu_3838_p3        |  select  |      0|  0|  32|           1|          32|
    |inp1_buf_15_1_65_fu_3899_p3        |  select  |      0|  0|  32|           1|          32|
    |inp1_buf_15_1_66_fu_3906_p3        |  select  |      0|  0|  32|           1|          32|
    |inp1_buf_15_1_67_fu_3913_p3        |  select  |      0|  0|  32|           1|          32|
    |inp1_buf_15_1_68_fu_3921_p3        |  select  |      0|  0|  32|           1|          32|
    |inp1_buf_15_1_69_fu_3982_p3        |  select  |      0|  0|  32|           1|          32|
    |inp1_buf_15_1_6_fu_4660_p3         |  select  |      0|  0|  32|           1|          32|
    |inp1_buf_15_1_70_fu_3989_p3        |  select  |      0|  0|  32|           1|          32|
    |inp1_buf_15_1_71_fu_3996_p3        |  select  |      0|  0|  32|           1|          32|
    |inp1_buf_15_1_72_fu_4004_p3        |  select  |      0|  0|  32|           1|          32|
    |inp1_buf_15_1_73_fu_4065_p3        |  select  |      0|  0|  32|           1|          32|
    |inp1_buf_15_1_74_fu_4072_p3        |  select  |      0|  0|  32|           1|          32|
    |inp1_buf_15_1_75_fu_4079_p3        |  select  |      0|  0|  32|           1|          32|
    |inp1_buf_15_1_76_fu_4087_p3        |  select  |      0|  0|  32|           1|          32|
    |inp1_buf_15_1_77_fu_4148_p3        |  select  |      0|  0|  32|           1|          32|
    |inp1_buf_15_1_78_fu_4155_p3        |  select  |      0|  0|  32|           1|          32|
    |inp1_buf_15_1_79_fu_4162_p3        |  select  |      0|  0|  32|           1|          32|
    |inp1_buf_15_1_7_fu_4646_p3         |  select  |      0|  0|  32|           1|          32|
    |inp1_buf_15_1_80_fu_4170_p3        |  select  |      0|  0|  32|           1|          32|
    |inp1_buf_15_1_81_fu_4231_p3        |  select  |      0|  0|  32|           1|          32|
    |inp1_buf_15_1_82_fu_4238_p3        |  select  |      0|  0|  32|           1|          32|
    |inp1_buf_15_1_83_fu_4245_p3        |  select  |      0|  0|  32|           1|          32|
    |inp1_buf_15_1_84_fu_4253_p3        |  select  |      0|  0|  32|           1|          32|
    |inp1_buf_15_1_85_fu_4314_p3        |  select  |      0|  0|  32|           1|          32|
    |inp1_buf_15_1_86_fu_4321_p3        |  select  |      0|  0|  32|           1|          32|
    |inp1_buf_15_1_87_fu_4328_p3        |  select  |      0|  0|  32|           1|          32|
    |inp1_buf_15_1_88_fu_4336_p3        |  select  |      0|  0|  32|           1|          32|
    |inp1_buf_15_1_89_fu_4397_p3        |  select  |      0|  0|  32|           1|          32|
    |inp1_buf_15_1_8_fu_3336_p3         |  select  |      0|  0|  32|           1|          32|
    |inp1_buf_15_1_90_fu_4404_p3        |  select  |      0|  0|  32|           1|          32|
    |inp1_buf_15_1_91_fu_4411_p3        |  select  |      0|  0|  32|           1|          32|
    |inp1_buf_15_1_92_fu_4419_p3        |  select  |      0|  0|  32|           1|          32|
    |inp1_buf_15_1_93_fu_4480_p3        |  select  |      0|  0|  32|           1|          32|
    |inp1_buf_15_1_94_fu_4487_p3        |  select  |      0|  0|  32|           1|          32|
    |inp1_buf_15_1_95_fu_4494_p3        |  select  |      0|  0|  32|           1|          32|
    |inp1_buf_15_1_96_fu_4502_p3        |  select  |      0|  0|  32|           1|          32|
    |inp1_buf_15_1_97_fu_4563_p3        |  select  |      0|  0|  32|           1|          32|
    |inp1_buf_15_1_98_fu_4570_p3        |  select  |      0|  0|  32|           1|          32|
    |inp1_buf_15_1_99_fu_4577_p3        |  select  |      0|  0|  32|           1|          32|
    |inp1_buf_1_0_4_fu_3522_p3          |  select  |      0|  0|  32|           1|          32|
    |inp1_buf_1_0_5_fu_3476_p3          |  select  |      0|  0|  32|           1|          32|
    |inp1_buf_1_1_4_fu_3514_p3          |  select  |      0|  0|  32|           1|          32|
    |inp1_buf_1_1_5_fu_3468_p3          |  select  |      0|  0|  32|           1|           1|
    |inp1_buf_2_0_4_fu_3605_p3          |  select  |      0|  0|  32|           1|          32|
    |inp1_buf_2_0_5_fu_3559_p3          |  select  |      0|  0|  32|           1|          32|
    |inp1_buf_2_1_4_fu_3597_p3          |  select  |      0|  0|  32|           1|          32|
    |inp1_buf_2_1_5_fu_3551_p3          |  select  |      0|  0|  32|           1|           1|
    |inp1_buf_3_0_4_fu_3688_p3          |  select  |      0|  0|  32|           1|          32|
    |inp1_buf_3_0_5_fu_3642_p3          |  select  |      0|  0|  32|           1|          32|
    |inp1_buf_3_1_4_fu_3680_p3          |  select  |      0|  0|  32|           1|          32|
    |inp1_buf_3_1_5_fu_3634_p3          |  select  |      0|  0|  32|           1|           1|
    |inp1_buf_4_0_4_fu_3771_p3          |  select  |      0|  0|  32|           1|          32|
    |inp1_buf_4_0_5_fu_3725_p3          |  select  |      0|  0|  32|           1|          32|
    |inp1_buf_4_1_4_fu_3763_p3          |  select  |      0|  0|  32|           1|          32|
    |inp1_buf_4_1_5_fu_3717_p3          |  select  |      0|  0|  32|           1|           1|
    |inp1_buf_5_0_4_fu_3854_p3          |  select  |      0|  0|  32|           1|          32|
    |inp1_buf_5_0_5_fu_3808_p3          |  select  |      0|  0|  32|           1|          32|
    |inp1_buf_5_1_4_fu_3846_p3          |  select  |      0|  0|  32|           1|          32|
    |inp1_buf_5_1_5_fu_3800_p3          |  select  |      0|  0|  32|           1|           1|
    |inp1_buf_6_0_4_fu_3937_p3          |  select  |      0|  0|  32|           1|          32|
    |inp1_buf_6_0_5_fu_3891_p3          |  select  |      0|  0|  32|           1|          32|
    |inp1_buf_6_1_4_fu_3929_p3          |  select  |      0|  0|  32|           1|          32|
    |inp1_buf_6_1_5_fu_3883_p3          |  select  |      0|  0|  32|           1|           1|
    |inp1_buf_7_0_4_fu_4020_p3          |  select  |      0|  0|  32|           1|          32|
    |inp1_buf_7_0_5_fu_3974_p3          |  select  |      0|  0|  32|           1|          32|
    |inp1_buf_7_1_4_fu_4012_p3          |  select  |      0|  0|  32|           1|          32|
    |inp1_buf_7_1_5_fu_3966_p3          |  select  |      0|  0|  32|           1|           1|
    |inp1_buf_8_0_4_fu_4103_p3          |  select  |      0|  0|  32|           1|          32|
    |inp1_buf_8_0_5_fu_4057_p3          |  select  |      0|  0|  32|           1|          32|
    |inp1_buf_8_1_4_fu_4095_p3          |  select  |      0|  0|  32|           1|          32|
    |inp1_buf_8_1_5_fu_4049_p3          |  select  |      0|  0|  32|           1|           1|
    |inp1_buf_9_0_4_fu_4186_p3          |  select  |      0|  0|  32|           1|          32|
    |inp1_buf_9_0_5_fu_4140_p3          |  select  |      0|  0|  32|           1|          32|
    |inp1_buf_9_1_4_fu_4178_p3          |  select  |      0|  0|  32|           1|          32|
    |inp1_buf_9_1_5_fu_4132_p3          |  select  |      0|  0|  32|           1|           1|
    |inp1_buf_load_0_phi_fu_3364_p3     |  select  |      0|  0|  32|           1|          32|
    |inp1_buf_load_10_phi_fu_4194_p3    |  select  |      0|  0|  32|           1|          32|
    |inp1_buf_load_11_phi_fu_4277_p3    |  select  |      0|  0|  32|           1|          32|
    |inp1_buf_load_12_phi_fu_4360_p3    |  select  |      0|  0|  32|           1|          32|
    |inp1_buf_load_13_phi_fu_4443_p3    |  select  |      0|  0|  32|           1|          32|
    |inp1_buf_load_14_phi_fu_4526_p3    |  select  |      0|  0|  32|           1|          32|
    |inp1_buf_load_15_phi_fu_4609_p3    |  select  |      0|  0|  32|           1|          32|
    |inp1_buf_load_17_phi_fu_3447_p3    |  select  |      0|  0|  32|           1|          32|
    |inp1_buf_load_2_phi_fu_3530_p3     |  select  |      0|  0|  32|           1|          32|
    |inp1_buf_load_3_phi_fu_3613_p3     |  select  |      0|  0|  32|           1|          32|
    |inp1_buf_load_4_phi_fu_3696_p3     |  select  |      0|  0|  32|           1|          32|
    |inp1_buf_load_5_phi_fu_3779_p3     |  select  |      0|  0|  32|           1|          32|
    |inp1_buf_load_6_phi_fu_3862_p3     |  select  |      0|  0|  32|           1|          32|
    |inp1_buf_load_7_phi_fu_3945_p3     |  select  |      0|  0|  32|           1|          32|
    |inp1_buf_load_8_phi_fu_4028_p3     |  select  |      0|  0|  32|           1|          32|
    |inp1_buf_load_9_phi_fu_4111_p3     |  select  |      0|  0|  32|           1|          32|
    |ap_enable_pp0                      |    xor   |      0|  0|   9|           1|           2|
    |ap_enable_pp1                      |    xor   |      0|  0|   9|           1|           2|
    |ap_enable_reg_pp1_iter1            |    xor   |      0|  0|   9|           2|           1|
    +-----------------------------------+----------+-------+---+----+------------+------------+
    |Total                              |          |      0|  0|6120|         737|        5690|
    +-----------------------------------+----------+-------+---+----+------------+------------+

    * Multiplexer: 
    +--------------------------------------------+----+-----------+-----+-----------+
    |                    Name                    | LUT| Input Size| Bits| Total Bits|
    +--------------------------------------------+----+-----------+-----+-----------+
    |BUS_DST_blk_n_AR                            |   9|          2|    1|          2|
    |BUS_DST_blk_n_AW                            |   9|          2|    1|          2|
    |BUS_DST_blk_n_B                             |   9|          2|    1|          2|
    |BUS_DST_blk_n_R                             |   9|          2|    1|          2|
    |BUS_DST_blk_n_W                             |   9|          2|    1|          2|
    |ap_NS_fsm                                   |  93|         19|    1|         19|
    |ap_enable_reg_pp0_iter2                     |   9|          2|    1|          2|
    |ap_enable_reg_pp1_iter1                     |  15|          3|    1|          3|
    |ap_phi_mux_inp1_buf_0_0_s_phi_fu_2614_p32   |  15|          3|   32|         96|
    |ap_phi_mux_inp1_buf_0_1_2_phi_fu_2560_p32   |  15|          3|   32|         96|
    |ap_phi_mux_inp1_buf_10_0_2_phi_fu_1534_p32  |  15|          3|   32|         96|
    |ap_phi_mux_inp1_buf_10_1_2_phi_fu_1480_p32  |  15|          3|   32|         96|
    |ap_phi_mux_inp1_buf_11_0_2_phi_fu_1426_p32  |  15|          3|   32|         96|
    |ap_phi_mux_inp1_buf_11_1_2_phi_fu_1372_p32  |  15|          3|   32|         96|
    |ap_phi_mux_inp1_buf_12_0_2_phi_fu_1318_p32  |  15|          3|   32|         96|
    |ap_phi_mux_inp1_buf_12_1_2_phi_fu_1264_p32  |  15|          3|   32|         96|
    |ap_phi_mux_inp1_buf_13_0_2_phi_fu_1210_p32  |  15|          3|   32|         96|
    |ap_phi_mux_inp1_buf_13_1_2_phi_fu_1156_p32  |  15|          3|   32|         96|
    |ap_phi_mux_inp1_buf_14_0_2_phi_fu_1102_p32  |  15|          3|   32|         96|
    |ap_phi_mux_inp1_buf_14_1_2_phi_fu_1048_p32  |  15|          3|   32|         96|
    |ap_phi_mux_inp1_buf_15_0_2_phi_fu_994_p32   |  15|          3|   32|         96|
    |ap_phi_mux_inp1_buf_15_1_2_phi_fu_940_p32   |  15|          3|   32|         96|
    |ap_phi_mux_inp1_buf_1_0_2_phi_fu_2506_p32   |  15|          3|   32|         96|
    |ap_phi_mux_inp1_buf_1_1_2_phi_fu_2452_p32   |  15|          3|   32|         96|
    |ap_phi_mux_inp1_buf_2_0_2_phi_fu_2398_p32   |  15|          3|   32|         96|
    |ap_phi_mux_inp1_buf_2_1_2_phi_fu_2344_p32   |  15|          3|   32|         96|
    |ap_phi_mux_inp1_buf_3_0_2_phi_fu_2290_p32   |  15|          3|   32|         96|
    |ap_phi_mux_inp1_buf_3_1_2_phi_fu_2236_p32   |  15|          3|   32|         96|
    |ap_phi_mux_inp1_buf_4_0_2_phi_fu_2182_p32   |  15|          3|   32|         96|
    |ap_phi_mux_inp1_buf_4_1_2_phi_fu_2128_p32   |  15|          3|   32|         96|
    |ap_phi_mux_inp1_buf_5_0_2_phi_fu_2074_p32   |  15|          3|   32|         96|
    |ap_phi_mux_inp1_buf_5_1_2_phi_fu_2020_p32   |  15|          3|   32|         96|
    |ap_phi_mux_inp1_buf_6_0_2_phi_fu_1966_p32   |  15|          3|   32|         96|
    |ap_phi_mux_inp1_buf_6_1_2_phi_fu_1912_p32   |  15|          3|   32|         96|
    |ap_phi_mux_inp1_buf_7_0_2_phi_fu_1858_p32   |  15|          3|   32|         96|
    |ap_phi_mux_inp1_buf_7_1_2_phi_fu_1804_p32   |  15|          3|   32|         96|
    |ap_phi_mux_inp1_buf_8_0_2_phi_fu_1750_p32   |  15|          3|   32|         96|
    |ap_phi_mux_inp1_buf_8_1_2_phi_fu_1696_p32   |  15|          3|   32|         96|
    |ap_phi_mux_inp1_buf_9_0_2_phi_fu_1642_p32   |  15|          3|   32|         96|
    |ap_phi_mux_inp1_buf_9_1_2_phi_fu_1588_p32   |  15|          3|   32|         96|
    |ap_sig_ioackin_BUS_DST_ARREADY              |   9|          2|    1|          2|
    |ap_sig_ioackin_BUS_DST_AWREADY              |   9|          2|    1|          2|
    |ap_sig_ioackin_BUS_DST_WREADY               |   9|          2|    1|          2|
    |i_reg_562                                   |   9|          2|    2|          4|
    |indvar6_reg_3059                            |   9|          2|    6|         12|
    |indvar_reg_573                              |   9|          2|    6|         12|
    |inp1_buf_0_0_1_reg_925                      |   9|          2|   32|         64|
    |inp1_buf_0_0_3_reg_3036                     |   9|          2|   32|         64|
    |inp1_buf_0_1_1_reg_914                      |   9|          2|   32|         64|
    |inp1_buf_0_1_3_reg_3024                     |   9|          2|   32|         64|
    |inp1_buf_10_0_1_reg_705                     |   9|          2|   32|         64|
    |inp1_buf_10_0_3_reg_2796                    |   9|          2|   32|         64|
    |inp1_buf_10_1_1_reg_694                     |   9|          2|   32|         64|
    |inp1_buf_10_1_3_reg_2784                    |   9|          2|   32|         64|
    |inp1_buf_11_0_1_reg_683                     |   9|          2|   32|         64|
    |inp1_buf_11_0_3_reg_2772                    |   9|          2|   32|         64|
    |inp1_buf_11_1_1_reg_672                     |   9|          2|   32|         64|
    |inp1_buf_11_1_3_reg_2760                    |   9|          2|   32|         64|
    |inp1_buf_12_0_1_reg_661                     |   9|          2|   32|         64|
    |inp1_buf_12_0_3_reg_2748                    |   9|          2|   32|         64|
    |inp1_buf_12_1_1_reg_650                     |   9|          2|   32|         64|
    |inp1_buf_12_1_3_reg_2736                    |   9|          2|   32|         64|
    |inp1_buf_13_0_1_reg_639                     |   9|          2|   32|         64|
    |inp1_buf_13_0_3_reg_2724                    |   9|          2|   32|         64|
    |inp1_buf_13_1_1_reg_628                     |   9|          2|   32|         64|
    |inp1_buf_13_1_3_reg_2712                    |   9|          2|   32|         64|
    |inp1_buf_14_0_1_reg_617                     |   9|          2|   32|         64|
    |inp1_buf_14_0_3_reg_2700                    |   9|          2|   32|         64|
    |inp1_buf_14_1_1_reg_606                     |   9|          2|   32|         64|
    |inp1_buf_14_1_3_reg_2688                    |   9|          2|   32|         64|
    |inp1_buf_15_0_1_reg_595                     |   9|          2|   32|         64|
    |inp1_buf_15_0_3_reg_2676                    |   9|          2|   32|         64|
    |inp1_buf_15_1_1_reg_584                     |   9|          2|   32|         64|
    |inp1_buf_15_1_3_reg_2664                    |   9|          2|   32|         64|
    |inp1_buf_1_0_1_reg_903                      |   9|          2|   32|         64|
    |inp1_buf_1_0_3_reg_3012                     |   9|          2|   32|         64|
    |inp1_buf_1_1_1_reg_892                      |   9|          2|   32|         64|
    |inp1_buf_1_1_3_reg_3000                     |   9|          2|   32|         64|
    |inp1_buf_2_0_1_reg_881                      |   9|          2|   32|         64|
    |inp1_buf_2_0_3_reg_2988                     |   9|          2|   32|         64|
    |inp1_buf_2_1_1_reg_870                      |   9|          2|   32|         64|
    |inp1_buf_2_1_3_reg_2976                     |   9|          2|   32|         64|
    |inp1_buf_3_0_1_reg_859                      |   9|          2|   32|         64|
    |inp1_buf_3_0_3_reg_2964                     |   9|          2|   32|         64|
    |inp1_buf_3_1_1_reg_848                      |   9|          2|   32|         64|
    |inp1_buf_3_1_3_reg_2952                     |   9|          2|   32|         64|
    |inp1_buf_4_0_1_reg_837                      |   9|          2|   32|         64|
    |inp1_buf_4_0_3_reg_2940                     |   9|          2|   32|         64|
    |inp1_buf_4_1_1_reg_826                      |   9|          2|   32|         64|
    |inp1_buf_4_1_3_reg_2928                     |   9|          2|   32|         64|
    |inp1_buf_5_0_1_reg_815                      |   9|          2|   32|         64|
    |inp1_buf_5_0_3_reg_2916                     |   9|          2|   32|         64|
    |inp1_buf_5_1_1_reg_804                      |   9|          2|   32|         64|
    |inp1_buf_5_1_3_reg_2904                     |   9|          2|   32|         64|
    |inp1_buf_6_0_1_reg_793                      |   9|          2|   32|         64|
    |inp1_buf_6_0_3_reg_2892                     |   9|          2|   32|         64|
    |inp1_buf_6_1_1_reg_782                      |   9|          2|   32|         64|
    |inp1_buf_6_1_3_reg_2880                     |   9|          2|   32|         64|
    |inp1_buf_7_0_1_reg_771                      |   9|          2|   32|         64|
    |inp1_buf_7_0_3_reg_2868                     |   9|          2|   32|         64|
    |inp1_buf_7_1_1_reg_760                      |   9|          2|   32|         64|
    |inp1_buf_7_1_3_reg_2856                     |   9|          2|   32|         64|
    |inp1_buf_8_0_1_reg_749                      |   9|          2|   32|         64|
    |inp1_buf_8_0_3_reg_2844                     |   9|          2|   32|         64|
    |inp1_buf_8_1_1_reg_738                      |   9|          2|   32|         64|
    |inp1_buf_8_1_3_reg_2832                     |   9|          2|   32|         64|
    |inp1_buf_9_0_1_reg_727                      |   9|          2|   32|         64|
    |inp1_buf_9_0_3_reg_2820                     |   9|          2|   32|         64|
    |inp1_buf_9_1_1_reg_716                      |   9|          2|   32|         64|
    |inp1_buf_9_1_3_reg_2808                     |   9|          2|   32|         64|
    |k_reg_3048                                  |   9|          2|    6|         12|
    +--------------------------------------------+----+-----------+-----+-----------+
    |Total                                       |1281|        272| 3103|       7248|
    +--------------------------------------------+----+-----------+-----+-----------+

    * Register: 
    +-------------------------------------+----+----+-----+-----------+
    |                 Name                | FF | LUT| Bits| Const Bits|
    +-------------------------------------+----+----+-----+-----------+
    |BUS_DST_addr_reg_4856                |  62|   0|   64|          2|
    |Bound_read_reg_4804                  |  32|   0|   32|          0|
    |ap_CS_fsm                            |  18|   0|   18|          0|
    |ap_enable_reg_pp0_iter0              |   1|   0|    1|          0|
    |ap_enable_reg_pp0_iter1              |   1|   0|    1|          0|
    |ap_enable_reg_pp0_iter2              |   1|   0|    1|          0|
    |ap_enable_reg_pp1_iter0              |   1|   0|    1|          0|
    |ap_enable_reg_pp1_iter1              |   1|   0|    1|          0|
    |ap_reg_ioackin_BUS_DST_ARREADY       |   1|   0|    1|          0|
    |ap_reg_ioackin_BUS_DST_AWREADY       |   1|   0|    1|          0|
    |ap_reg_ioackin_BUS_DST_WREADY        |   1|   0|    1|          0|
    |ap_reg_pp0_iter1_exitcond2_reg_4872  |   1|   0|    1|          0|
    |ap_reg_pp0_iter1_tmp_1_reg_4881      |   4|   0|    4|          0|
    |ap_reg_pp0_iter1_tmp_2_reg_4885      |   1|   0|    1|          0|
    |exitcond2_reg_4872                   |   1|   0|    1|          0|
    |exitcond8_reg_5126                   |   1|   0|    1|          0|
    |i_1_reg_4867                         |   2|   0|    2|          0|
    |i_reg_562                            |   2|   0|    2|          0|
    |indvar6_reg_3059                     |   6|   0|    6|          0|
    |indvar_reg_573                       |   6|   0|    6|          0|
    |inp1_buf_0_0_1_reg_925               |  32|   0|   32|          0|
    |inp1_buf_0_0_3_reg_3036              |  32|   0|   32|          0|
    |inp1_buf_0_0_reg_550                 |  32|   0|   32|          0|
    |inp1_buf_0_1_1_reg_914               |  32|   0|   32|          0|
    |inp1_buf_0_1_3_reg_3024              |  32|   0|   32|          0|
    |inp1_buf_0_1_7_reg_4921              |  32|   0|   32|          0|
    |inp1_buf_0_1_reg_538                 |  32|   0|   32|          0|
    |inp1_buf_10_0_1_reg_705              |  32|   0|   32|          0|
    |inp1_buf_10_0_3_reg_2796             |  32|   0|   32|          0|
    |inp1_buf_10_0_reg_310                |  32|   0|   32|          0|
    |inp1_buf_10_1_1_reg_694              |  32|   0|   32|          0|
    |inp1_buf_10_1_3_reg_2784             |  32|   0|   32|          0|
    |inp1_buf_10_1_reg_298                |  32|   0|   32|          0|
    |inp1_buf_11_0_1_reg_683              |  32|   0|   32|          0|
    |inp1_buf_11_0_3_reg_2772             |  32|   0|   32|          0|
    |inp1_buf_11_0_reg_286                |  32|   0|   32|          0|
    |inp1_buf_11_1_1_reg_672              |  32|   0|   32|          0|
    |inp1_buf_11_1_3_reg_2760             |  32|   0|   32|          0|
    |inp1_buf_11_1_reg_274                |  32|   0|   32|          0|
    |inp1_buf_12_0_1_reg_661              |  32|   0|   32|          0|
    |inp1_buf_12_0_3_reg_2748             |  32|   0|   32|          0|
    |inp1_buf_12_0_reg_262                |  32|   0|   32|          0|
    |inp1_buf_12_1_1_reg_650              |  32|   0|   32|          0|
    |inp1_buf_12_1_3_reg_2736             |  32|   0|   32|          0|
    |inp1_buf_12_1_reg_250                |  32|   0|   32|          0|
    |inp1_buf_13_0_1_reg_639              |  32|   0|   32|          0|
    |inp1_buf_13_0_3_reg_2724             |  32|   0|   32|          0|
    |inp1_buf_13_0_reg_238                |  32|   0|   32|          0|
    |inp1_buf_13_1_1_reg_628              |  32|   0|   32|          0|
    |inp1_buf_13_1_3_reg_2712             |  32|   0|   32|          0|
    |inp1_buf_13_1_reg_226                |  32|   0|   32|          0|
    |inp1_buf_14_0_1_reg_617              |  32|   0|   32|          0|
    |inp1_buf_14_0_3_reg_2700             |  32|   0|   32|          0|
    |inp1_buf_14_0_reg_214                |  32|   0|   32|          0|
    |inp1_buf_14_1_1_reg_606              |  32|   0|   32|          0|
    |inp1_buf_14_1_3_reg_2688             |  32|   0|   32|          0|
    |inp1_buf_14_1_reg_202                |  32|   0|   32|          0|
    |inp1_buf_15_0_1_reg_595              |  32|   0|   32|          0|
    |inp1_buf_15_0_3_reg_2676             |  32|   0|   32|          0|
    |inp1_buf_15_0_reg_190                |  32|   0|   32|          0|
    |inp1_buf_15_1_1_reg_584              |  32|   0|   32|          0|
    |inp1_buf_15_1_3_reg_2664             |  32|   0|   32|          0|
    |inp1_buf_15_1_reg_178                |  32|   0|   32|          0|
    |inp1_buf_1_0_1_reg_903               |  32|   0|   32|          0|
    |inp1_buf_1_0_3_reg_3012              |  32|   0|   32|          0|
    |inp1_buf_1_0_reg_526                 |  32|   0|   32|          0|
    |inp1_buf_1_1_1_reg_892               |  32|   0|   32|          0|
    |inp1_buf_1_1_3_reg_3000              |  32|   0|   32|          0|
    |inp1_buf_1_1_reg_514                 |  32|   0|   32|          0|
    |inp1_buf_2_0_1_reg_881               |  32|   0|   32|          0|
    |inp1_buf_2_0_3_reg_2988              |  32|   0|   32|          0|
    |inp1_buf_2_0_reg_502                 |  32|   0|   32|          0|
    |inp1_buf_2_1_1_reg_870               |  32|   0|   32|          0|
    |inp1_buf_2_1_3_reg_2976              |  32|   0|   32|          0|
    |inp1_buf_2_1_reg_490                 |  32|   0|   32|          0|
    |inp1_buf_3_0_1_reg_859               |  32|   0|   32|          0|
    |inp1_buf_3_0_3_reg_2964              |  32|   0|   32|          0|
    |inp1_buf_3_0_reg_478                 |  32|   0|   32|          0|
    |inp1_buf_3_1_1_reg_848               |  32|   0|   32|          0|
    |inp1_buf_3_1_3_reg_2952              |  32|   0|   32|          0|
    |inp1_buf_3_1_reg_466                 |  32|   0|   32|          0|
    |inp1_buf_4_0_1_reg_837               |  32|   0|   32|          0|
    |inp1_buf_4_0_3_reg_2940              |  32|   0|   32|          0|
    |inp1_buf_4_0_reg_454                 |  32|   0|   32|          0|
    |inp1_buf_4_1_1_reg_826               |  32|   0|   32|          0|
    |inp1_buf_4_1_3_reg_2928              |  32|   0|   32|          0|
    |inp1_buf_4_1_reg_442                 |  32|   0|   32|          0|
    |inp1_buf_5_0_1_reg_815               |  32|   0|   32|          0|
    |inp1_buf_5_0_3_reg_2916              |  32|   0|   32|          0|
    |inp1_buf_5_0_reg_430                 |  32|   0|   32|          0|
    |inp1_buf_5_1_1_reg_804               |  32|   0|   32|          0|
    |inp1_buf_5_1_3_reg_2904              |  32|   0|   32|          0|
    |inp1_buf_5_1_reg_418                 |  32|   0|   32|          0|
    |inp1_buf_6_0_1_reg_793               |  32|   0|   32|          0|
    |inp1_buf_6_0_3_reg_2892              |  32|   0|   32|          0|
    |inp1_buf_6_0_reg_406                 |  32|   0|   32|          0|
    |inp1_buf_6_1_1_reg_782               |  32|   0|   32|          0|
    |inp1_buf_6_1_3_reg_2880              |  32|   0|   32|          0|
    |inp1_buf_6_1_reg_394                 |  32|   0|   32|          0|
    |inp1_buf_7_0_1_reg_771               |  32|   0|   32|          0|
    |inp1_buf_7_0_3_reg_2868              |  32|   0|   32|          0|
    |inp1_buf_7_0_reg_382                 |  32|   0|   32|          0|
    |inp1_buf_7_1_1_reg_760               |  32|   0|   32|          0|
    |inp1_buf_7_1_3_reg_2856              |  32|   0|   32|          0|
    |inp1_buf_7_1_reg_370                 |  32|   0|   32|          0|
    |inp1_buf_8_0_1_reg_749               |  32|   0|   32|          0|
    |inp1_buf_8_0_3_reg_2844              |  32|   0|   32|          0|
    |inp1_buf_8_0_reg_358                 |  32|   0|   32|          0|
    |inp1_buf_8_1_1_reg_738               |  32|   0|   32|          0|
    |inp1_buf_8_1_3_reg_2832              |  32|   0|   32|          0|
    |inp1_buf_8_1_reg_346                 |  32|   0|   32|          0|
    |inp1_buf_9_0_1_reg_727               |  32|   0|   32|          0|
    |inp1_buf_9_0_3_reg_2820              |  32|   0|   32|          0|
    |inp1_buf_9_0_reg_334                 |  32|   0|   32|          0|
    |inp1_buf_9_1_1_reg_716               |  32|   0|   32|          0|
    |inp1_buf_9_1_3_reg_2808              |  32|   0|   32|          0|
    |inp1_buf_9_1_reg_322                 |  32|   0|   32|          0|
    |k_reg_3048                           |   6|   0|    6|          0|
    |tmp_1_reg_4881                       |   4|   0|    4|          0|
    |tmp_2_reg_4885                       |   1|   0|    1|          0|
    |tmp_3_reg_5135                       |  32|   0|   32|          0|
    +-------------------------------------+----+----+-----+-----------+
    |Total                                |3291|   0| 3293|          2|
    +-------------------------------------+----+----+-----+-----------+



================================================================
== Interface
================================================================
* Summary: 
+------------------------+-----+-----+------------+-----------------+--------------+
|        RTL Ports       | Dir | Bits|  Protocol  |  Source Object  |    C Type    |
+------------------------+-----+-----+------------+-----------------+--------------+
|s_axi_BUS_CTRL_AWVALID  |  in |    1|    s_axi   |     BUS_CTRL    |    scalar    |
|s_axi_BUS_CTRL_AWREADY  | out |    1|    s_axi   |     BUS_CTRL    |    scalar    |
|s_axi_BUS_CTRL_AWADDR   |  in |    5|    s_axi   |     BUS_CTRL    |    scalar    |
|s_axi_BUS_CTRL_WVALID   |  in |    1|    s_axi   |     BUS_CTRL    |    scalar    |
|s_axi_BUS_CTRL_WREADY   | out |    1|    s_axi   |     BUS_CTRL    |    scalar    |
|s_axi_BUS_CTRL_WDATA    |  in |   32|    s_axi   |     BUS_CTRL    |    scalar    |
|s_axi_BUS_CTRL_WSTRB    |  in |    4|    s_axi   |     BUS_CTRL    |    scalar    |
|s_axi_BUS_CTRL_ARVALID  |  in |    1|    s_axi   |     BUS_CTRL    |    scalar    |
|s_axi_BUS_CTRL_ARREADY  | out |    1|    s_axi   |     BUS_CTRL    |    scalar    |
|s_axi_BUS_CTRL_ARADDR   |  in |    5|    s_axi   |     BUS_CTRL    |    scalar    |
|s_axi_BUS_CTRL_RVALID   | out |    1|    s_axi   |     BUS_CTRL    |    scalar    |
|s_axi_BUS_CTRL_RREADY   |  in |    1|    s_axi   |     BUS_CTRL    |    scalar    |
|s_axi_BUS_CTRL_RDATA    | out |   32|    s_axi   |     BUS_CTRL    |    scalar    |
|s_axi_BUS_CTRL_RRESP    | out |    2|    s_axi   |     BUS_CTRL    |    scalar    |
|s_axi_BUS_CTRL_BVALID   | out |    1|    s_axi   |     BUS_CTRL    |    scalar    |
|s_axi_BUS_CTRL_BREADY   |  in |    1|    s_axi   |     BUS_CTRL    |    scalar    |
|s_axi_BUS_CTRL_BRESP    | out |    2|    s_axi   |     BUS_CTRL    |    scalar    |
|s_axi_BUS_SRC_AWVALID   |  in |    1|    s_axi   |     BUS_SRC     |    scalar    |
|s_axi_BUS_SRC_AWREADY   | out |    1|    s_axi   |     BUS_SRC     |    scalar    |
|s_axi_BUS_SRC_AWADDR    |  in |    5|    s_axi   |     BUS_SRC     |    scalar    |
|s_axi_BUS_SRC_WVALID    |  in |    1|    s_axi   |     BUS_SRC     |    scalar    |
|s_axi_BUS_SRC_WREADY    | out |    1|    s_axi   |     BUS_SRC     |    scalar    |
|s_axi_BUS_SRC_WDATA     |  in |   32|    s_axi   |     BUS_SRC     |    scalar    |
|s_axi_BUS_SRC_WSTRB     |  in |    4|    s_axi   |     BUS_SRC     |    scalar    |
|s_axi_BUS_SRC_ARVALID   |  in |    1|    s_axi   |     BUS_SRC     |    scalar    |
|s_axi_BUS_SRC_ARREADY   | out |    1|    s_axi   |     BUS_SRC     |    scalar    |
|s_axi_BUS_SRC_ARADDR    |  in |    5|    s_axi   |     BUS_SRC     |    scalar    |
|s_axi_BUS_SRC_RVALID    | out |    1|    s_axi   |     BUS_SRC     |    scalar    |
|s_axi_BUS_SRC_RREADY    |  in |    1|    s_axi   |     BUS_SRC     |    scalar    |
|s_axi_BUS_SRC_RDATA     | out |   32|    s_axi   |     BUS_SRC     |    scalar    |
|s_axi_BUS_SRC_RRESP     | out |    2|    s_axi   |     BUS_SRC     |    scalar    |
|s_axi_BUS_SRC_BVALID    | out |    1|    s_axi   |     BUS_SRC     |    scalar    |
|s_axi_BUS_SRC_BREADY    |  in |    1|    s_axi   |     BUS_SRC     |    scalar    |
|s_axi_BUS_SRC_BRESP     | out |    2|    s_axi   |     BUS_SRC     |    scalar    |
|ap_clk                  |  in |    1| ap_ctrl_hs | BoundIDctMatrix | return value |
|ap_rst_n                |  in |    1| ap_ctrl_hs | BoundIDctMatrix | return value |
|interrupt               | out |    1| ap_ctrl_hs | BoundIDctMatrix | return value |
|m_axi_BUS_DST_AWVALID   | out |    1|    m_axi   |     BUS_DST     |    pointer   |
|m_axi_BUS_DST_AWREADY   |  in |    1|    m_axi   |     BUS_DST     |    pointer   |
|m_axi_BUS_DST_AWADDR    | out |   64|    m_axi   |     BUS_DST     |    pointer   |
|m_axi_BUS_DST_AWID      | out |    1|    m_axi   |     BUS_DST     |    pointer   |
|m_axi_BUS_DST_AWLEN     | out |    8|    m_axi   |     BUS_DST     |    pointer   |
|m_axi_BUS_DST_AWSIZE    | out |    3|    m_axi   |     BUS_DST     |    pointer   |
|m_axi_BUS_DST_AWBURST   | out |    2|    m_axi   |     BUS_DST     |    pointer   |
|m_axi_BUS_DST_AWLOCK    | out |    2|    m_axi   |     BUS_DST     |    pointer   |
|m_axi_BUS_DST_AWCACHE   | out |    4|    m_axi   |     BUS_DST     |    pointer   |
|m_axi_BUS_DST_AWPROT    | out |    3|    m_axi   |     BUS_DST     |    pointer   |
|m_axi_BUS_DST_AWQOS     | out |    4|    m_axi   |     BUS_DST     |    pointer   |
|m_axi_BUS_DST_AWREGION  | out |    4|    m_axi   |     BUS_DST     |    pointer   |
|m_axi_BUS_DST_AWUSER    | out |    1|    m_axi   |     BUS_DST     |    pointer   |
|m_axi_BUS_DST_WVALID    | out |    1|    m_axi   |     BUS_DST     |    pointer   |
|m_axi_BUS_DST_WREADY    |  in |    1|    m_axi   |     BUS_DST     |    pointer   |
|m_axi_BUS_DST_WDATA     | out |   32|    m_axi   |     BUS_DST     |    pointer   |
|m_axi_BUS_DST_WSTRB     | out |    4|    m_axi   |     BUS_DST     |    pointer   |
|m_axi_BUS_DST_WLAST     | out |    1|    m_axi   |     BUS_DST     |    pointer   |
|m_axi_BUS_DST_WID       | out |    1|    m_axi   |     BUS_DST     |    pointer   |
|m_axi_BUS_DST_WUSER     | out |    1|    m_axi   |     BUS_DST     |    pointer   |
|m_axi_BUS_DST_ARVALID   | out |    1|    m_axi   |     BUS_DST     |    pointer   |
|m_axi_BUS_DST_ARREADY   |  in |    1|    m_axi   |     BUS_DST     |    pointer   |
|m_axi_BUS_DST_ARADDR    | out |   64|    m_axi   |     BUS_DST     |    pointer   |
|m_axi_BUS_DST_ARID      | out |    1|    m_axi   |     BUS_DST     |    pointer   |
|m_axi_BUS_DST_ARLEN     | out |    8|    m_axi   |     BUS_DST     |    pointer   |
|m_axi_BUS_DST_ARSIZE    | out |    3|    m_axi   |     BUS_DST     |    pointer   |
|m_axi_BUS_DST_ARBURST   | out |    2|    m_axi   |     BUS_DST     |    pointer   |
|m_axi_BUS_DST_ARLOCK    | out |    2|    m_axi   |     BUS_DST     |    pointer   |
|m_axi_BUS_DST_ARCACHE   | out |    4|    m_axi   |     BUS_DST     |    pointer   |
|m_axi_BUS_DST_ARPROT    | out |    3|    m_axi   |     BUS_DST     |    pointer   |
|m_axi_BUS_DST_ARQOS     | out |    4|    m_axi   |     BUS_DST     |    pointer   |
|m_axi_BUS_DST_ARREGION  | out |    4|    m_axi   |     BUS_DST     |    pointer   |
|m_axi_BUS_DST_ARUSER    | out |    1|    m_axi   |     BUS_DST     |    pointer   |
|m_axi_BUS_DST_RVALID    |  in |    1|    m_axi   |     BUS_DST     |    pointer   |
|m_axi_BUS_DST_RREADY    | out |    1|    m_axi   |     BUS_DST     |    pointer   |
|m_axi_BUS_DST_RDATA     |  in |   32|    m_axi   |     BUS_DST     |    pointer   |
|m_axi_BUS_DST_RLAST     |  in |    1|    m_axi   |     BUS_DST     |    pointer   |
|m_axi_BUS_DST_RID       |  in |    1|    m_axi   |     BUS_DST     |    pointer   |
|m_axi_BUS_DST_RUSER     |  in |    1|    m_axi   |     BUS_DST     |    pointer   |
|m_axi_BUS_DST_RRESP     |  in |    2|    m_axi   |     BUS_DST     |    pointer   |
|m_axi_BUS_DST_BVALID    |  in |    1|    m_axi   |     BUS_DST     |    pointer   |
|m_axi_BUS_DST_BREADY    | out |    1|    m_axi   |     BUS_DST     |    pointer   |
|m_axi_BUS_DST_BRESP     |  in |    2|    m_axi   |     BUS_DST     |    pointer   |
|m_axi_BUS_DST_BID       |  in |    1|    m_axi   |     BUS_DST     |    pointer   |
|m_axi_BUS_DST_BUSER     |  in |    1|    m_axi   |     BUS_DST     |    pointer   |
+------------------------+-----+-----+------------+-----------------+--------------+

