19:41:00 **** Build of project jpeg-rs_bsp ****
make -k all 
Running Make include in psu_cortexa53_0/libsrc/dpdma_v1_0/src
make -C psu_cortexa53_0/libsrc/dpdma_v1_0/src -s include  "SHELL=/bin/sh" "COMPILER=aarch64-none-elf-gcc" "ARCHIVER=aarch64-none-elf-ar" "COMPILER_FLAGS=  -O2 -c" "EXTRA_COMPILER_FLAGS=-g -Wall -Wextra"
Running Make include in psu_cortexa53_0/libsrc/ipipsu_v2_3/src
make -C psu_cortexa53_0/libsrc/ipipsu_v2_3/src -s include  "SHELL=/bin/sh" "COMPILER=aarch64-none-elf-gcc" "ARCHIVER=aarch64-none-elf-ar" "COMPILER_FLAGS=  -O2 -c" "EXTRA_COMPILER_FLAGS=-g -Wall -Wextra"
Running Make include in psu_cortexa53_0/libsrc/gpiops_v3_3/src
make -C psu_cortexa53_0/libsrc/gpiops_v3_3/src -s include  "SHELL=/bin/sh" "COMPILER=aarch64-none-elf-gcc" "ARCHIVER=aarch64-none-elf-ar" "COMPILER_FLAGS=  -O2 -c" "EXTRA_COMPILER_FLAGS=-g -Wall -Wextra"
Running Make include in psu_cortexa53_0/libsrc/scugic_v3_8/src
make -C psu_cortexa53_0/libsrc/scugic_v3_8/src -s include  "SHELL=/bin/sh" "COMPILER=aarch64-none-elf-gcc" "ARCHIVER=aarch64-none-elf-ar" "COMPILER_FLAGS=  -O2 -c" "EXTRA_COMPILER_FLAGS=-g -Wall -Wextra"
Running Make include in psu_cortexa53_0/libsrc/qspipsu_v1_6/src
make -C psu_cortexa53_0/libsrc/qspipsu_v1_6/src -s include  "SHELL=/bin/sh" "COMPILER=aarch64-none-elf-gcc" "ARCHIVER=aarch64-none-elf-ar" "COMPILER_FLAGS=  -O2 -c" "EXTRA_COMPILER_FLAGS=-g -Wall -Wextra"
Running Make include in psu_cortexa53_0/libsrc/sysmonpsu_v2_2/src
make -C psu_cortexa53_0/libsrc/sysmonpsu_v2_2/src -s include  "SHELL=/bin/sh" "COMPILER=aarch64-none-elf-gcc" "ARCHIVER=aarch64-none-elf-ar" "COMPILER_FLAGS=  -O2 -c" "EXTRA_COMPILER_FLAGS=-g -Wall -Wextra"
Running Make include in psu_cortexa53_0/libsrc/video_common_v4_2/src
make -C psu_cortexa53_0/libsrc/video_common_v4_2/src -s include  "SHELL=/bin/sh" "COMPILER=aarch64-none-elf-gcc" "ARCHIVER=aarch64-none-elf-ar" "COMPILER_FLAGS=  -O2 -c" "EXTRA_COMPILER_FLAGS=-g -Wall -Wextra"
Running Make include in psu_cortexa53_0/libsrc/standalone_v6_5/src
make -C psu_cortexa53_0/libsrc/standalone_v6_5/src -s include  "SHELL=/bin/sh" "COMPILER=aarch64-none-elf-gcc" "ARCHIVER=aarch64-none-elf-ar" "COMPILER_FLAGS=  -O2 -c" "EXTRA_COMPILER_FLAGS=-g -Wall -Wextra"
Running Make include in psu_cortexa53_0/libsrc/canps_v3_2/src
make -C psu_cortexa53_0/libsrc/canps_v3_2/src -s include  "SHELL=/bin/sh" "COMPILER=aarch64-none-elf-gcc" "ARCHIVER=aarch64-none-elf-ar" "COMPILER_FLAGS=  -O2 -c" "EXTRA_COMPILER_FLAGS=-g -Wall -Wextra"
Running Make include in psu_cortexa53_0/libsrc/dppsu_v1_1/src
make -C psu_cortexa53_0/libsrc/dppsu_v1_1/src -s include  "SHELL=/bin/sh" "COMPILER=aarch64-none-elf-gcc" "ARCHIVER=aarch64-none-elf-ar" "COMPILER_FLAGS=  -O2 -c" "EXTRA_COMPILER_FLAGS=-g -Wall -Wextra"
Running Make include in psu_cortexa53_0/libsrc/zdma_v1_4/src
make -C psu_cortexa53_0/libsrc/zdma_v1_4/src -s include  "SHELL=/bin/sh" "COMPILER=aarch64-none-elf-gcc" "ARCHIVER=aarch64-none-elf-ar" "COMPILER_FLAGS=  -O2 -c" "EXTRA_COMPILER_FLAGS=-g -Wall -Wextra"
Running Make include in psu_cortexa53_0/libsrc/decode_start_f2r_vectorPh_s2e_forBody96Preheader_v1_0/src
make -C psu_cortexa53_0/libsrc/decode_start_f2r_vectorPh_s2e_forBody96Preheader_v1_0/src -s include  "SHELL=/bin/sh" "COMPILER=aarch64-none-elf-gcc" "ARCHIVER=aarch64-none-elf-ar" "COMPILER_FLAGS=  -O2 -c" "EXTRA_COMPILER_FLAGS=-g -Wall -Wextra"
Running Make include in psu_cortexa53_0/libsrc/ttcps_v3_5/src
make -C psu_cortexa53_0/libsrc/ttcps_v3_5/src -s include  "SHELL=/bin/sh" "COMPILER=aarch64-none-elf-gcc" "ARCHIVER=aarch64-none-elf-ar" "COMPILER_FLAGS=  -O2 -c" "EXTRA_COMPILER_FLAGS=-g -Wall -Wextra"
Running Make include in psu_cortexa53_0/libsrc/wdtps_v3_0/src
make -C psu_cortexa53_0/libsrc/wdtps_v3_0/src -s include  "SHELL=/bin/sh" "COMPILER=aarch64-none-elf-gcc" "ARCHIVER=aarch64-none-elf-ar" "COMPILER_FLAGS=  -O2 -c" "EXTRA_COMPILER_FLAGS=-g -Wall -Wextra"
Running Make include in psu_cortexa53_0/libsrc/rtcpsu_v1_5/src
make -C psu_cortexa53_0/libsrc/rtcpsu_v1_5/src -s include  "SHELL=/bin/sh" "COMPILER=aarch64-none-elf-gcc" "ARCHIVER=aarch64-none-elf-ar" "COMPILER_FLAGS=  -O2 -c" "EXTRA_COMPILER_FLAGS=-g -Wall -Wextra"
Running Make include in psu_cortexa53_0/libsrc/avbuf_v2_0/src
make -C psu_cortexa53_0/libsrc/avbuf_v2_0/src -s include  "SHELL=/bin/sh" "COMPILER=aarch64-none-elf-gcc" "ARCHIVER=aarch64-none-elf-ar" "COMPILER_FLAGS=  -O2 -c" "EXTRA_COMPILER_FLAGS=-g -Wall -Wextra"
Running Make include in psu_cortexa53_0/libsrc/ddrcpsu_v1_1/src
make -C psu_cortexa53_0/libsrc/ddrcpsu_v1_1/src -s include  "SHELL=/bin/sh" "COMPILER=aarch64-none-elf-gcc" "ARCHIVER=aarch64-none-elf-ar" "COMPILER_FLAGS=  -O2 -c" "EXTRA_COMPILER_FLAGS=-g -Wall -Wextra"
Running Make include in psu_cortexa53_0/libsrc/csudma_v1_1/src
make -C psu_cortexa53_0/libsrc/csudma_v1_1/src -s include  "SHELL=/bin/sh" "COMPILER=aarch64-none-elf-gcc" "ARCHIVER=aarch64-none-elf-ar" "COMPILER_FLAGS=  -O2 -c" "EXTRA_COMPILER_FLAGS=-g -Wall -Wextra"
Running Make include in psu_cortexa53_0/libsrc/iicps_v3_5/src
make -C psu_cortexa53_0/libsrc/iicps_v3_5/src -s include  "SHELL=/bin/sh" "COMPILER=aarch64-none-elf-gcc" "ARCHIVER=aarch64-none-elf-ar" "COMPILER_FLAGS=  -O2 -c" "EXTRA_COMPILER_FLAGS=-g -Wall -Wextra"
Running Make include in psu_cortexa53_0/libsrc/cpu_cortexa53_v1_5/src
make -C psu_cortexa53_0/libsrc/cpu_cortexa53_v1_5/src -s include  "SHELL=/bin/sh" "COMPILER=aarch64-none-elf-gcc" "ARCHIVER=aarch64-none-elf-ar" "COMPILER_FLAGS=  -O2 -c" "EXTRA_COMPILER_FLAGS=-g -Wall -Wextra"
Running Make include in psu_cortexa53_0/libsrc/sdps_v3_3/src
make -C psu_cortexa53_0/libsrc/sdps_v3_3/src -s include  "SHELL=/bin/sh" "COMPILER=aarch64-none-elf-gcc" "ARCHIVER=aarch64-none-elf-ar" "COMPILER_FLAGS=  -O2 -c" "EXTRA_COMPILER_FLAGS=-g -Wall -Wextra"
Running Make include in psu_cortexa53_0/libsrc/emacps_v3_6/src
make -C psu_cortexa53_0/libsrc/emacps_v3_6/src -s include  "SHELL=/bin/sh" "COMPILER=aarch64-none-elf-gcc" "ARCHIVER=aarch64-none-elf-ar" "COMPILER_FLAGS=  -O2 -c" "EXTRA_COMPILER_FLAGS=-g -Wall -Wextra"
Running Make include in psu_cortexa53_0/libsrc/axipmon_v6_6/src
make -C psu_cortexa53_0/libsrc/axipmon_v6_6/src -s include  "SHELL=/bin/sh" "COMPILER=aarch64-none-elf-gcc" "ARCHIVER=aarch64-none-elf-ar" "COMPILER_FLAGS=  -O2 -c" "EXTRA_COMPILER_FLAGS=-g -Wall -Wextra"
Running Make include in psu_cortexa53_0/libsrc/ChenIDct_v1_0/src
make -C psu_cortexa53_0/libsrc/ChenIDct_v1_0/src -s include  "SHELL=/bin/sh" "COMPILER=aarch64-none-elf-gcc" "ARCHIVER=aarch64-none-elf-ar" "COMPILER_FLAGS=  -O2 -c" "EXTRA_COMPILER_FLAGS=-g -Wall -Wextra"
Running Make include in psu_cortexa53_0/libsrc/coresightps_dcc_v1_4/src
make -C psu_cortexa53_0/libsrc/coresightps_dcc_v1_4/src -s include  "SHELL=/bin/sh" "COMPILER=aarch64-none-elf-gcc" "ARCHIVER=aarch64-none-elf-ar" "COMPILER_FLAGS=  -O2 -c" "EXTRA_COMPILER_FLAGS=-g -Wall -Wextra"
Running Make include in psu_cortexa53_0/libsrc/usbpsu_v1_3/src
make -C psu_cortexa53_0/libsrc/usbpsu_v1_3/src -s include  "SHELL=/bin/sh" "COMPILER=aarch64-none-elf-gcc" "ARCHIVER=aarch64-none-elf-ar" "COMPILER_FLAGS=  -O2 -c" "EXTRA_COMPILER_FLAGS=-g -Wall -Wextra"
Running Make include in psu_cortexa53_0/libsrc/uartps_v3_5/src
make -C psu_cortexa53_0/libsrc/uartps_v3_5/src -s include  "SHELL=/bin/sh" "COMPILER=aarch64-none-elf-gcc" "ARCHIVER=aarch64-none-elf-ar" "COMPILER_FLAGS=  -O2 -c" "EXTRA_COMPILER_FLAGS=-g -Wall -Wextra"
Running Make libs in psu_cortexa53_0/libsrc/dpdma_v1_0/src
make -C psu_cortexa53_0/libsrc/dpdma_v1_0/src -s libs  "SHELL=/bin/sh" "COMPILER=aarch64-none-elf-gcc" "ARCHIVER=aarch64-none-elf-ar" "COMPILER_FLAGS=  -O2 -c" "EXTRA_COMPILER_FLAGS=-g -Wall -Wextra"
Compiling dpdma
aarch64-none-elf-ar: creating ../../../lib/libxil.a
Running Make libs in psu_cortexa53_0/libsrc/ipipsu_v2_3/src
make -C psu_cortexa53_0/libsrc/ipipsu_v2_3/src -s libs  "SHELL=/bin/sh" "COMPILER=aarch64-none-elf-gcc" "ARCHIVER=aarch64-none-elf-ar" "COMPILER_FLAGS=  -O2 -c" "EXTRA_COMPILER_FLAGS=-g -Wall -Wextra"
Compiling ipipsu
Running Make libs in psu_cortexa53_0/libsrc/gpiops_v3_3/src
make -C psu_cortexa53_0/libsrc/gpiops_v3_3/src -s libs  "SHELL=/bin/sh" "COMPILER=aarch64-none-elf-gcc" "ARCHIVER=aarch64-none-elf-ar" "COMPILER_FLAGS=  -O2 -c" "EXTRA_COMPILER_FLAGS=-g -Wall -Wextra"
Compiling gpiops
Running Make libs in psu_cortexa53_0/libsrc/scugic_v3_8/src
make -C psu_cortexa53_0/libsrc/scugic_v3_8/src -s libs  "SHELL=/bin/sh" "COMPILER=aarch64-none-elf-gcc" "ARCHIVER=aarch64-none-elf-ar" "COMPILER_FLAGS=  -O2 -c" "EXTRA_COMPILER_FLAGS=-g -Wall -Wextra"
Compiling scugic
Running Make libs in psu_cortexa53_0/libsrc/qspipsu_v1_6/src
make -C psu_cortexa53_0/libsrc/qspipsu_v1_6/src -s libs  "SHELL=/bin/sh" "COMPILER=aarch64-none-elf-gcc" "ARCHIVER=aarch64-none-elf-ar" "COMPILER_FLAGS=  -O2 -c" "EXTRA_COMPILER_FLAGS=-g -Wall -Wextra"
Compiling qspipsu
Running Make libs in psu_cortexa53_0/libsrc/sysmonpsu_v2_2/src
make -C psu_cortexa53_0/libsrc/sysmonpsu_v2_2/src -s libs  "SHELL=/bin/sh" "COMPILER=aarch64-none-elf-gcc" "ARCHIVER=aarch64-none-elf-ar" "COMPILER_FLAGS=  -O2 -c" "EXTRA_COMPILER_FLAGS=-g -Wall -Wextra"
Compiling sysmonpsu
Running Make libs in psu_cortexa53_0/libsrc/video_common_v4_2/src
make -C psu_cortexa53_0/libsrc/video_common_v4_2/src -s libs  "SHELL=/bin/sh" "COMPILER=aarch64-none-elf-gcc" "ARCHIVER=aarch64-none-elf-ar" "COMPILER_FLAGS=  -O2 -c" "EXTRA_COMPILER_FLAGS=-g -Wall -Wextra"
Compiling video_common
Running Make libs in psu_cortexa53_0/libsrc/standalone_v6_5/src
make -C psu_cortexa53_0/libsrc/standalone_v6_5/src -s libs  "SHELL=/bin/sh" "COMPILER=aarch64-none-elf-gcc" "ARCHIVER=aarch64-none-elf-ar" "COMPILER_FLAGS=  -O2 -c" "EXTRA_COMPILER_FLAGS=-g -Wall -Wextra"
Compiling standalone A53
Running Make libs in psu_cortexa53_0/libsrc/canps_v3_2/src
make -C psu_cortexa53_0/libsrc/canps_v3_2/src -s libs  "SHELL=/bin/sh" "COMPILER=aarch64-none-elf-gcc" "ARCHIVER=aarch64-none-elf-ar" "COMPILER_FLAGS=  -O2 -c" "EXTRA_COMPILER_FLAGS=-g -Wall -Wextra"
Compiling canps
Running Make libs in psu_cortexa53_0/libsrc/dppsu_v1_1/src
make -C psu_cortexa53_0/libsrc/dppsu_v1_1/src -s libs  "SHELL=/bin/sh" "COMPILER=aarch64-none-elf-gcc" "ARCHIVER=aarch64-none-elf-ar" "COMPILER_FLAGS=  -O2 -c" "EXTRA_COMPILER_FLAGS=-g -Wall -Wextra"
Compiling dppsu
Running Make libs in psu_cortexa53_0/libsrc/zdma_v1_4/src
make -C psu_cortexa53_0/libsrc/zdma_v1_4/src -s libs  "SHELL=/bin/sh" "COMPILER=aarch64-none-elf-gcc" "ARCHIVER=aarch64-none-elf-ar" "COMPILER_FLAGS=  -O2 -c" "EXTRA_COMPILER_FLAGS=-g -Wall -Wextra"
Compiling zdma
Running Make libs in psu_cortexa53_0/libsrc/decode_start_f2r_vectorPh_s2e_forBody96Preheader_v1_0/src
make -C psu_cortexa53_0/libsrc/decode_start_f2r_vectorPh_s2e_forBody96Preheader_v1_0/src -s libs  "SHELL=/bin/sh" "COMPILER=aarch64-none-elf-gcc" "ARCHIVER=aarch64-none-elf-ar" "COMPILER_FLAGS=  -O2 -c" "EXTRA_COMPILER_FLAGS=-g -Wall -Wextra"
Compiling decode_start_f2r_vectorPh_s2e_forBody96Preheader
Running Make libs in psu_cortexa53_0/libsrc/ttcps_v3_5/src
make -C psu_cortexa53_0/libsrc/ttcps_v3_5/src -s libs  "SHELL=/bin/sh" "COMPILER=aarch64-none-elf-gcc" "ARCHIVER=aarch64-none-elf-ar" "COMPILER_FLAGS=  -O2 -c" "EXTRA_COMPILER_FLAGS=-g -Wall -Wextra"
Compiling ttcps
Running Make libs in psu_cortexa53_0/libsrc/wdtps_v3_0/src
make -C psu_cortexa53_0/libsrc/wdtps_v3_0/src -s libs  "SHELL=/bin/sh" "COMPILER=aarch64-none-elf-gcc" "ARCHIVER=aarch64-none-elf-ar" "COMPILER_FLAGS=  -O2 -c" "EXTRA_COMPILER_FLAGS=-g -Wall -Wextra"
Compiling wdtps
Running Make libs in psu_cortexa53_0/libsrc/rtcpsu_v1_5/src
make -C psu_cortexa53_0/libsrc/rtcpsu_v1_5/src -s libs  "SHELL=/bin/sh" "COMPILER=aarch64-none-elf-gcc" "ARCHIVER=aarch64-none-elf-ar" "COMPILER_FLAGS=  -O2 -c" "EXTRA_COMPILER_FLAGS=-g -Wall -Wextra"
Compiling rtcpsu
Running Make libs in psu_cortexa53_0/libsrc/avbuf_v2_0/src
make -C psu_cortexa53_0/libsrc/avbuf_v2_0/src -s libs  "SHELL=/bin/sh" "COMPILER=aarch64-none-elf-gcc" "ARCHIVER=aarch64-none-elf-ar" "COMPILER_FLAGS=  -O2 -c" "EXTRA_COMPILER_FLAGS=-g -Wall -Wextra"
Compiling avbuf
Running Make libs in psu_cortexa53_0/libsrc/ddrcpsu_v1_1/src
make -C psu_cortexa53_0/libsrc/ddrcpsu_v1_1/src -s libs  "SHELL=/bin/sh" "COMPILER=aarch64-none-elf-gcc" "ARCHIVER=aarch64-none-elf-ar" "COMPILER_FLAGS=  -O2 -c" "EXTRA_COMPILER_FLAGS=-g -Wall -Wextra"
Compiling ddrcpsu
Running Make libs in psu_cortexa53_0/libsrc/csudma_v1_1/src
make -C psu_cortexa53_0/libsrc/csudma_v1_1/src -s libs  "SHELL=/bin/sh" "COMPILER=aarch64-none-elf-gcc" "ARCHIVER=aarch64-none-elf-ar" "COMPILER_FLAGS=  -O2 -c" "EXTRA_COMPILER_FLAGS=-g -Wall -Wextra"
Compiling csudma
Running Make libs in psu_cortexa53_0/libsrc/iicps_v3_5/src
make -C psu_cortexa53_0/libsrc/iicps_v3_5/src -s libs  "SHELL=/bin/sh" "COMPILER=aarch64-none-elf-gcc" "ARCHIVER=aarch64-none-elf-ar" "COMPILER_FLAGS=  -O2 -c" "EXTRA_COMPILER_FLAGS=-g -Wall -Wextra"
Compiling iicps
Running Make libs in psu_cortexa53_0/libsrc/cpu_cortexa53_v1_5/src
make -C psu_cortexa53_0/libsrc/cpu_cortexa53_v1_5/src -s libs  "SHELL=/bin/sh" "COMPILER=aarch64-none-elf-gcc" "ARCHIVER=aarch64-none-elf-ar" "COMPILER_FLAGS=  -O2 -c" "EXTRA_COMPILER_FLAGS=-g -Wall -Wextra"
Compiling cpu_cortexa53
Running Make libs in psu_cortexa53_0/libsrc/sdps_v3_3/src
make -C psu_cortexa53_0/libsrc/sdps_v3_3/src -s libs  "SHELL=/bin/sh" "COMPILER=aarch64-none-elf-gcc" "ARCHIVER=aarch64-none-elf-ar" "COMPILER_FLAGS=  -O2 -c" "EXTRA_COMPILER_FLAGS=-g -Wall -Wextra"
Compiling sdps
Running Make libs in psu_cortexa53_0/libsrc/emacps_v3_6/src
make -C psu_cortexa53_0/libsrc/emacps_v3_6/src -s libs  "SHELL=/bin/sh" "COMPILER=aarch64-none-elf-gcc" "ARCHIVER=aarch64-none-elf-ar" "COMPILER_FLAGS=  -O2 -c" "EXTRA_COMPILER_FLAGS=-g -Wall -Wextra"
Compiling emacps
Running Make libs in psu_cortexa53_0/libsrc/axipmon_v6_6/src
make -C psu_cortexa53_0/libsrc/axipmon_v6_6/src -s libs  "SHELL=/bin/sh" "COMPILER=aarch64-none-elf-gcc" "ARCHIVER=aarch64-none-elf-ar" "COMPILER_FLAGS=  -O2 -c" "EXTRA_COMPILER_FLAGS=-g -Wall -Wextra"
Compiling axipmon
Running Make libs in psu_cortexa53_0/libsrc/ChenIDct_v1_0/src
make -C psu_cortexa53_0/libsrc/ChenIDct_v1_0/src -s libs  "SHELL=/bin/sh" "COMPILER=aarch64-none-elf-gcc" "ARCHIVER=aarch64-none-elf-ar" "COMPILER_FLAGS=  -O2 -c" "EXTRA_COMPILER_FLAGS=-g -Wall -Wextra"
Compiling ChenIDct
Running Make libs in psu_cortexa53_0/libsrc/coresightps_dcc_v1_4/src
make -C psu_cortexa53_0/libsrc/coresightps_dcc_v1_4/src -s libs  "SHELL=/bin/sh" "COMPILER=aarch64-none-elf-gcc" "ARCHIVER=aarch64-none-elf-ar" "COMPILER_FLAGS=  -O2 -c" "EXTRA_COMPILER_FLAGS=-g -Wall -Wextra"
Compiling coresightps_dcc
Running Make libs in psu_cortexa53_0/libsrc/usbpsu_v1_3/src
make -C psu_cortexa53_0/libsrc/usbpsu_v1_3/src -s libs  "SHELL=/bin/sh" "COMPILER=aarch64-none-elf-gcc" "ARCHIVER=aarch64-none-elf-ar" "COMPILER_FLAGS=  -O2 -c" "EXTRA_COMPILER_FLAGS=-g -Wall -Wextra"
Compiling usbpsu
Running Make libs in psu_cortexa53_0/libsrc/uartps_v3_5/src
make -C psu_cortexa53_0/libsrc/uartps_v3_5/src -s libs  "SHELL=/bin/sh" "COMPILER=aarch64-none-elf-gcc" "ARCHIVER=aarch64-none-elf-ar" "COMPILER_FLAGS=  -O2 -c" "EXTRA_COMPILER_FLAGS=-g -Wall -Wextra"
Compiling uartps
Finished building libraries

**** Build of configuration Debug for project jpeg-rs ****

Nothing to build for project jpeg-rs
19:41:33 **** Auto Build of configuration Debug for project jpeg-rs ****
make all 
Building file: ../chenidct.c
Invoking: ARM v8 gcc compiler
aarch64-none-elf-gcc -Wall -O0 -g3 -c -fmessage-length=0 -MT"chenidct.o" -I../../jpeg-rs_bsp/psu_cortexa53_0/include -MMD -MP -MF"chenidct.d" -MT"chenidct.o" -o "chenidct.o" "../chenidct.c"
../chenidct.c: In function 'ChenIDct_f2r_vectorBody_s2e_forEnd212':
../chenidct.c:97:0: warning: ignoring #pragma HLS INTERFACE [-Wunknown-pragmas]
 #pragma HLS INTERFACE m_axi depth=64 port=y offset=slave bundle=BUS_SRC_DST
 
../chenidct.c:98:0: warning: ignoring #pragma HLS INTERFACE [-Wunknown-pragmas]
 #pragma HLS INTERFACE s_axilite port=return bundle=BUS_CTRL
 
../chenidct.c:104:0: warning: ignoring #pragma HLS ARRAY_PARTITION [-Wunknown-pragmas]
   #pragma HLS ARRAY_PARTITION variable=inp1_buf cyclic factor=16 dim=1
 
../chenidct.c:105:0: warning: ignoring #pragma HLS ARRAY_PARTITION [-Wunknown-pragmas]
   #pragma HLS ARRAY_PARTITION variable=out1_buf cyclic factor=16 dim=1
 
../chenidct.c:113:0: warning: ignoring #pragma HLS UNROLL [-Wunknown-pragmas]
       #pragma HLS UNROLL skip_exit_check factor=16
 
../chenidct.c:124:0: warning: ignoring #pragma HLS UNROLL [-Wunknown-pragmas]
     #pragma HLS UNROLL skip_exit_check factor=16
 
../chenidct.c:131:0: warning: ignoring #pragma HLS UNROLL [-Wunknown-pragmas]
       #pragma HLS UNROLL skip_exit_check factor=16
 
../chenidct.c: In function 'ChenIDct':
../chenidct.c:189:0: warning: ignoring #pragma HLS INTERFACE [-Wunknown-pragmas]
 #pragma HLS INTERFACE m_axi depth=64 port=x offset=slave bundle=BUS_SRC_DST
 
../chenidct.c:190:0: warning: ignoring #pragma HLS INTERFACE [-Wunknown-pragmas]
 #pragma HLS INTERFACE m_axi depth=64 port=y offset=slave bundle=BUS_SRC_DST
 
../chenidct.c:191:0: warning: ignoring #pragma HLS INTERFACE [-Wunknown-pragmas]
 #pragma HLS INTERFACE s_axilite port=return bundle=BUS_CTRL
 
../chenidct.c:348:0: warning: ignoring #pragma HLS ARRAY_PARTITION [-Wunknown-pragmas]
   #pragma HLS ARRAY_PARTITION variable=inp1_buf cyclic factor=16 dim=1
 
../chenidct.c:349:0: warning: ignoring #pragma HLS ARRAY_PARTITION [-Wunknown-pragmas]
   #pragma HLS ARRAY_PARTITION variable=out1_buf cyclic factor=16 dim=1
 
../chenidct.c:357:0: warning: ignoring #pragma HLS UNROLL [-Wunknown-pragmas]
       #pragma HLS UNROLL skip_exit_check factor=16
 
../chenidct.c:368:0: warning: ignoring #pragma HLS UNROLL [-Wunknown-pragmas]
     #pragma HLS UNROLL skip_exit_check factor=16
 
../chenidct.c:375:0: warning: ignoring #pragma HLS UNROLL [-Wunknown-pragmas]
       #pragma HLS UNROLL skip_exit_check factor=16
 
Finished building: ../chenidct.c
 
Building file: ../decode.c
Invoking: ARM v8 gcc compiler
aarch64-none-elf-gcc -Wall -O0 -g3 -c -fmessage-length=0 -MT"decode.o" -I../../jpeg-rs_bsp/psu_cortexa53_0/include -MMD -MP -MF"decode.d" -MT"decode.o" -o "decode.o" "../decode.c"
../decode.c: In function 'IZigzagMatrix_f2r_forBody_s2e_forEnd':
../decode.c:86:0: warning: ignoring #pragma HLS INTERFACE [-Wunknown-pragmas]
 #pragma HLS INTERFACE m_axi depth=64 port=imatrix offset=slave bundle=BUS_SRC
 
../decode.c:87:0: warning: ignoring #pragma HLS INTERFACE [-Wunknown-pragmas]
 #pragma HLS INTERFACE m_axi depth=64 port=omatrix offset=slave bundle=BUS_DST
 
../decode.c:88:0: warning: ignoring #pragma HLS INTERFACE [-Wunknown-pragmas]
 #pragma HLS INTERFACE s_axilite port=return bundle=BUS_CTRL
 
../decode.c:106:0: warning: ignoring #pragma HLS DATAFLOW [-Wunknown-pragmas]
   #pragma HLS DATAFLOW
 
../decode.c:110:0: warning: ignoring #pragma HLS UNROLL [-Wunknown-pragmas]
     #pragma HLS UNROLL skip_exit_check factor=16
 
../decode.c:117:0: warning: ignoring #pragma HLS UNROLL [-Wunknown-pragmas]
     #pragma HLS UNROLL skip_exit_check factor=16
 
../decode.c:122:0: warning: ignoring #pragma HLS UNROLL [-Wunknown-pragmas]
     #pragma HLS UNROLL skip_exit_check factor=16
 
../decode.c:123:16: warning: unused variable 'offset' [-Wunused-variable]
       unsigned offset = i*CHUNK_SIZE+l;
                ^~~~~~
../decode.c: In function 'YuvToRgb_f2r_entry_s2e_forEnd':
../decode.c:379:0: warning: ignoring #pragma HLS INTERFACE [-Wunknown-pragmas]
   #pragma HLS INTERFACE m_axi depth=64 port=y_buf offset=slave bundle=BUS_SRC
 
../decode.c:380:0: warning: ignoring #pragma HLS INTERFACE [-Wunknown-pragmas]
   #pragma HLS INTERFACE m_axi depth=64 port=u_buf offset=slave bundle=BUS_SRC
 
../decode.c:381:0: warning: ignoring #pragma HLS INTERFACE [-Wunknown-pragmas]
   #pragma HLS INTERFACE m_axi depth=64 port=v_buf offset=slave bundle=BUS_SRC
 
../decode.c:382:0: warning: ignoring #pragma HLS INTERFACE [-Wunknown-pragmas]
   #pragma HLS INTERFACE m_axi depth=768 port=rgb_buf offset=slave bundle=BUS_DST
 
../decode.c:383:0: warning: ignoring #pragma HLS INTERFACE [-Wunknown-pragmas]
   #pragma HLS INTERFACE s_axilite port=p bundle=CTRL_BUS
 
../decode.c:384:0: warning: ignoring #pragma HLS INTERFACE [-Wunknown-pragmas]
   #pragma HLS INTERFACE s_axilite port=return bundle=BUS_CTRL
 
../decode.c:393:0: warning: ignoring #pragma HLS ARRAY_PARTITION [-Wunknown-pragmas]
 #pragma HLS ARRAY_PARTITION variable=inp1_buf cyclic factor=16 dim=1
 
../decode.c:394:0: warning: ignoring #pragma HLS ARRAY_PARTITION [-Wunknown-pragmas]
 #pragma HLS ARRAY_PARTITION variable=inp2_buf cyclic factor=16 dim=1
 
../decode.c:395:0: warning: ignoring #pragma HLS ARRAY_PARTITION [-Wunknown-pragmas]
 #pragma HLS ARRAY_PARTITION variable=inp3_buf cyclic factor=16 dim=1
 
../decode.c:396:0: warning: ignoring #pragma HLS ARRAY_PARTITION [-Wunknown-pragmas]
 #pragma HLS ARRAY_PARTITION variable=out1_buf cyclic factor=16 dim=1
 
../decode.c:397:0: warning: ignoring #pragma HLS ARRAY_PARTITION [-Wunknown-pragmas]
 #pragma HLS ARRAY_PARTITION variable=out2_buf cyclic factor=16 dim=1
 
../decode.c:398:0: warning: ignoring #pragma HLS ARRAY_PARTITION [-Wunknown-pragmas]
 #pragma HLS ARRAY_PARTITION variable=out3_buf cyclic factor=16 dim=1
 
../decode.c:407:0: warning: ignoring #pragma HLS UNROLL [-Wunknown-pragmas]
       #pragma HLS UNROLL skip_exit_check factor=16
 
../decode.c:424:0: warning: ignoring #pragma HLS UNROLL [-Wunknown-pragmas]
       #pragma HLS UNROLL skip_exit_check factor=16
 
../decode.c:450:0: warning: ignoring #pragma HLS UNROLL [-Wunknown-pragmas]
       #pragma HLS UNROLL skip_exit_check factor=16
 
../decode.c: In function 'decode_block':
../decode.c:629:3: warning: label 'Reg_2' defined but not used [-Wunused-label]
   Reg_2:IZigzagMatrix_f2r_forBody_s2e_forEnd(HuffBuff, QuantBuff);
   ^~~~~
../decode.c: In function 'decode_start':
../decode.c:744:5: warning: label 'Reg_6' defined but not used [-Wunused-label]
     Reg_6:decode_start_f2r_vectorPh_s2e_forBody96Preheader(IDCTBuff, IDCTBuff[4], IDCTBuff[5], rgb_buf);
     ^~~~~
Finished building: ../decode.c
 
Building file: ../huffman.c
Invoking: ARM v8 gcc compiler
aarch64-none-elf-gcc -Wall -O0 -g3 -c -fmessage-length=0 -MT"huffman.o" -I../../jpeg-rs_bsp/psu_cortexa53_0/include -MMD -MP -MF"huffman.d" -MT"huffman.o" -o "huffman.o" "../huffman.c"
Finished building: ../huffman.c
 
Building file: ../init.c
Invoking: ARM v8 gcc compiler
aarch64-none-elf-gcc -Wall -O0 -g3 -c -fmessage-length=0 -MT"init.o" -I../../jpeg-rs_bsp/psu_cortexa53_0/include -MMD -MP -MF"init.d" -MT"init.o" -o "init.o" "../init.c"
Finished building: ../init.c
 
Building file: ../jfif_read.c
Invoking: ARM v8 gcc compiler
aarch64-none-elf-gcc -Wall -O0 -g3 -c -fmessage-length=0 -MT"jfif_read.o" -I../../jpeg-rs_bsp/psu_cortexa53_0/include -MMD -MP -MF"jfif_read.d" -MT"jfif_read.o" -o "jfif_read.o" "../jfif_read.c"
Finished building: ../jfif_read.c
 
Building file: ../jpeg2bmp.c
Invoking: ARM v8 gcc compiler
aarch64-none-elf-gcc -Wall -O0 -g3 -c -fmessage-length=0 -MT"jpeg2bmp.o" -I../../jpeg-rs_bsp/psu_cortexa53_0/include -MMD -MP -MF"jpeg2bmp.d" -MT"jpeg2bmp.o" -o "jpeg2bmp.o" "../jpeg2bmp.c"
Finished building: ../jpeg2bmp.c
 
Building file: ../main.c
Invoking: ARM v8 gcc compiler
aarch64-none-elf-gcc -Wall -O0 -g3 -c -fmessage-length=0 -MT"main.o" -I../../jpeg-rs_bsp/psu_cortexa53_0/include -MMD -MP -MF"main.d" -MT"main.o" -o "main.o" "../main.c"
Finished building: ../main.c
 
Building file: ../marker.c
Invoking: ARM v8 gcc compiler
aarch64-none-elf-gcc -Wall -O0 -g3 -c -fmessage-length=0 -MT"marker.o" -I../../jpeg-rs_bsp/psu_cortexa53_0/include -MMD -MP -MF"marker.d" -MT"marker.o" -o "marker.o" "../marker.c"
Finished building: ../marker.c
 
Building file: ../platform.c
Invoking: ARM v8 gcc compiler
aarch64-none-elf-gcc -Wall -O0 -g3 -c -fmessage-length=0 -MT"platform.o" -I../../jpeg-rs_bsp/psu_cortexa53_0/include -MMD -MP -MF"platform.d" -MT"platform.o" -o "platform.o" "../platform.c"
Finished building: ../platform.c
 
Building target: jpeg-rs.elf
Invoking: ARM v8 gcc linker
aarch64-none-elf-gcc -Wl,-T -Wl,../src/lscript.ld -L../../jpeg-rs_bsp/psu_cortexa53_0/lib -o "jpeg-rs.elf"  ./chenidct.o ./decode.o ./huffman.o ./init.o ./jfif_read.o ./jpeg2bmp.o ./main.o ./marker.o ./platform.o   -Wl,--start-group,-lxil,-lgcc,-lc,--end-group
Finished building target: jpeg-rs.elf
 
Invoking: ARM v8 Print Size
aarch64-none-elf-size jpeg-rs.elf  |tee "jpeg-rs.elf.size"
   text	   data	    bss	    dec	    hex	filename
 115260	   4664	  52960	 172884	  2a354	jpeg-rs.elf
Finished building: jpeg-rs.elf.size
 
19:41:52 **** Auto Build of configuration Debug for project jpeg-rs ****
make all 
Building file: ../chenidct.c
Invoking: ARM v8 gcc compiler
aarch64-none-elf-gcc -Wall -O0 -g3 -c -fmessage-length=0 -MT"chenidct.o" -I../../jpeg-rs_bsp/psu_cortexa53_0/include -MMD -MP -MF"chenidct.d" -MT"chenidct.o" -o "chenidct.o" "../chenidct.c"
../chenidct.c: In function 'ChenIDct_f2r_vectorBody_s2e_forEnd212':
../chenidct.c:97:0: warning: ignoring #pragma HLS INTERFACE [-Wunknown-pragmas]
 #pragma HLS INTERFACE m_axi depth=64 port=y offset=slave bundle=BUS_SRC_DST
 
../chenidct.c:98:0: warning: ignoring #pragma HLS INTERFACE [-Wunknown-pragmas]
 #pragma HLS INTERFACE s_axilite port=return bundle=BUS_CTRL
 
../chenidct.c:104:0: warning: ignoring #pragma HLS ARRAY_PARTITION [-Wunknown-pragmas]
   #pragma HLS ARRAY_PARTITION variable=inp1_buf cyclic factor=16 dim=1
 
../chenidct.c:105:0: warning: ignoring #pragma HLS ARRAY_PARTITION [-Wunknown-pragmas]
   #pragma HLS ARRAY_PARTITION variable=out1_buf cyclic factor=16 dim=1
 
../chenidct.c:113:0: warning: ignoring #pragma HLS UNROLL [-Wunknown-pragmas]
       #pragma HLS UNROLL skip_exit_check factor=16
 
../chenidct.c:124:0: warning: ignoring #pragma HLS UNROLL [-Wunknown-pragmas]
     #pragma HLS UNROLL skip_exit_check factor=16
 
../chenidct.c:131:0: warning: ignoring #pragma HLS UNROLL [-Wunknown-pragmas]
       #pragma HLS UNROLL skip_exit_check factor=16
 
../chenidct.c: In function 'ChenIDct':
../chenidct.c:189:0: warning: ignoring #pragma HLS INTERFACE [-Wunknown-pragmas]
 #pragma HLS INTERFACE m_axi depth=64 port=x offset=slave bundle=BUS_SRC_DST
 
../chenidct.c:190:0: warning: ignoring #pragma HLS INTERFACE [-Wunknown-pragmas]
 #pragma HLS INTERFACE m_axi depth=64 port=y offset=slave bundle=BUS_SRC_DST
 
../chenidct.c:191:0: warning: ignoring #pragma HLS INTERFACE [-Wunknown-pragmas]
 #pragma HLS INTERFACE s_axilite port=return bundle=BUS_CTRL
 
../chenidct.c:348:0: warning: ignoring #pragma HLS ARRAY_PARTITION [-Wunknown-pragmas]
   #pragma HLS ARRAY_PARTITION variable=inp1_buf cyclic factor=16 dim=1
 
../chenidct.c:349:0: warning: ignoring #pragma HLS ARRAY_PARTITION [-Wunknown-pragmas]
   #pragma HLS ARRAY_PARTITION variable=out1_buf cyclic factor=16 dim=1
 
../chenidct.c:357:0: warning: ignoring #pragma HLS UNROLL [-Wunknown-pragmas]
       #pragma HLS UNROLL skip_exit_check factor=16
 
../chenidct.c:368:0: warning: ignoring #pragma HLS UNROLL [-Wunknown-pragmas]
     #pragma HLS UNROLL skip_exit_check factor=16
 
../chenidct.c:375:0: warning: ignoring #pragma HLS UNROLL [-Wunknown-pragmas]
       #pragma HLS UNROLL skip_exit_check factor=16
 
Finished building: ../chenidct.c
 
Building file: ../decode.c
Invoking: ARM v8 gcc compiler
aarch64-none-elf-gcc -Wall -O0 -g3 -c -fmessage-length=0 -MT"decode.o" -I../../jpeg-rs_bsp/psu_cortexa53_0/include -MMD -MP -MF"decode.d" -MT"decode.o" -o "decode.o" "../decode.c"
../decode.c: In function 'IZigzagMatrix_f2r_forBody_s2e_forEnd':
../decode.c:86:0: warning: ignoring #pragma HLS INTERFACE [-Wunknown-pragmas]
 #pragma HLS INTERFACE m_axi depth=64 port=imatrix offset=slave bundle=BUS_SRC
 
../decode.c:87:0: warning: ignoring #pragma HLS INTERFACE [-Wunknown-pragmas]
 #pragma HLS INTERFACE m_axi depth=64 port=omatrix offset=slave bundle=BUS_DST
 
../decode.c:88:0: warning: ignoring #pragma HLS INTERFACE [-Wunknown-pragmas]
 #pragma HLS INTERFACE s_axilite port=return bundle=BUS_CTRL
 
../decode.c:106:0: warning: ignoring #pragma HLS DATAFLOW [-Wunknown-pragmas]
   #pragma HLS DATAFLOW
 
../decode.c:110:0: warning: ignoring #pragma HLS UNROLL [-Wunknown-pragmas]
     #pragma HLS UNROLL skip_exit_check factor=16
 
../decode.c:117:0: warning: ignoring #pragma HLS UNROLL [-Wunknown-pragmas]
     #pragma HLS UNROLL skip_exit_check factor=16
 
../decode.c:122:0: warning: ignoring #pragma HLS UNROLL [-Wunknown-pragmas]
     #pragma HLS UNROLL skip_exit_check factor=16
 
../decode.c:123:16: warning: unused variable 'offset' [-Wunused-variable]
       unsigned offset = i*CHUNK_SIZE+l;
                ^~~~~~
../decode.c: In function 'YuvToRgb_f2r_entry_s2e_forEnd':
../decode.c:379:0: warning: ignoring #pragma HLS INTERFACE [-Wunknown-pragmas]
   #pragma HLS INTERFACE m_axi depth=64 port=y_buf offset=slave bundle=BUS_SRC
 
../decode.c:380:0: warning: ignoring #pragma HLS INTERFACE [-Wunknown-pragmas]
   #pragma HLS INTERFACE m_axi depth=64 port=u_buf offset=slave bundle=BUS_SRC
 
../decode.c:381:0: warning: ignoring #pragma HLS INTERFACE [-Wunknown-pragmas]
   #pragma HLS INTERFACE m_axi depth=64 port=v_buf offset=slave bundle=BUS_SRC
 
../decode.c:382:0: warning: ignoring #pragma HLS INTERFACE [-Wunknown-pragmas]
   #pragma HLS INTERFACE m_axi depth=768 port=rgb_buf offset=slave bundle=BUS_DST
 
../decode.c:383:0: warning: ignoring #pragma HLS INTERFACE [-Wunknown-pragmas]
   #pragma HLS INTERFACE s_axilite port=p bundle=CTRL_BUS
 
../decode.c:384:0: warning: ignoring #pragma HLS INTERFACE [-Wunknown-pragmas]
   #pragma HLS INTERFACE s_axilite port=return bundle=BUS_CTRL
 
../decode.c:393:0: warning: ignoring #pragma HLS ARRAY_PARTITION [-Wunknown-pragmas]
 #pragma HLS ARRAY_PARTITION variable=inp1_buf cyclic factor=16 dim=1
 
../decode.c:394:0: warning: ignoring #pragma HLS ARRAY_PARTITION [-Wunknown-pragmas]
 #pragma HLS ARRAY_PARTITION variable=inp2_buf cyclic factor=16 dim=1
 
../decode.c:395:0: warning: ignoring #pragma HLS ARRAY_PARTITION [-Wunknown-pragmas]
 #pragma HLS ARRAY_PARTITION variable=inp3_buf cyclic factor=16 dim=1
 
../decode.c:396:0: warning: ignoring #pragma HLS ARRAY_PARTITION [-Wunknown-pragmas]
 #pragma HLS ARRAY_PARTITION variable=out1_buf cyclic factor=16 dim=1
 
../decode.c:397:0: warning: ignoring #pragma HLS ARRAY_PARTITION [-Wunknown-pragmas]
 #pragma HLS ARRAY_PARTITION variable=out2_buf cyclic factor=16 dim=1
 
../decode.c:398:0: warning: ignoring #pragma HLS ARRAY_PARTITION [-Wunknown-pragmas]
 #pragma HLS ARRAY_PARTITION variable=out3_buf cyclic factor=16 dim=1
 
../decode.c:407:0: warning: ignoring #pragma HLS UNROLL [-Wunknown-pragmas]
       #pragma HLS UNROLL skip_exit_check factor=16
 
../decode.c:424:0: warning: ignoring #pragma HLS UNROLL [-Wunknown-pragmas]
       #pragma HLS UNROLL skip_exit_check factor=16
 
../decode.c:450:0: warning: ignoring #pragma HLS UNROLL [-Wunknown-pragmas]
       #pragma HLS UNROLL skip_exit_check factor=16
 
../decode.c: In function 'decode_start_f2r_vectorPh_s2e_forBody96Preheader':
../decode.c:535:0: warning: ignoring #pragma HLS ARRAY_PARTITION [-Wunknown-pragmas]
     #pragma HLS ARRAY_PARTITION variable=inp1_buf cyclic factor=16 dim=1
 
../decode.c:536:0: warning: ignoring #pragma HLS ARRAY_PARTITION [-Wunknown-pragmas]
     #pragma HLS ARRAY_PARTITION variable=inp2_buf cyclic factor=16 dim=1
 
../decode.c:537:0: warning: ignoring #pragma HLS ARRAY_PARTITION [-Wunknown-pragmas]
     #pragma HLS ARRAY_PARTITION variable=inp3_buf cyclic factor=16 dim=1
 
../decode.c:538:0: warning: ignoring #pragma HLS ARRAY_PARTITION [-Wunknown-pragmas]
     #pragma HLS ARRAY_PARTITION variable=out1_buf cyclic factor=16 dim=1
 
../decode.c:539:0: warning: ignoring #pragma HLS ARRAY_PARTITION [-Wunknown-pragmas]
     #pragma HLS ARRAY_PARTITION variable=out2_buf cyclic factor=16 dim=1
 
../decode.c:540:0: warning: ignoring #pragma HLS ARRAY_PARTITION [-Wunknown-pragmas]
     #pragma HLS ARRAY_PARTITION variable=out3_buf cyclic factor=16 dim=1
 
../decode.c:550:0: warning: ignoring #pragma HLS UNROLL [-Wunknown-pragmas]
           #pragma HLS UNROLL skip_exit_check factor=16
 
../decode.c:567:0: warning: ignoring #pragma HLS UNROLL [-Wunknown-pragmas]
           #pragma HLS UNROLL skip_exit_check factor=16
 
../decode.c:593:0: warning: ignoring #pragma HLS UNROLL [-Wunknown-pragmas]
           #pragma HLS UNROLL skip_exit_check factor=16
 
../decode.c: In function 'decode_block':
../decode.c:629:3: warning: label 'Reg_2' defined but not used [-Wunused-label]
   Reg_2:IZigzagMatrix_f2r_forBody_s2e_forEnd(HuffBuff, QuantBuff);
   ^~~~~
../decode.c: In function 'decode_start':
../decode.c:744:5: warning: label 'Reg_6' defined but not used [-Wunused-label]
     Reg_6:decode_start_f2r_vectorPh_s2e_forBody96Preheader(IDCTBuff, IDCTBuff[4], IDCTBuff[5], rgb_buf);
     ^~~~~
Finished building: ../decode.c
 
Building target: jpeg-rs.elf
Invoking: ARM v8 gcc linker
aarch64-none-elf-gcc -Wl,-T -Wl,../src/lscript.ld -L../../jpeg-rs_bsp/psu_cortexa53_0/lib -o "jpeg-rs.elf"  ./chenidct.o ./decode.o ./huffman.o ./init.o ./jfif_read.o ./jpeg2bmp.o ./main.o ./marker.o ./platform.o   -Wl,--start-group,-lxil,-lgcc,-lc,--end-group
Finished building target: jpeg-rs.elf
 
Invoking: ARM v8 Print Size
aarch64-none-elf-size jpeg-rs.elf  |tee "jpeg-rs.elf.size"
   text	   data	    bss	    dec	    hex	filename
 110348	   4648	  52896	 167892	  28fd4	jpeg-rs.elf
Finished building: jpeg-rs.elf.size
 
19:42:01 **** Incremental Build of configuration Debug for project jpeg-rs ****
make all 
make: Nothing to be done for `all'.
19:42:17 **** Auto Build of configuration Debug for project jpeg-rs ****
make all 
Building file: ../chenidct.c
Invoking: ARM v8 gcc compiler
aarch64-none-elf-gcc -Wall -O0 -g3 -c -fmessage-length=0 -MT"chenidct.o" -I../../jpeg-rs_bsp/psu_cortexa53_0/include -MMD -MP -MF"chenidct.d" -MT"chenidct.o" -o "chenidct.o" "../chenidct.c"
../chenidct.c: In function 'ChenIDct_f2r_vectorBody_s2e_forEnd212':
../chenidct.c:97:0: warning: ignoring #pragma HLS INTERFACE [-Wunknown-pragmas]
 #pragma HLS INTERFACE m_axi depth=64 port=y offset=slave bundle=BUS_SRC_DST
 
../chenidct.c:98:0: warning: ignoring #pragma HLS INTERFACE [-Wunknown-pragmas]
 #pragma HLS INTERFACE s_axilite port=return bundle=BUS_CTRL
 
../chenidct.c:104:0: warning: ignoring #pragma HLS ARRAY_PARTITION [-Wunknown-pragmas]
   #pragma HLS ARRAY_PARTITION variable=inp1_buf cyclic factor=16 dim=1
 
../chenidct.c:105:0: warning: ignoring #pragma HLS ARRAY_PARTITION [-Wunknown-pragmas]
   #pragma HLS ARRAY_PARTITION variable=out1_buf cyclic factor=16 dim=1
 
../chenidct.c:113:0: warning: ignoring #pragma HLS UNROLL [-Wunknown-pragmas]
       #pragma HLS UNROLL skip_exit_check factor=16
 
../chenidct.c:124:0: warning: ignoring #pragma HLS UNROLL [-Wunknown-pragmas]
     #pragma HLS UNROLL skip_exit_check factor=16
 
../chenidct.c:131:0: warning: ignoring #pragma HLS UNROLL [-Wunknown-pragmas]
       #pragma HLS UNROLL skip_exit_check factor=16
 
../chenidct.c: In function 'ChenIDct':
../chenidct.c:189:0: warning: ignoring #pragma HLS INTERFACE [-Wunknown-pragmas]
 #pragma HLS INTERFACE m_axi depth=64 port=x offset=slave bundle=BUS_SRC_DST
 
../chenidct.c:190:0: warning: ignoring #pragma HLS INTERFACE [-Wunknown-pragmas]
 #pragma HLS INTERFACE m_axi depth=64 port=y offset=slave bundle=BUS_SRC_DST
 
../chenidct.c:191:0: warning: ignoring #pragma HLS INTERFACE [-Wunknown-pragmas]
 #pragma HLS INTERFACE s_axilite port=return bundle=BUS_CTRL
 
../chenidct.c:348:0: warning: ignoring #pragma HLS ARRAY_PARTITION [-Wunknown-pragmas]
   #pragma HLS ARRAY_PARTITION variable=inp1_buf cyclic factor=16 dim=1
 
../chenidct.c:349:0: warning: ignoring #pragma HLS ARRAY_PARTITION [-Wunknown-pragmas]
   #pragma HLS ARRAY_PARTITION variable=out1_buf cyclic factor=16 dim=1
 
../chenidct.c:357:0: warning: ignoring #pragma HLS UNROLL [-Wunknown-pragmas]
       #pragma HLS UNROLL skip_exit_check factor=16
 
../chenidct.c:368:0: warning: ignoring #pragma HLS UNROLL [-Wunknown-pragmas]
     #pragma HLS UNROLL skip_exit_check factor=16
 
../chenidct.c:375:0: warning: ignoring #pragma HLS UNROLL [-Wunknown-pragmas]
       #pragma HLS UNROLL skip_exit_check factor=16
 
Finished building: ../chenidct.c
 
Building file: ../decode.c
Invoking: ARM v8 gcc compiler
aarch64-none-elf-gcc -Wall -O0 -g3 -c -fmessage-length=0 -MT"decode.o" -I../../jpeg-rs_bsp/psu_cortexa53_0/include -MMD -MP -MF"decode.d" -MT"decode.o" -o "decode.o" "../decode.c"
../decode.c: In function 'IZigzagMatrix_f2r_forBody_s2e_forEnd':
../decode.c:86:0: warning: ignoring #pragma HLS INTERFACE [-Wunknown-pragmas]
 #pragma HLS INTERFACE m_axi depth=64 port=imatrix offset=slave bundle=BUS_SRC
 
../decode.c:87:0: warning: ignoring #pragma HLS INTERFACE [-Wunknown-pragmas]
 #pragma HLS INTERFACE m_axi depth=64 port=omatrix offset=slave bundle=BUS_DST
 
../decode.c:88:0: warning: ignoring #pragma HLS INTERFACE [-Wunknown-pragmas]
 #pragma HLS INTERFACE s_axilite port=return bundle=BUS_CTRL
 
../decode.c:106:0: warning: ignoring #pragma HLS DATAFLOW [-Wunknown-pragmas]
   #pragma HLS DATAFLOW
 
../decode.c:110:0: warning: ignoring #pragma HLS UNROLL [-Wunknown-pragmas]
     #pragma HLS UNROLL skip_exit_check factor=16
 
../decode.c:117:0: warning: ignoring #pragma HLS UNROLL [-Wunknown-pragmas]
     #pragma HLS UNROLL skip_exit_check factor=16
 
../decode.c:122:0: warning: ignoring #pragma HLS UNROLL [-Wunknown-pragmas]
     #pragma HLS UNROLL skip_exit_check factor=16
 
../decode.c:123:16: warning: unused variable 'offset' [-Wunused-variable]
       unsigned offset = i*CHUNK_SIZE+l;
                ^~~~~~
../decode.c: In function 'YuvToRgb_f2r_entry_s2e_forEnd':
../decode.c:379:0: warning: ignoring #pragma HLS INTERFACE [-Wunknown-pragmas]
   #pragma HLS INTERFACE m_axi depth=64 port=y_buf offset=slave bundle=BUS_SRC
 
../decode.c:380:0: warning: ignoring #pragma HLS INTERFACE [-Wunknown-pragmas]
   #pragma HLS INTERFACE m_axi depth=64 port=u_buf offset=slave bundle=BUS_SRC
 
../decode.c:381:0: warning: ignoring #pragma HLS INTERFACE [-Wunknown-pragmas]
   #pragma HLS INTERFACE m_axi depth=64 port=v_buf offset=slave bundle=BUS_SRC
 
../decode.c:382:0: warning: ignoring #pragma HLS INTERFACE [-Wunknown-pragmas]
   #pragma HLS INTERFACE m_axi depth=768 port=rgb_buf offset=slave bundle=BUS_DST
 
../decode.c:383:0: warning: ignoring #pragma HLS INTERFACE [-Wunknown-pragmas]
   #pragma HLS INTERFACE s_axilite port=p bundle=CTRL_BUS
 
../decode.c:384:0: warning: ignoring #pragma HLS INTERFACE [-Wunknown-pragmas]
   #pragma HLS INTERFACE s_axilite port=return bundle=BUS_CTRL
 
../decode.c:393:0: warning: ignoring #pragma HLS ARRAY_PARTITION [-Wunknown-pragmas]
 #pragma HLS ARRAY_PARTITION variable=inp1_buf cyclic factor=16 dim=1
 
../decode.c:394:0: warning: ignoring #pragma HLS ARRAY_PARTITION [-Wunknown-pragmas]
 #pragma HLS ARRAY_PARTITION variable=inp2_buf cyclic factor=16 dim=1
 
../decode.c:395:0: warning: ignoring #pragma HLS ARRAY_PARTITION [-Wunknown-pragmas]
 #pragma HLS ARRAY_PARTITION variable=inp3_buf cyclic factor=16 dim=1
 
../decode.c:396:0: warning: ignoring #pragma HLS ARRAY_PARTITION [-Wunknown-pragmas]
 #pragma HLS ARRAY_PARTITION variable=out1_buf cyclic factor=16 dim=1
 
../decode.c:397:0: warning: ignoring #pragma HLS ARRAY_PARTITION [-Wunknown-pragmas]
 #pragma HLS ARRAY_PARTITION variable=out2_buf cyclic factor=16 dim=1
 
../decode.c:398:0: warning: ignoring #pragma HLS ARRAY_PARTITION [-Wunknown-pragmas]
 #pragma HLS ARRAY_PARTITION variable=out3_buf cyclic factor=16 dim=1
 
../decode.c:407:0: warning: ignoring #pragma HLS UNROLL [-Wunknown-pragmas]
       #pragma HLS UNROLL skip_exit_check factor=16
 
../decode.c:424:0: warning: ignoring #pragma HLS UNROLL [-Wunknown-pragmas]
       #pragma HLS UNROLL skip_exit_check factor=16
 
../decode.c:450:0: warning: ignoring #pragma HLS UNROLL [-Wunknown-pragmas]
       #pragma HLS UNROLL skip_exit_check factor=16
 
../decode.c: In function 'decode_block':
../decode.c:629:3: warning: label 'Reg_2' defined but not used [-Wunused-label]
   Reg_2:IZigzagMatrix_f2r_forBody_s2e_forEnd(HuffBuff, QuantBuff);
   ^~~~~
../decode.c: In function 'decode_start':
../decode.c:744:5: warning: label 'Reg_6' defined but not used [-Wunused-label]
     Reg_6:decode_start_f2r_vectorPh_s2e_forBody96Preheader(IDCTBuff, IDCTBuff[4], IDCTBuff[5], rgb_buf);
     ^~~~~
Finished building: ../decode.c
 
Building target: jpeg-rs.elf
Invoking: ARM v8 gcc linker
aarch64-none-elf-gcc -Wl,-T -Wl,../src/lscript.ld -L../../jpeg-rs_bsp/psu_cortexa53_0/lib -o "jpeg-rs.elf"  ./chenidct.o ./decode.o ./huffman.o ./init.o ./jfif_read.o ./jpeg2bmp.o ./main.o ./marker.o ./platform.o   -Wl,--start-group,-lxil,-lgcc,-lc,--end-group
Finished building target: jpeg-rs.elf
 
Invoking: ARM v8 Print Size
aarch64-none-elf-size jpeg-rs.elf  |tee "jpeg-rs.elf.size"
   text	   data	    bss	    dec	    hex	filename
 115260	   4664	  52960	 172884	  2a354	jpeg-rs.elf
Finished building: jpeg-rs.elf.size
 
19:42:21 **** Incremental Build of configuration Debug for project jpeg-rs ****
make all 
make: Nothing to be done for `all'.
19:43:06 **** Incremental Build of configuration Debug for project jpeg-rs ****
make all 
make: Nothing to be done for `all'.
