15:45:54 **** Auto Build of configuration Debug for project jpeg_rs ****
make all 
Building file: ../src/chenidct.c
Invoking: ARM v8 gcc compiler
aarch64-none-elf-gcc -Wall -O0 -g3 -c -fmessage-length=0 -MT"src/chenidct.o" -I../../jpeg_rs_bsp/psu_cortexa53_0/include -MMD -MP -MF"src/chenidct.d" -MT"src/chenidct.o" -o "src/chenidct.o" "../src/chenidct.c"
../src/chenidct.c: In function 'ChenIDct_f2r_vectorBody_s2e_forEnd212':
../src/chenidct.c:97:0: warning: ignoring #pragma HLS INTERFACE [-Wunknown-pragmas]
 #pragma HLS INTERFACE m_axi depth=64 port=y offset=slave bundle=BUS_SRC_DST
 
../src/chenidct.c:98:0: warning: ignoring #pragma HLS INTERFACE [-Wunknown-pragmas]
 #pragma HLS INTERFACE s_axilite port=return bundle=BUS_CTRL
 
../src/chenidct.c:104:0: warning: ignoring #pragma HLS ARRAY_PARTITION [-Wunknown-pragmas]
   #pragma HLS ARRAY_PARTITION variable=inp1_buf cyclic factor=16 dim=1
 
../src/chenidct.c:105:0: warning: ignoring #pragma HLS ARRAY_PARTITION [-Wunknown-pragmas]
   #pragma HLS ARRAY_PARTITION variable=out1_buf cyclic factor=16 dim=1
 
../src/chenidct.c:113:0: warning: ignoring #pragma HLS UNROLL [-Wunknown-pragmas]
       #pragma HLS UNROLL skip_exit_check factor=16
 
../src/chenidct.c:124:0: warning: ignoring #pragma HLS UNROLL [-Wunknown-pragmas]
     #pragma HLS UNROLL skip_exit_check factor=16
 
../src/chenidct.c:131:0: warning: ignoring #pragma HLS UNROLL [-Wunknown-pragmas]
       #pragma HLS UNROLL skip_exit_check factor=16
 
../src/chenidct.c: In function 'ChenIDct':
../src/chenidct.c:188:0: warning: ignoring #pragma HLS INTERFACE [-Wunknown-pragmas]
 #pragma HLS INTERFACE m_axi depth=64 port=x offset=slave bundle=BUS_SRC_DST
 
../src/chenidct.c:189:0: warning: ignoring #pragma HLS INTERFACE [-Wunknown-pragmas]
 #pragma HLS INTERFACE m_axi depth=64 port=y offset=slave bundle=BUS_SRC_DST
 
../src/chenidct.c:190:0: warning: ignoring #pragma HLS INTERFACE [-Wunknown-pragmas]
 #pragma HLS INTERFACE s_axilite port=return bundle=BUS_CTRL
 
../src/chenidct.c:347:0: warning: ignoring #pragma HLS ARRAY_PARTITION [-Wunknown-pragmas]
   #pragma HLS ARRAY_PARTITION variable=inp1_buf cyclic factor=16 dim=1
 
../src/chenidct.c:348:0: warning: ignoring #pragma HLS ARRAY_PARTITION [-Wunknown-pragmas]
   #pragma HLS ARRAY_PARTITION variable=out1_buf cyclic factor=16 dim=1
 
../src/chenidct.c:356:0: warning: ignoring #pragma HLS UNROLL [-Wunknown-pragmas]
       #pragma HLS UNROLL skip_exit_check factor=16
 
../src/chenidct.c:367:0: warning: ignoring #pragma HLS UNROLL [-Wunknown-pragmas]
     #pragma HLS UNROLL skip_exit_check factor=16
 
../src/chenidct.c:374:0: warning: ignoring #pragma HLS UNROLL [-Wunknown-pragmas]
       #pragma HLS UNROLL skip_exit_check factor=16
 
Finished building: ../src/chenidct.c
 
Building file: ../src/decode.c
Invoking: ARM v8 gcc compiler
aarch64-none-elf-gcc -Wall -O0 -g3 -c -fmessage-length=0 -MT"src/decode.o" -I../../jpeg_rs_bsp/psu_cortexa53_0/include -MMD -MP -MF"src/decode.d" -MT"src/decode.o" -o "src/decode.o" "../src/decode.c"
../src/decode.c: In function 'IZigzagMatrix_f2r_forBody_s2e_forEnd':
../src/decode.c:86:0: warning: ignoring #pragma HLS INTERFACE [-Wunknown-pragmas]
 #pragma HLS INTERFACE m_axi depth=64 port=imatrix offset=slave bundle=BUS_SRC
 
../src/decode.c:87:0: warning: ignoring #pragma HLS INTERFACE [-Wunknown-pragmas]
 #pragma HLS INTERFACE m_axi depth=64 port=omatrix offset=slave bundle=BUS_DST
 
../src/decode.c:88:0: warning: ignoring #pragma HLS INTERFACE [-Wunknown-pragmas]
 #pragma HLS INTERFACE s_axilite port=return bundle=BUS_CTRL
 
../src/decode.c:106:0: warning: ignoring #pragma HLS DATAFLOW [-Wunknown-pragmas]
   #pragma HLS DATAFLOW
 
../src/decode.c:110:0: warning: ignoring #pragma HLS UNROLL [-Wunknown-pragmas]
     #pragma HLS UNROLL skip_exit_check factor=16
 
../src/decode.c:117:0: warning: ignoring #pragma HLS UNROLL [-Wunknown-pragmas]
     #pragma HLS UNROLL skip_exit_check factor=16
 
../src/decode.c:122:0: warning: ignoring #pragma HLS UNROLL [-Wunknown-pragmas]
     #pragma HLS UNROLL skip_exit_check factor=16
 
../src/decode.c:123:16: warning: unused variable 'offset' [-Wunused-variable]
       unsigned offset = i*CHUNK_SIZE+l;
                ^~~~~~
../src/decode.c: In function 'YuvToRgb_f2r_entry_s2e_forEnd':
../src/decode.c:455:0: warning: ignoring #pragma HLS INTERFACE [-Wunknown-pragmas]
   #pragma HLS INTERFACE m_axi depth=64 port=y_buf offset=slave bundle=BUS_SRC
 
../src/decode.c:456:0: warning: ignoring #pragma HLS INTERFACE [-Wunknown-pragmas]
   #pragma HLS INTERFACE m_axi depth=64 port=u_buf offset=slave bundle=BUS_SRC
 
../src/decode.c:457:0: warning: ignoring #pragma HLS INTERFACE [-Wunknown-pragmas]
   #pragma HLS INTERFACE m_axi depth=64 port=v_buf offset=slave bundle=BUS_SRC
 
../src/decode.c:458:0: warning: ignoring #pragma HLS INTERFACE [-Wunknown-pragmas]
   #pragma HLS INTERFACE m_axi depth=768 port=rgb_buf offset=slave bundle=BUS_DST
 
../src/decode.c:459:0: warning: ignoring #pragma HLS INTERFACE [-Wunknown-pragmas]
   #pragma HLS INTERFACE s_axilite port=p bundle=CTRL_BUS
 
../src/decode.c:460:0: warning: ignoring #pragma HLS INTERFACE [-Wunknown-pragmas]
   #pragma HLS INTERFACE s_axilite port=return bundle=BUS_CTRL
 
../src/decode.c:469:0: warning: ignoring #pragma HLS ARRAY_PARTITION [-Wunknown-pragmas]
 #pragma HLS ARRAY_PARTITION variable=inp1_buf cyclic factor=16 dim=1
 
../src/decode.c:470:0: warning: ignoring #pragma HLS ARRAY_PARTITION [-Wunknown-pragmas]
 #pragma HLS ARRAY_PARTITION variable=inp2_buf cyclic factor=16 dim=1
 
../src/decode.c:471:0: warning: ignoring #pragma HLS ARRAY_PARTITION [-Wunknown-pragmas]
 #pragma HLS ARRAY_PARTITION variable=inp3_buf cyclic factor=16 dim=1
 
../src/decode.c:472:0: warning: ignoring #pragma HLS ARRAY_PARTITION [-Wunknown-pragmas]
 #pragma HLS ARRAY_PARTITION variable=out1_buf cyclic factor=16 dim=1
 
../src/decode.c:473:0: warning: ignoring #pragma HLS ARRAY_PARTITION [-Wunknown-pragmas]
 #pragma HLS ARRAY_PARTITION variable=out2_buf cyclic factor=16 dim=1
 
../src/decode.c:474:0: warning: ignoring #pragma HLS ARRAY_PARTITION [-Wunknown-pragmas]
 #pragma HLS ARRAY_PARTITION variable=out3_buf cyclic factor=16 dim=1
 
../src/decode.c:483:0: warning: ignoring #pragma HLS UNROLL [-Wunknown-pragmas]
       #pragma HLS UNROLL skip_exit_check factor=16
 
../src/decode.c:500:0: warning: ignoring #pragma HLS UNROLL [-Wunknown-pragmas]
       #pragma HLS UNROLL skip_exit_check factor=16
 
../src/decode.c:526:0: warning: ignoring #pragma HLS UNROLL [-Wunknown-pragmas]
       #pragma HLS UNROLL skip_exit_check factor=16
 
../src/decode.c: In function 'decode_start_f2r_vectorPh_s2e_forBody96Preheader':
../src/decode.c:611:0: warning: ignoring #pragma HLS ARRAY_PARTITION [-Wunknown-pragmas]
     #pragma HLS ARRAY_PARTITION variable=inp1_buf cyclic factor=16 dim=1
 
../src/decode.c:612:0: warning: ignoring #pragma HLS ARRAY_PARTITION [-Wunknown-pragmas]
     #pragma HLS ARRAY_PARTITION variable=inp2_buf cyclic factor=16 dim=1
 
../src/decode.c:613:0: warning: ignoring #pragma HLS ARRAY_PARTITION [-Wunknown-pragmas]
     #pragma HLS ARRAY_PARTITION variable=inp3_buf cyclic factor=16 dim=1
 
../src/decode.c:614:0: warning: ignoring #pragma HLS ARRAY_PARTITION [-Wunknown-pragmas]
     #pragma HLS ARRAY_PARTITION variable=out1_buf cyclic factor=16 dim=1
 
../src/decode.c:615:0: warning: ignoring #pragma HLS ARRAY_PARTITION [-Wunknown-pragmas]
     #pragma HLS ARRAY_PARTITION variable=out2_buf cyclic factor=16 dim=1
 
../src/decode.c:616:0: warning: ignoring #pragma HLS ARRAY_PARTITION [-Wunknown-pragmas]
     #pragma HLS ARRAY_PARTITION variable=out3_buf cyclic factor=16 dim=1
 
../src/decode.c:626:0: warning: ignoring #pragma HLS UNROLL [-Wunknown-pragmas]
           #pragma HLS UNROLL skip_exit_check factor=16
 
../src/decode.c:643:0: warning: ignoring #pragma HLS UNROLL [-Wunknown-pragmas]
           #pragma HLS UNROLL skip_exit_check factor=16
 
../src/decode.c:669:0: warning: ignoring #pragma HLS UNROLL [-Wunknown-pragmas]
           #pragma HLS UNROLL skip_exit_check factor=16
 
../src/decode.c: In function 'decode_block':
../src/decode.c:705:3: warning: label 'Reg_2' defined but not used [-Wunused-label]
   Reg_2:IZigzagMatrix_f2r_forBody_s2e_forEnd(HuffBuff, QuantBuff);
   ^~~~~
../src/decode.c: In function 'decode_start':
../src/decode.c:820:5: warning: label 'Reg_6' defined but not used [-Wunused-label]
     Reg_6:decode_start_f2r_vectorPh_s2e_forBody96Preheader(IDCTBuff, IDCTBuff[4], IDCTBuff[5], rgb_buf);
     ^~~~~
Finished building: ../src/decode.c
 
Building target: jpeg_rs.elf
Invoking: ARM v8 gcc linker
aarch64-none-elf-gcc -Wl,-T -Wl,../src/lscript.ld -L../../jpeg_rs_bsp/psu_cortexa53_0/lib -o "jpeg_rs.elf"  ./src/chenidct.o ./src/decode.o ./src/huffman.o ./src/init.o ./src/jfif_read.o ./src/jpeg2bmp.o ./src/main.o ./src/marker.o ./src/platform.o   -Wl,--start-group,-lxil,-lgcc,-lc,--end-group
Finished building target: jpeg_rs.elf
 
Invoking: ARM v8 Print Size
aarch64-none-elf-size jpeg_rs.elf  |tee "jpeg_rs.elf.size"
   text	   data	    bss	    dec	    hex	filename
 112332	   4648	  52896	 169876	  29794	jpeg_rs.elf
Finished building: jpeg_rs.elf.size
 

15:45:54 Build Finished (took 261ms)

