Copyright 1986-2017 Xilinx, Inc. All Rights Reserved.
---------------------------------------------------------------------------------------------------
| Tool Version      : Vivado v.2017.4 (lin64) Build 2086221 Fri Dec 15 20:54:30 MST 2017
| Date              : Thu May 17 18:36:23 2018
| Host              : legolas running 64-bit CentOS Linux release 7.3.1611 (Core)
| Command           : report_clock_utilization -file design_1_wrapper_clock_utilization_routed.rpt
| Design            : design_1_wrapper
| Device            : xczu9eg-ffvb1156
| Speed File        : -2  PRODUCTION 1.17 11-09-2017
| Temperature Grade : E
---------------------------------------------------------------------------------------------------

Clock Utilization Report

Table of Contents
-----------------
1. Clock Primitive Utilization
2. Global Clock Resources
3. Global Clock Source Details
4. Clock Regions : Clock Primitives
5. Clock Regions : Load Primitives
6. Clock Regions : Global Clock Summary
7. Clock Regions : Routing Resource Utilization
8. Device Cell Placement Summary for Global Clock g0
9. Device Cell Placement Summary for Global Clock g1
10. Device Cell Placement Summary for Global Clock g2
11. Device Cell Placement Summary for Global Clock g3
12. Device Cell Placement Summary for Global Clock g4
13. Device Cell Placement Summary for Global Clock g5
14. Device Cell Placement Summary for Global Clock g6
15. Device Cell Placement Summary for Global Clock g7
16. Device Cell Placement Summary for Global Clock g8
17. Clock Region Cell Placement per Global Clock: Region X1Y0
18. Clock Region Cell Placement per Global Clock: Region X2Y0
19. Clock Region Cell Placement per Global Clock: Region X3Y0
20. Clock Region Cell Placement per Global Clock: Region X1Y1
21. Clock Region Cell Placement per Global Clock: Region X2Y1
22. Clock Region Cell Placement per Global Clock: Region X3Y1
23. Clock Region Cell Placement per Global Clock: Region X1Y2
24. Clock Region Cell Placement per Global Clock: Region X2Y2
25. Clock Region Cell Placement per Global Clock: Region X3Y2
26. Clock Region Cell Placement per Global Clock: Region X0Y3
27. Clock Region Cell Placement per Global Clock: Region X1Y3
28. Clock Region Cell Placement per Global Clock: Region X2Y3
29. Clock Region Cell Placement per Global Clock: Region X3Y3

1. Clock Primitive Utilization
------------------------------

+------------+------+-----------+-----+--------------+--------+
| Type       | Used | Available | LOC | Clock Region | Pblock |
+------------+------+-----------+-----+--------------+--------+
| BUFGCE     |    8 |       116 |   0 |            0 |      0 |
| BUFGCE_DIV |    0 |        16 |   0 |            0 |      0 |
| BUFGCTRL   |    0 |        32 |   0 |            0 |      0 |
| BUFG_GT    |    0 |       168 |   0 |            0 |      0 |
| MMCM       |    0 |         4 |   0 |            0 |      0 |
| PLL        |    0 |         8 |   0 |            0 |      0 |
+------------+------+-----------+-----+--------------+--------+


2. Global Clock Resources
-------------------------

+-----------+-----------+-----------------+------------+---------------+--------------+------+-------------------+-------------------+-------------+-----------------+--------------+----------+---------------------------------------------------------------------------------------------------------+------------------------------------------------------------------------------------------------+
| Global Id | Source Id | Driver Type/Pin | Constraint | Site          | Clock Region | Root | Clock Delay Group | Load Clock Region | Clock Loads | Non-Clock Loads | Clock Period | Clock    | Driver Pin                                                                                              | Net                                                                                            |
+-----------+-----------+-----------------+------------+---------------+--------------+------+-------------------+-------------------+-------------+-----------------+--------------+----------+---------------------------------------------------------------------------------------------------------+------------------------------------------------------------------------------------------------+
| g0        | src0      | BUFG_PS/O       | None       | BUFG_PS_X0Y48 | X1Y2         | X1Y1 |                   |                14 |       60508 |               0 |       10.001 | clk_pl_0 | design_1_i/zynq_ultra_ps_e_0/inst/buffer_pl_clk_0.PL_CLK_0_BUFG/O                                       | design_1_i/zynq_ultra_ps_e_0/inst/pl_clk0                                                      |
| g1        | src1      | BUFGCE/O        | None       | BUFGCE_X0Y38  | X3Y1         | X3Y1 | n/a               |                 3 |           0 |            1026 |          n/a | n/a      | design_1_i/BoundIDctMatrix_0/inst/ap_CS_fsm_reg[13]_bufg_place/O                                        | design_1_i/BoundIDctMatrix_0/inst/ap_CS_fsm_state17                                            |
| g2        | src2      | BUFGCE/O        | None       | BUFGCE_X0Y49  | X3Y2         | X3Y2 | n/a               |                 2 |           0 |            1026 |          n/a | n/a      | design_1_i/ChenIDct_0/inst/ap_CS_fsm_reg[62]_bufg_place/O                                               | design_1_i/ChenIDct_0/inst/ap_CS_fsm_state72                                                   |
| g3        | src3      | BUFGCE/O        | None       | BUFGCE_X0Y8   | X3Y0         | X3Y0 | n/a               |                 2 |           0 |            1026 |          n/a | n/a      | design_1_i/IQuantize_0/inst/ap_CS_fsm_reg[18]_bufg_place/O                                              | design_1_i/IQuantize_0/inst/ap_CS_fsm_state24                                                  |
| g4        | src4      | BUFGCE/O        | None       | BUFGCE_X0Y20  | X3Y0         | X3Y0 | n/a               |                 2 |           0 |            1027 |          n/a | n/a      | design_1_i/IQuantize_0/inst/ap_CS_fsm[14]_i_1_bufg_place/O                                              | design_1_i/IQuantize_0/inst/inp1_buf_load_0_phi_reg_50570                                      |
| g5        | src5      | BUFGCE/O        | None       | BUFGCE_X0Y56  | X3Y2         | X3Y2 | n/a               |                 6 |           0 |            1824 |          n/a | n/a      | design_1_i/decode_start_f2r_vectorPh_s2e_forBody96Preheader_1/inst/ap_CS_fsm_reg[31]_bufg_place/O       | design_1_i/decode_start_f2r_vectorPh_s2e_forBody96Preheader_1/inst/ap_CS_fsm_state38           |
| g6        | src6      | BUFGCE/O        | None       | BUFGCE_X0Y86  | X3Y3         | X3Y3 | n/a               |                 6 |           0 |            1184 |          n/a | n/a      | design_1_i/decode_start_f2r_vectorPh_s2e_forBody96Preheader_1/inst/ap_CS_fsm_reg[32]_bufg_place/O       | design_1_i/decode_start_f2r_vectorPh_s2e_forBody96Preheader_1/inst/ap_CS_fsm_state39           |
| g7        | src7      | BUFGCE/O        | None       | BUFGCE_X0Y68  | X3Y2         | X3Y2 | n/a               |                 6 |           0 |            1051 |          n/a | n/a      | design_1_i/decode_start_f2r_vectorPh_s2e_forBody96Preheader_1/inst/tmp_54_reg_12310[0]_i_1_bufg_place/O | design_1_i/decode_start_f2r_vectorPh_s2e_forBody96Preheader_1/inst/tmp_54_reg_12310[0]_i_1_n_2 |
| g8        | src8      | BUFGCE/O        | None       | BUFGCE_X0Y2   | X3Y0         | X3Y0 | n/a               |                11 |           0 |           12292 |          n/a | n/a      | design_1_i/proc_sys_reset_0/U0/ACTIVE_LOW_PR_OUT_DFF[0].FDRE_PER_N_bufg_place/O                         | design_1_i/proc_sys_reset_0/U0/peripheral_aresetn[0]                                           |
+-----------+-----------+-----------------+------------+---------------+--------------+------+-------------------+-------------------+-------------+-----------------+--------------+----------+---------------------------------------------------------------------------------------------------------+------------------------------------------------------------------------------------------------+
* Clock Loads column represents the clock pin loads (pin count)
** Non-Clock Loads column represents the non-clock pin loads (pin count)


3. Global Clock Source Details
------------------------------

+-----------+-----------+-----------------+------------+---------------+--------------+-------------+-----------------+---------------------+--------------+----------------------------------------------------------------------------------------------+-----------------------------------------------------------------------------------------------------------+
| Source Id | Global Id | Driver Type/Pin | Constraint | Site          | Clock Region | Clock Loads | Non-Clock Loads | Source Clock Period | Source Clock | Driver Pin                                                                                   | Net                                                                                                       |
+-----------+-----------+-----------------+------------+---------------+--------------+-------------+-----------------+---------------------+--------------+----------------------------------------------------------------------------------------------+-----------------------------------------------------------------------------------------------------------+
| src0      | g0        | PS8/PLCLK[0]    | None       | PS8_X0Y0      | X0Y0         |           1 |               0 |              10.001 | clk_pl_0     | design_1_i/zynq_ultra_ps_e_0/inst/PS8_i/PLCLK[0]                                             | design_1_i/zynq_ultra_ps_e_0/inst/pl_clk_unbuffered[0]                                                    |
| src1      | g1        | FDRE/Q          | None       | SLICE_X61Y64  | X2Y1         |           1 |               3 |                     |              | design_1_i/BoundIDctMatrix_0/inst/ap_CS_fsm_reg[13]/Q                                        | design_1_i/BoundIDctMatrix_0/inst/ap_CS_fsm_state17_bufg_place                                            |
| src2      | g2        | FDRE/Q          | None       | SLICE_X77Y108 | X3Y1         |           1 |               3 |                     |              | design_1_i/ChenIDct_0/inst/ap_CS_fsm_reg[62]/Q                                               | design_1_i/ChenIDct_0/inst/ap_CS_fsm_state72_bufg_place                                                   |
| src3      | g3        | FDRE/Q          | None       | SLICE_X82Y23  | X3Y0         |           1 |               3 |                     |              | design_1_i/IQuantize_0/inst/ap_CS_fsm_reg[18]/Q                                              | design_1_i/IQuantize_0/inst/ap_CS_fsm_state24_bufg_place                                                  |
| src4      | g4        | LUT3/O          | None       | SLICE_X78Y23  | X3Y0         |           1 |               1 |                     |              | design_1_i/IQuantize_0/inst/ap_CS_fsm[14]_i_1/O                                              | design_1_i/IQuantize_0/inst/inp1_buf_load_0_phi_reg_50570_bufg_place                                      |
| src5      | g5        | FDRE/Q          | None       | SLICE_X69Y144 | X2Y2         |           1 |               2 |                     |              | design_1_i/decode_start_f2r_vectorPh_s2e_forBody96Preheader_1/inst/ap_CS_fsm_reg[31]/Q       | design_1_i/decode_start_f2r_vectorPh_s2e_forBody96Preheader_1/inst/ap_CS_fsm_state38_bufg_place           |
| src6      | g6        | FDRE/Q          | None       | SLICE_X83Y172 | X3Y2         |           1 |               2 |                     |              | design_1_i/decode_start_f2r_vectorPh_s2e_forBody96Preheader_1/inst/ap_CS_fsm_reg[32]/Q       | design_1_i/decode_start_f2r_vectorPh_s2e_forBody96Preheader_1/inst/ap_CS_fsm_state39_bufg_place           |
| src7      | g7        | LUT2/O          | None       | SLICE_X69Y145 | X2Y2         |           1 |               0 |                     |              | design_1_i/decode_start_f2r_vectorPh_s2e_forBody96Preheader_1/inst/tmp_54_reg_12310[0]_i_1/O | design_1_i/decode_start_f2r_vectorPh_s2e_forBody96Preheader_1/inst/tmp_54_reg_12310[0]_i_1_n_2_bufg_place |
| src8      | g8        | FDRE/Q          | None       | SLICE_X72Y16  | X2Y0         |           1 |             401 |                     |              | design_1_i/proc_sys_reset_0/U0/ACTIVE_LOW_PR_OUT_DFF[0].FDRE_PER_N/Q                         | design_1_i/proc_sys_reset_0/U0/peripheral_aresetn[0]_bufg_place                                           |
+-----------+-----------+-----------------+------------+---------------+--------------+-------------+-----------------+---------------------+--------------+----------------------------------------------------------------------------------------------+-----------------------------------------------------------------------------------------------------------+
* Clock Loads column represents the clock pin loads (pin count)
** Non-Clock Loads column represents the non-clock pin loads (pin count)


4. Clock Regions : Clock Primitives
-----------------------------------

+-------------------+--------------+--------------+--------------+--------------+--------------+--------------+--------------+
|                   | Global Clock |    BUFGCE    |  BUFGCE_DIV  |   BUFGCTRL   |    BUFG_GT   |     MMCM     |      PLL     |
+-------------------+------+-------+------+-------+------+-------+------+-------+------+-------+------+-------+------+-------+
| Clock Region Name | Used | Avail | Used | Avail | Used | Avail | Used | Avail | Used | Avail | Used | Avail | Used | Avail |
+-------------------+------+-------+------+-------+------+-------+------+-------+------+-------+------+-------+------+-------+
| X0Y0              |    0 |     0 |    0 |     0 |    0 |     0 |    0 |     0 |    0 |     0 |    0 |     0 |    0 |     0 |
| X1Y0              |    2 |    24 |    0 |     0 |    0 |     0 |    0 |     0 |    0 |     0 |    0 |     0 |    0 |     0 |
| X2Y0              |    5 |    24 |    0 |     0 |    0 |     0 |    0 |     0 |    0 |     0 |    0 |     0 |    0 |     0 |
| X3Y0              |    5 |    24 |    3 |    28 |    0 |     4 |    0 |     8 |    0 |     0 |    0 |     1 |    0 |     2 |
| X0Y1              |    0 |     0 |    0 |     0 |    0 |     0 |    0 |     0 |    0 |     0 |    0 |     0 |    0 |     0 |
| X1Y1              |    2 |    24 |    0 |     0 |    0 |     0 |    0 |     0 |    0 |     0 |    0 |     0 |    0 |     0 |
| X2Y1              |    3 |    24 |    0 |     0 |    0 |     0 |    0 |     0 |    0 |     0 |    0 |     0 |    0 |     0 |
| X3Y1              |    3 |    24 |    1 |    24 |    0 |     4 |    0 |     8 |    0 |     0 |    0 |     1 |    0 |     2 |
| X0Y2              |    0 |     0 |    0 |     0 |    0 |     0 |    0 |     0 |    0 |     0 |    0 |     0 |    0 |     0 |
| X1Y2              |    5 |    24 |    0 |     0 |    0 |     0 |    0 |     0 |    0 |     0 |    0 |     0 |    0 |     0 |
| X2Y2              |    6 |    24 |    0 |     0 |    0 |     0 |    0 |     0 |    0 |     0 |    0 |     0 |    0 |     0 |
| X3Y2              |    6 |    24 |    3 |    24 |    0 |     4 |    0 |     8 |    0 |     0 |    0 |     1 |    0 |     2 |
| X0Y3              |    2 |    24 |    0 |     0 |    0 |     0 |    0 |     0 |    0 |    24 |    0 |     0 |    0 |     0 |
| X1Y3              |    5 |    24 |    0 |     0 |    0 |     0 |    0 |     0 |    0 |     0 |    0 |     0 |    0 |     0 |
| X2Y3              |    5 |    24 |    0 |     0 |    0 |     0 |    0 |     0 |    0 |     0 |    0 |     0 |    0 |     0 |
| X3Y3              |    5 |    24 |    1 |    28 |    0 |     4 |    0 |     8 |    0 |     0 |    0 |     1 |    0 |     2 |
| X0Y4              |    0 |    24 |    0 |     0 |    0 |     0 |    0 |     0 |    0 |    24 |    0 |     0 |    0 |     0 |
| X1Y4              |    0 |    24 |    0 |     0 |    0 |     0 |    0 |     0 |    0 |     0 |    0 |     0 |    0 |     0 |
| X2Y4              |    0 |    24 |    0 |     0 |    0 |     0 |    0 |     0 |    0 |     0 |    0 |     0 |    0 |     0 |
| X3Y4              |    0 |    24 |    0 |     4 |    0 |     0 |    0 |     0 |    0 |    24 |    0 |     0 |    0 |     0 |
| X0Y5              |    0 |    24 |    0 |     0 |    0 |     0 |    0 |     0 |    0 |    24 |    0 |     0 |    0 |     0 |
| X1Y5              |    0 |    24 |    0 |     0 |    0 |     0 |    0 |     0 |    0 |     0 |    0 |     0 |    0 |     0 |
| X2Y5              |    0 |    24 |    0 |     0 |    0 |     0 |    0 |     0 |    0 |     0 |    0 |     0 |    0 |     0 |
| X3Y5              |    0 |    24 |    0 |     4 |    0 |     0 |    0 |     0 |    0 |    24 |    0 |     0 |    0 |     0 |
| X0Y6              |    0 |    24 |    0 |     0 |    0 |     0 |    0 |     0 |    0 |    24 |    0 |     0 |    0 |     0 |
| X1Y6              |    0 |    24 |    0 |     0 |    0 |     0 |    0 |     0 |    0 |     0 |    0 |     0 |    0 |     0 |
| X2Y6              |    0 |    24 |    0 |     0 |    0 |     0 |    0 |     0 |    0 |     0 |    0 |     0 |    0 |     0 |
| X3Y6              |    0 |    24 |    0 |     4 |    0 |     0 |    0 |     0 |    0 |    24 |    0 |     0 |    0 |     0 |
+-------------------+------+-------+------+-------+------+-------+------+-------+------+-------+------+-------+------+-------+
* Global Clock column represents track count; while other columns represents cell counts


5. Clock Regions : Load Primitives
----------------------------------

+-------------------+------------------+------------------+------------------+------------------+------------------+------------------+------------------+
|                   |   Global Clock   |        FF        |      LUTRAM      |  Block RAM (18K) |        DSP       |        GT        |      HARD IP     |
+-------------------+--------+---------+--------+---------+--------+---------+--------+---------+--------+---------+--------+---------+--------+---------+
| Clock Region Name | Used   | Avail   | Used   | Avail   | Used   | Avail   | Used   | Avail   | Used   | Avail   | Used   | Avail   | Used   | Avail   |
+-------------------+--------+---------+--------+---------+--------+---------+--------+---------+--------+---------+--------+---------+--------+---------+
| X0Y0              |      0 |       0 |      0 |       0 |      0 |       0 |      0 |       0 |      0 |       0 |      0 |       0 |      0 |       0 |
| X1Y0              |      2 |      24 |   4855 |   19200 |    269 |    5280 |      0 |      48 |      0 |     120 |      0 |       0 |      0 |       0 |
| X2Y0              |      5 |      24 |   7071 |   20160 |    172 |    5280 |     11 |      72 |     14 |      96 |      0 |       0 |      0 |       0 |
| X3Y0              |      5 |      24 |   6609 |   19200 |      0 |    4800 |      1 |      72 |     18 |      48 |      0 |       0 |      0 |       0 |
| X0Y1              |      0 |       0 |      0 |       0 |      0 |       0 |      0 |       0 |      0 |       0 |      0 |       0 |      0 |       0 |
| X1Y1              |      2 |      24 |   7545 |   19200 |    570 |    5280 |      3 |      48 |      0 |     120 |      0 |       0 |      0 |       0 |
| X2Y1              |      3 |      24 |   7416 |   20160 |    218 |    5280 |      2 |      72 |     16 |      96 |      0 |       0 |      0 |       0 |
| X3Y1              |      3 |      24 |   4260 |   19200 |      0 |    4800 |      4 |      72 |     16 |      48 |      0 |       0 |      0 |       0 |
| X0Y2              |      0 |       0 |      0 |       0 |      0 |       0 |      0 |       0 |      0 |       0 |      0 |       0 |      0 |       0 |
| X1Y2              |      5 |      24 |   4206 |   19200 |    105 |    5280 |      4 |      48 |      9 |     120 |      0 |       0 |      0 |       0 |
| X2Y2              |      6 |      24 |   6956 |   20160 |     63 |    5280 |      0 |      72 |     18 |      96 |      0 |       0 |      0 |       0 |
| X3Y2              |      6 |      24 |   5211 |   19200 |     63 |    4800 |      0 |      72 |      4 |      48 |      0 |       0 |      0 |       0 |
| X0Y3              |      2 |      24 |     36 |   27840 |      0 |    7200 |      0 |      96 |      0 |     144 |      0 |       4 |      0 |       0 |
| X1Y3              |      5 |      24 |   1039 |   25920 |      0 |    7200 |      0 |      72 |     12 |     144 |      0 |       0 |      0 |       0 |
| X2Y3              |      5 |      24 |   2062 |   20160 |      0 |    5280 |      0 |      72 |     18 |      96 |      0 |       0 |      0 |       0 |
| X3Y3              |      5 |      24 |   1496 |   19200 |      0 |    4800 |      0 |      72 |     11 |      48 |      0 |       0 |      0 |       0 |
| X0Y4              |      0 |      24 |      0 |   27840 |      0 |    7200 |      0 |      96 |      0 |     144 |      0 |       4 |      0 |       0 |
| X1Y4              |      0 |      24 |      0 |   25920 |      0 |    7200 |      0 |      72 |      0 |     144 |      0 |       0 |      0 |       0 |
| X2Y4              |      0 |      24 |      0 |   20160 |      0 |    5280 |      0 |      72 |      0 |      96 |      0 |       0 |      0 |       0 |
| X3Y4              |      0 |      24 |      0 |   19200 |      0 |    4800 |      0 |      72 |      0 |      48 |      0 |       4 |      0 |       0 |
| X0Y5              |      0 |      24 |      0 |   27840 |      0 |    7200 |      0 |      96 |      0 |     144 |      0 |       4 |      0 |       0 |
| X1Y5              |      0 |      24 |      0 |   25920 |      0 |    7200 |      0 |      72 |      0 |     144 |      0 |       0 |      0 |       0 |
| X2Y5              |      0 |      24 |      0 |   20160 |      0 |    5280 |      0 |      72 |      0 |      96 |      0 |       0 |      0 |       0 |
| X3Y5              |      0 |      24 |      0 |   19200 |      0 |    4800 |      0 |      72 |      0 |      48 |      0 |       4 |      0 |       0 |
| X0Y6              |      0 |      24 |      0 |   27840 |      0 |    7200 |      0 |      96 |      0 |     144 |      0 |       4 |      0 |       0 |
| X1Y6              |      0 |      24 |      0 |   25920 |      0 |    7200 |      0 |      72 |      0 |     144 |      0 |       0 |      0 |       0 |
| X2Y6              |      0 |      24 |      0 |   20160 |      0 |    5280 |      0 |      72 |      0 |      96 |      0 |       0 |      0 |       0 |
| X3Y6              |      0 |      24 |      0 |   19200 |      0 |    4800 |      0 |      72 |      0 |      48 |      0 |       4 |      0 |       0 |
+-------------------+--------+---------+--------+---------+--------+---------+--------+---------+--------+---------+--------+---------+--------+---------+
* Global Clock column represents track count; while other columns represents cell counts


6. Clock Regions : Global Clock Summary
---------------------------------------

All Modules
+----+----+----+----+----+
|    | X0 | X1 | X2 | X3 |
+----+----+----+----+----+
| Y6 |  0 |  0 |  0 |  0 |
| Y5 |  0 |  0 |  0 |  0 |
| Y4 |  0 |  0 |  0 |  0 |
| Y3 |  2 |  5 |  5 |  5 |
| Y2 |  0 |  5 |  6 |  6 |
| Y1 |  0 |  2 |  3 |  3 |
| Y0 |  0 |  2 |  5 |  5 |
+----+----+----+----+----+


7. Clock Regions : Routing Resource Utilization
-----------------------------------------------

All Modules
+-------------------+----------------------+----------------------+----------------------+----------------------+
|                   |        HROUTES       |        HDISTRS       |        VROUTES       |        VDISTRS       |
+-------------------+------+-------+-------+------+-------+-------+------+-------+-------+------+-------+-------+
| Clock Region Name | Used | Avail | Util% | Used | Avail | Util% | Used | Avail | Util% | Used | Avail | Util% |
+-------------------+------+-------+-------+------+-------+-------+------+-------+-------+------+-------+-------+
| X0Y0              |    0 |     0 |  0.00 |    0 |     0 |  0.00 |    0 |     0 |  0.00 |    0 |     0 |  0.00 |
| X1Y0              |    0 |    24 |  0.00 |    2 |    24 |  8.33 |    0 |    24 |  0.00 |    1 |    24 |  4.17 |
| X2Y0              |    0 |    24 |  0.00 |    5 |    24 | 20.83 |    0 |    24 |  0.00 |    0 |    24 |  0.00 |
| X3Y0              |    0 |    24 |  0.00 |    5 |    24 | 20.83 |    0 |    24 |  0.00 |    2 |    24 |  8.33 |
| X0Y1              |    0 |     0 |  0.00 |    0 |     0 |  0.00 |    0 |     0 |  0.00 |    0 |     0 |  0.00 |
| X1Y1              |    0 |    24 |  0.00 |    2 |    24 |  8.33 |    1 |    24 |  4.17 |    1 |    24 |  4.17 |
| X2Y1              |    0 |    24 |  0.00 |    3 |    24 | 12.50 |    0 |    24 |  0.00 |    0 |    24 |  0.00 |
| X3Y1              |    0 |    24 |  0.00 |    3 |    24 | 12.50 |    0 |    24 |  0.00 |    2 |    24 |  8.33 |
| X0Y2              |    0 |     0 |  0.00 |    0 |     0 |  0.00 |    0 |     0 |  0.00 |    0 |     0 |  0.00 |
| X1Y2              |    1 |    24 |  4.17 |    5 |    24 | 20.83 |    1 |    24 |  4.17 |    1 |    24 |  4.17 |
| X2Y2              |    0 |    24 |  0.00 |    6 |    24 | 25.00 |    0 |    24 |  0.00 |    0 |    24 |  0.00 |
| X3Y2              |    0 |    24 |  0.00 |    6 |    24 | 25.00 |    0 |    24 |  0.00 |    4 |    24 | 16.67 |
| X0Y3              |    0 |    24 |  0.00 |    2 |    24 |  8.33 |    0 |    24 |  0.00 |    0 |    24 |  0.00 |
| X1Y3              |    0 |    24 |  0.00 |    5 |    24 | 20.83 |    0 |    24 |  0.00 |    0 |    24 |  0.00 |
| X2Y3              |    0 |    24 |  0.00 |    5 |    24 | 20.83 |    0 |    24 |  0.00 |    0 |    24 |  0.00 |
| X3Y3              |    0 |    24 |  0.00 |    5 |    24 | 20.83 |    0 |    24 |  0.00 |    1 |    24 |  4.17 |
| X0Y4              |    0 |    24 |  0.00 |    0 |    24 |  0.00 |    0 |    24 |  0.00 |    0 |    24 |  0.00 |
| X1Y4              |    0 |    24 |  0.00 |    0 |    24 |  0.00 |    0 |    24 |  0.00 |    0 |    24 |  0.00 |
| X2Y4              |    0 |    24 |  0.00 |    0 |    24 |  0.00 |    0 |    24 |  0.00 |    0 |    24 |  0.00 |
| X3Y4              |    0 |    24 |  0.00 |    0 |    24 |  0.00 |    0 |    24 |  0.00 |    0 |    24 |  0.00 |
| X0Y5              |    0 |    24 |  0.00 |    0 |    24 |  0.00 |    0 |    24 |  0.00 |    0 |    24 |  0.00 |
| X1Y5              |    0 |    24 |  0.00 |    0 |    24 |  0.00 |    0 |    24 |  0.00 |    0 |    24 |  0.00 |
| X2Y5              |    0 |    24 |  0.00 |    0 |    24 |  0.00 |    0 |    24 |  0.00 |    0 |    24 |  0.00 |
| X3Y5              |    0 |    24 |  0.00 |    0 |    24 |  0.00 |    0 |    24 |  0.00 |    0 |    24 |  0.00 |
| X0Y6              |    0 |    24 |  0.00 |    0 |    24 |  0.00 |    0 |    24 |  0.00 |    0 |    24 |  0.00 |
| X1Y6              |    0 |    24 |  0.00 |    0 |    24 |  0.00 |    0 |    24 |  0.00 |    0 |    24 |  0.00 |
| X2Y6              |    0 |    24 |  0.00 |    0 |    24 |  0.00 |    0 |    24 |  0.00 |    0 |    24 |  0.00 |
| X3Y6              |    0 |    24 |  0.00 |    0 |    24 |  0.00 |    0 |    24 |  0.00 |    0 |    24 |  0.00 |
+-------------------+------+-------+-------+------+-------+-------+------+-------+-------+------+-------+-------+


8. Device Cell Placement Summary for Global Clock g0
----------------------------------------------------

+-----------+-----------------+-------------------+----------+-------------+---------------+----------+-------------+----------+----------------+----------+-------------------------------------------+
| Global Id | Driver Type/Pin | Driver Region (D) | Clock    | Period (ns) | Waveform (ns) | Root (R) | Slice Loads | IO Loads | Clocking Loads | GT Loads | Net                                       |
+-----------+-----------------+-------------------+----------+-------------+---------------+----------+-------------+----------+----------------+----------+-------------------------------------------+
| g0        | BUFG_PS/O       | X1Y2              | clk_pl_0 |      10.001 | {0.000 5.001} | X1Y1     |       60381 |        0 |              0 |        0 | design_1_i/zynq_ultra_ps_e_0/inst/pl_clk0 |
+-----------+-----------------+-------------------+----------+-------------+---------------+----------+-------------+----------+----------------+----------+-------------------------------------------+
* Logic Loads column represents load cell count of all cell types other than IO, GT and clock resources
** IO Loads column represents load cell count of IO types
*** Clocking Loads column represents load cell count that are clock resources (global clock buffer, MMCM, PLL, etc)
**** GT Loads column represents load cell count of GT types


+----+-----+-----------+-------+-------+
|    | X0  | X1        | X2    | X3    |
+----+-----+-----------+-------+-------+
| Y6 |   0 |         0 |     0 |     0 |
| Y5 |   0 |         0 |     0 |     0 |
| Y4 |   0 |         0 |     0 |     0 |
| Y3 |  36 |      1051 |  2080 |  1507 |
| Y2 |   0 |  (D) 4323 |  7037 |  5278 |
| Y1 |   0 |  (R) 8118 |  7652 |  4278 |
| Y0 |   1 |      5124 |  7268 |  6628 |
+----+-----+-----------+-------+-------+


9. Device Cell Placement Summary for Global Clock g1
----------------------------------------------------

+-----------+-----------------+-------------------+-------+-------------+---------------+----------+-------------+----------+----------------+----------+-----------------------------------------------------+
| Global Id | Driver Type/Pin | Driver Region (D) | Clock | Period (ns) | Waveform (ns) | Root (R) | Slice Loads | IO Loads | Clocking Loads | GT Loads | Net                                                 |
+-----------+-----------------+-------------------+-------+-------------+---------------+----------+-------------+----------+----------------+----------+-----------------------------------------------------+
| g1        | BUFGCE/O        | X3Y1              |       |             |               | X3Y1     |        1026 |        0 |              0 |        0 | design_1_i/BoundIDctMatrix_0/inst/ap_CS_fsm_state17 |
+-----------+-----------------+-------------------+-------+-------------+---------------+----------+-------------+----------+----------------+----------+-----------------------------------------------------+
* Logic Loads column represents load cell count of all cell types other than IO, GT and clock resources
** IO Loads column represents load cell count of IO types
*** Clocking Loads column represents load cell count that are clock resources (global clock buffer, MMCM, PLL, etc)
**** GT Loads column represents load cell count of GT types


+----+----+----+------+-------------+
|    | X0 | X1 | X2   | X3          |
+----+----+----+------+-------------+
| Y6 |  0 |  0 |    0 |           0 |
| Y5 |  0 |  0 |    0 |           0 |
| Y4 |  0 |  0 |    0 |           0 |
| Y3 |  0 |  0 |    0 |           0 |
| Y2 |  0 |  0 |    0 |           0 |
| Y1 |  0 |  0 |  883 | (R) (D) 139 |
| Y0 |  0 |  0 |    4 |           0 |
+----+----+----+------+-------------+


10. Device Cell Placement Summary for Global Clock g2
-----------------------------------------------------

+-----------+-----------------+-------------------+-------+-------------+---------------+----------+-------------+----------+----------------+----------+----------------------------------------------+
| Global Id | Driver Type/Pin | Driver Region (D) | Clock | Period (ns) | Waveform (ns) | Root (R) | Slice Loads | IO Loads | Clocking Loads | GT Loads | Net                                          |
+-----------+-----------------+-------------------+-------+-------------+---------------+----------+-------------+----------+----------------+----------+----------------------------------------------+
| g2        | BUFGCE/O        | X3Y2              |       |             |               | X3Y2     |        1026 |        0 |              0 |        0 | design_1_i/ChenIDct_0/inst/ap_CS_fsm_state72 |
+-----------+-----------------+-------------------+-------+-------------+---------------+----------+-------------+----------+----------------+----------+----------------------------------------------+
* Logic Loads column represents load cell count of all cell types other than IO, GT and clock resources
** IO Loads column represents load cell count of IO types
*** Clocking Loads column represents load cell count that are clock resources (global clock buffer, MMCM, PLL, etc)
**** GT Loads column represents load cell count of GT types


+----+----+----+-----+-------------+
|    | X0 | X1 | X2  | X3          |
+----+----+----+-----+-------------+
| Y6 |  0 |  0 |   0 |           0 |
| Y5 |  0 |  0 |   0 |           0 |
| Y4 |  0 |  0 |   0 |           0 |
| Y3 |  0 |  0 |   0 |           0 |
| Y2 |  0 |  0 |  39 | (R) (D) 987 |
| Y1 |  0 |  0 |   0 |           0 |
| Y0 |  0 |  0 |   0 |           0 |
+----+----+----+-----+-------------+


11. Device Cell Placement Summary for Global Clock g3
-----------------------------------------------------

+-----------+-----------------+-------------------+-------+-------------+---------------+----------+-------------+----------+----------------+----------+-----------------------------------------------+
| Global Id | Driver Type/Pin | Driver Region (D) | Clock | Period (ns) | Waveform (ns) | Root (R) | Slice Loads | IO Loads | Clocking Loads | GT Loads | Net                                           |
+-----------+-----------------+-------------------+-------+-------------+---------------+----------+-------------+----------+----------------+----------+-----------------------------------------------+
| g3        | BUFGCE/O        | X3Y0              |       |             |               | X3Y0     |        1026 |        0 |              0 |        0 | design_1_i/IQuantize_0/inst/ap_CS_fsm_state24 |
+-----------+-----------------+-------------------+-------+-------------+---------------+----------+-------------+----------+----------------+----------+-----------------------------------------------+
* Logic Loads column represents load cell count of all cell types other than IO, GT and clock resources
** IO Loads column represents load cell count of IO types
*** Clocking Loads column represents load cell count that are clock resources (global clock buffer, MMCM, PLL, etc)
**** GT Loads column represents load cell count of GT types


+----+----+----+------+-------------+
|    | X0 | X1 | X2   | X3          |
+----+----+----+------+-------------+
| Y6 |  0 |  0 |    0 |           0 |
| Y5 |  0 |  0 |    0 |           0 |
| Y4 |  0 |  0 |    0 |           0 |
| Y3 |  0 |  0 |    0 |           0 |
| Y2 |  0 |  0 |    0 |           0 |
| Y1 |  0 |  0 |    0 |           0 |
| Y0 |  0 |  0 |  150 | (R) (D) 876 |
+----+----+----+------+-------------+


12. Device Cell Placement Summary for Global Clock g4
-----------------------------------------------------

+-----------+-----------------+-------------------+-------+-------------+---------------+----------+-------------+----------+----------------+----------+-----------------------------------------------------------+
| Global Id | Driver Type/Pin | Driver Region (D) | Clock | Period (ns) | Waveform (ns) | Root (R) | Slice Loads | IO Loads | Clocking Loads | GT Loads | Net                                                       |
+-----------+-----------------+-------------------+-------+-------------+---------------+----------+-------------+----------+----------------+----------+-----------------------------------------------------------+
| g4        | BUFGCE/O        | X3Y0              |       |             |               | X3Y0     |        1027 |        0 |              0 |        0 | design_1_i/IQuantize_0/inst/inp1_buf_load_0_phi_reg_50570 |
+-----------+-----------------+-------------------+-------+-------------+---------------+----------+-------------+----------+----------------+----------+-----------------------------------------------------------+
* Logic Loads column represents load cell count of all cell types other than IO, GT and clock resources
** IO Loads column represents load cell count of IO types
*** Clocking Loads column represents load cell count that are clock resources (global clock buffer, MMCM, PLL, etc)
**** GT Loads column represents load cell count of GT types


+----+----+----+------+-------------+
|    | X0 | X1 | X2   | X3          |
+----+----+----+------+-------------+
| Y6 |  0 |  0 |    0 |           0 |
| Y5 |  0 |  0 |    0 |           0 |
| Y4 |  0 |  0 |    0 |           0 |
| Y3 |  0 |  0 |    0 |           0 |
| Y2 |  0 |  0 |    0 |           0 |
| Y1 |  0 |  0 |    0 |           0 |
| Y0 |  0 |  0 |  238 | (R) (D) 789 |
+----+----+----+------+-------------+


13. Device Cell Placement Summary for Global Clock g5
-----------------------------------------------------

+-----------+-----------------+-------------------+-------+-------------+---------------+----------+-------------+----------+----------------+----------+--------------------------------------------------------------------------------------+
| Global Id | Driver Type/Pin | Driver Region (D) | Clock | Period (ns) | Waveform (ns) | Root (R) | Slice Loads | IO Loads | Clocking Loads | GT Loads | Net                                                                                  |
+-----------+-----------------+-------------------+-------+-------------+---------------+----------+-------------+----------+----------------+----------+--------------------------------------------------------------------------------------+
| g5        | BUFGCE/O        | X3Y2              |       |             |               | X3Y2     |        1824 |        0 |              0 |        0 | design_1_i/decode_start_f2r_vectorPh_s2e_forBody96Preheader_1/inst/ap_CS_fsm_state38 |
+-----------+-----------------+-------------------+-------+-------------+---------------+----------+-------------+----------+----------------+----------+--------------------------------------------------------------------------------------+
* Logic Loads column represents load cell count of all cell types other than IO, GT and clock resources
** IO Loads column represents load cell count of IO types
*** Clocking Loads column represents load cell count that are clock resources (global clock buffer, MMCM, PLL, etc)
**** GT Loads column represents load cell count of GT types


+----+----+------+------+-------------+
|    | X0 | X1   | X2   | X3          |
+----+----+------+------+-------------+
| Y6 |  0 |    0 |    0 |           0 |
| Y5 |  0 |    0 |    0 |           0 |
| Y4 |  0 |    0 |    0 |           0 |
| Y3 |  0 |  222 |  455 |         353 |
| Y2 |  0 |  125 |  539 | (R) (D) 130 |
| Y1 |  0 |    0 |    0 |           0 |
| Y0 |  0 |    0 |    0 |           0 |
+----+----+------+------+-------------+


14. Device Cell Placement Summary for Global Clock g6
-----------------------------------------------------

+-----------+-----------------+-------------------+-------+-------------+---------------+----------+-------------+----------+----------------+----------+--------------------------------------------------------------------------------------+
| Global Id | Driver Type/Pin | Driver Region (D) | Clock | Period (ns) | Waveform (ns) | Root (R) | Slice Loads | IO Loads | Clocking Loads | GT Loads | Net                                                                                  |
+-----------+-----------------+-------------------+-------+-------------+---------------+----------+-------------+----------+----------------+----------+--------------------------------------------------------------------------------------+
| g6        | BUFGCE/O        | X3Y3              |       |             |               | X3Y3     |        1184 |        0 |              0 |        0 | design_1_i/decode_start_f2r_vectorPh_s2e_forBody96Preheader_1/inst/ap_CS_fsm_state39 |
+-----------+-----------------+-------------------+-------+-------------+---------------+----------+-------------+----------+----------------+----------+--------------------------------------------------------------------------------------+
* Logic Loads column represents load cell count of all cell types other than IO, GT and clock resources
** IO Loads column represents load cell count of IO types
*** Clocking Loads column represents load cell count that are clock resources (global clock buffer, MMCM, PLL, etc)
**** GT Loads column represents load cell count of GT types


+----+----+------+------+------------+
|    | X0 | X1   | X2   | X3         |
+----+----+------+------+------------+
| Y6 |  0 |    0 |    0 |          0 |
| Y5 |  0 |    0 |    0 |          0 |
| Y4 |  0 |    0 |    0 |          0 |
| Y3 |  0 |   11 |   13 | (R) (D) 23 |
| Y2 |  0 |  211 |  653 |        273 |
| Y1 |  0 |    0 |    0 |          0 |
| Y0 |  0 |    0 |    0 |          0 |
+----+----+------+------+------------+


15. Device Cell Placement Summary for Global Clock g7
-----------------------------------------------------

+-----------+-----------------+-------------------+-------+-------------+---------------+----------+-------------+----------+----------------+----------+------------------------------------------------------------------------------------------------+
| Global Id | Driver Type/Pin | Driver Region (D) | Clock | Period (ns) | Waveform (ns) | Root (R) | Slice Loads | IO Loads | Clocking Loads | GT Loads | Net                                                                                            |
+-----------+-----------------+-------------------+-------+-------------+---------------+----------+-------------+----------+----------------+----------+------------------------------------------------------------------------------------------------+
| g7        | BUFGCE/O        | X3Y2              |       |             |               | X3Y2     |        1051 |        0 |              0 |        0 | design_1_i/decode_start_f2r_vectorPh_s2e_forBody96Preheader_1/inst/tmp_54_reg_12310[0]_i_1_n_2 |
+-----------+-----------------+-------------------+-------+-------------+---------------+----------+-------------+----------+----------------+----------+------------------------------------------------------------------------------------------------+
* Logic Loads column represents load cell count of all cell types other than IO, GT and clock resources
** IO Loads column represents load cell count of IO types
*** Clocking Loads column represents load cell count that are clock resources (global clock buffer, MMCM, PLL, etc)
**** GT Loads column represents load cell count of GT types


+----+----+------+------+------------+
|    | X0 | X1   | X2   | X3         |
+----+----+------+------+------------+
| Y6 |  0 |    0 |    0 |          0 |
| Y5 |  0 |    0 |    0 |          0 |
| Y4 |  0 |    0 |    0 |          0 |
| Y3 |  0 |  186 |  321 |        234 |
| Y2 |  0 |   32 |  236 | (R) (D) 42 |
| Y1 |  0 |    0 |    0 |          0 |
| Y0 |  0 |    0 |    0 |          0 |
+----+----+------+------+------------+


16. Device Cell Placement Summary for Global Clock g8
-----------------------------------------------------

+-----------+-----------------+-------------------+-------+-------------+---------------+----------+-------------+----------+----------------+----------+------------------------------------------------------+
| Global Id | Driver Type/Pin | Driver Region (D) | Clock | Period (ns) | Waveform (ns) | Root (R) | Slice Loads | IO Loads | Clocking Loads | GT Loads | Net                                                  |
+-----------+-----------------+-------------------+-------+-------------+---------------+----------+-------------+----------+----------------+----------+------------------------------------------------------+
| g8        | BUFGCE/O        | X3Y0              |       |             |               | X3Y0     |       12292 |        0 |              0 |        0 | design_1_i/proc_sys_reset_0/U0/peripheral_aresetn[0] |
+-----------+-----------------+-------------------+-------+-------------+---------------+----------+-------------+----------+----------------+----------+------------------------------------------------------+
* Logic Loads column represents load cell count of all cell types other than IO, GT and clock resources
** IO Loads column represents load cell count of IO types
*** Clocking Loads column represents load cell count that are clock resources (global clock buffer, MMCM, PLL, etc)
**** GT Loads column represents load cell count of GT types


+----+-----+-------+-------+-------------+
|    | X0  | X1    | X2    | X3          |
+----+-----+-------+-------+-------------+
| Y6 |   0 |     0 |     0 |           0 |
| Y5 |   0 |     0 |     0 |           0 |
| Y4 |   0 |     0 |     0 |           0 |
| Y3 |  18 |    58 |     0 |           0 |
| Y2 |   0 |   911 |  1050 |         206 |
| Y1 |   0 |  3563 |  2310 |         256 |
| Y0 |   0 |  2048 |  1764 | (R) (D) 108 |
+----+-----+-------+-------+-------------+


17. Clock Region Cell Placement per Global Clock: Region X1Y0
-------------------------------------------------------------

+-----------+-------+-----------------+------------+-------------+-----------------+------+--------+------+-----+----+------+-----+---------+------------------------------------------------------+
| Global Id | Track | Driver Type/Pin | Constraint | Clock Loads | Non-Clock Loads | FF   | LUTRAM | RAMB | DSP | GT | MMCM | PLL | Hard IP | Net                                                  |
+-----------+-------+-----------------+------------+-------------+-----------------+------+--------+------+-----+----+------+-----+---------+------------------------------------------------------+
| g0        | 0     | BUFG_PS/O       | None       |        5124 |               0 | 4855 |    269 |    0 |   0 |  0 |    0 |   0 |       0 | design_1_i/zynq_ultra_ps_e_0/inst/pl_clk0            |
| g8        | 2     | BUFGCE/O        | None       |           0 |            2048 | 2048 |      0 |    0 |   0 |  0 |    0 |   0 |       0 | design_1_i/proc_sys_reset_0/U0/peripheral_aresetn[0] |
+-----------+-------+-----------------+------------+-------------+-----------------+------+--------+------+-----+----+------+-----+---------+------------------------------------------------------+
* Clock Loads column represents the clock pin loads (pin count)
** Non-Clock Loads column represents the non-clock pin loads (pin count)
*** Columns FF, LUTRAM, RAMB through 'Hard IP' represents load cell counts


18. Clock Region Cell Placement per Global Clock: Region X2Y0
-------------------------------------------------------------

+-----------+-------+-----------------+------------+-------------+-----------------+------+--------+------+-----+----+------+-----+---------+-----------------------------------------------------------+
| Global Id | Track | Driver Type/Pin | Constraint | Clock Loads | Non-Clock Loads | FF   | LUTRAM | RAMB | DSP | GT | MMCM | PLL | Hard IP | Net                                                       |
+-----------+-------+-----------------+------------+-------------+-----------------+------+--------+------+-----+----+------+-----+---------+-----------------------------------------------------------+
| g0        | 0     | BUFG_PS/O       | None       |        7268 |               0 | 7071 |    172 |   11 |  14 |  0 |    0 |   0 |       0 | design_1_i/zynq_ultra_ps_e_0/inst/pl_clk0                 |
| g1        | 14    | BUFGCE/O        | None       |           0 |               4 |    4 |      0 |    0 |   0 |  0 |    0 |   0 |       0 | design_1_i/BoundIDctMatrix_0/inst/ap_CS_fsm_state17       |
| g3        | 8     | BUFGCE/O        | None       |           0 |             150 |  150 |      0 |    0 |   0 |  0 |    0 |   0 |       0 | design_1_i/IQuantize_0/inst/ap_CS_fsm_state24             |
| g4        | 20    | BUFGCE/O        | None       |           0 |             238 |  238 |      0 |    0 |   0 |  0 |    0 |   0 |       0 | design_1_i/IQuantize_0/inst/inp1_buf_load_0_phi_reg_50570 |
| g8        | 2     | BUFGCE/O        | None       |           0 |            1764 | 1764 |      0 |    0 |   0 |  0 |    0 |   0 |       0 | design_1_i/proc_sys_reset_0/U0/peripheral_aresetn[0]      |
+-----------+-------+-----------------+------------+-------------+-----------------+------+--------+------+-----+----+------+-----+---------+-----------------------------------------------------------+
* Clock Loads column represents the clock pin loads (pin count)
** Non-Clock Loads column represents the non-clock pin loads (pin count)
*** Columns FF, LUTRAM, RAMB through 'Hard IP' represents load cell counts


19. Clock Region Cell Placement per Global Clock: Region X3Y0
-------------------------------------------------------------

+-----------+-------+-----------------+------------+-------------+-----------------+------+--------+------+-----+----+------+-----+---------+-----------------------------------------------------------+
| Global Id | Track | Driver Type/Pin | Constraint | Clock Loads | Non-Clock Loads | FF   | LUTRAM | RAMB | DSP | GT | MMCM | PLL | Hard IP | Net                                                       |
+-----------+-------+-----------------+------------+-------------+-----------------+------+--------+------+-----+----+------+-----+---------+-----------------------------------------------------------+
| g0        | 0     | BUFG_PS/O       | None       |        6628 |               0 | 6609 |      0 |    1 |  18 |  0 |    0 |   0 |       0 | design_1_i/zynq_ultra_ps_e_0/inst/pl_clk0                 |
| g1+       | 14    | BUFGCE/O        | None       |           0 |               0 |    0 |      0 |    0 |   0 |  0 |    0 |   0 |       0 | design_1_i/BoundIDctMatrix_0/inst/ap_CS_fsm_state17       |
| g3        | 8     | BUFGCE/O        | None       |           0 |             876 |  876 |      0 |    0 |   0 |  0 |    0 |   0 |       0 | design_1_i/IQuantize_0/inst/ap_CS_fsm_state24             |
| g4        | 20    | BUFGCE/O        | None       |           0 |             789 |  789 |      0 |    0 |   0 |  0 |    0 |   0 |       0 | design_1_i/IQuantize_0/inst/inp1_buf_load_0_phi_reg_50570 |
| g8        | 2     | BUFGCE/O        | None       |           0 |             108 |  108 |      0 |    0 |   0 |  0 |    0 |   0 |       0 | design_1_i/proc_sys_reset_0/U0/peripheral_aresetn[0]      |
+-----------+-------+-----------------+------------+-------------+-----------------+------+--------+------+-----+----+------+-----+---------+-----------------------------------------------------------+
* Clock Loads column represents the clock pin loads (pin count)
** Non-Clock Loads column represents the non-clock pin loads (pin count)
*** Columns FF, LUTRAM, RAMB through 'Hard IP' represents load cell counts
**** In Global Id column, sympbol '+' indicates that global clock was used only to route through the clock region.


20. Clock Region Cell Placement per Global Clock: Region X1Y1
-------------------------------------------------------------

+-----------+-------+-----------------+------------+-------------+-----------------+------+--------+------+-----+----+------+-----+---------+------------------------------------------------------+
| Global Id | Track | Driver Type/Pin | Constraint | Clock Loads | Non-Clock Loads | FF   | LUTRAM | RAMB | DSP | GT | MMCM | PLL | Hard IP | Net                                                  |
+-----------+-------+-----------------+------------+-------------+-----------------+------+--------+------+-----+----+------+-----+---------+------------------------------------------------------+
| g0        | 0     | BUFG_PS/O       | None       |        8118 |               0 | 7545 |    570 |    3 |   0 |  0 |    0 |   0 |       0 | design_1_i/zynq_ultra_ps_e_0/inst/pl_clk0            |
| g8        | 2     | BUFGCE/O        | None       |           0 |            3563 | 3563 |      0 |    0 |   0 |  0 |    0 |   0 |       0 | design_1_i/proc_sys_reset_0/U0/peripheral_aresetn[0] |
+-----------+-------+-----------------+------------+-------------+-----------------+------+--------+------+-----+----+------+-----+---------+------------------------------------------------------+
* Clock Loads column represents the clock pin loads (pin count)
** Non-Clock Loads column represents the non-clock pin loads (pin count)
*** Columns FF, LUTRAM, RAMB through 'Hard IP' represents load cell counts


21. Clock Region Cell Placement per Global Clock: Region X2Y1
-------------------------------------------------------------

+-----------+-------+-----------------+------------+-------------+-----------------+------+--------+------+-----+----+------+-----+---------+------------------------------------------------------+
| Global Id | Track | Driver Type/Pin | Constraint | Clock Loads | Non-Clock Loads | FF   | LUTRAM | RAMB | DSP | GT | MMCM | PLL | Hard IP | Net                                                  |
+-----------+-------+-----------------+------------+-------------+-----------------+------+--------+------+-----+----+------+-----+---------+------------------------------------------------------+
| g0        | 0     | BUFG_PS/O       | None       |        7652 |               0 | 7416 |    218 |    2 |  16 |  0 |    0 |   0 |       0 | design_1_i/zynq_ultra_ps_e_0/inst/pl_clk0            |
| g1        | 14    | BUFGCE/O        | None       |           0 |             883 |  883 |      0 |    0 |   0 |  0 |    0 |   0 |       0 | design_1_i/BoundIDctMatrix_0/inst/ap_CS_fsm_state17  |
| g8        | 2     | BUFGCE/O        | None       |           0 |            2310 | 2310 |      0 |    0 |   0 |  0 |    0 |   0 |       0 | design_1_i/proc_sys_reset_0/U0/peripheral_aresetn[0] |
+-----------+-------+-----------------+------------+-------------+-----------------+------+--------+------+-----+----+------+-----+---------+------------------------------------------------------+
* Clock Loads column represents the clock pin loads (pin count)
** Non-Clock Loads column represents the non-clock pin loads (pin count)
*** Columns FF, LUTRAM, RAMB through 'Hard IP' represents load cell counts


22. Clock Region Cell Placement per Global Clock: Region X3Y1
-------------------------------------------------------------

+-----------+-------+-----------------+------------+-------------+-----------------+------+--------+------+-----+----+------+-----+---------+------------------------------------------------------+
| Global Id | Track | Driver Type/Pin | Constraint | Clock Loads | Non-Clock Loads | FF   | LUTRAM | RAMB | DSP | GT | MMCM | PLL | Hard IP | Net                                                  |
+-----------+-------+-----------------+------------+-------------+-----------------+------+--------+------+-----+----+------+-----+---------+------------------------------------------------------+
| g0        | 0     | BUFG_PS/O       | None       |        4278 |               0 | 4260 |      0 |    2 |  16 |  0 |    0 |   0 |       0 | design_1_i/zynq_ultra_ps_e_0/inst/pl_clk0            |
| g1        | 14    | BUFGCE/O        | None       |           0 |             139 |  139 |      0 |    0 |   0 |  0 |    0 |   0 |       0 | design_1_i/BoundIDctMatrix_0/inst/ap_CS_fsm_state17  |
| g8        | 2     | BUFGCE/O        | None       |           0 |             256 |  256 |      0 |    0 |   0 |  0 |    0 |   0 |       0 | design_1_i/proc_sys_reset_0/U0/peripheral_aresetn[0] |
+-----------+-------+-----------------+------------+-------------+-----------------+------+--------+------+-----+----+------+-----+---------+------------------------------------------------------+
* Clock Loads column represents the clock pin loads (pin count)
** Non-Clock Loads column represents the non-clock pin loads (pin count)
*** Columns FF, LUTRAM, RAMB through 'Hard IP' represents load cell counts


23. Clock Region Cell Placement per Global Clock: Region X1Y2
-------------------------------------------------------------

+-----------+-------+-----------------+------------+-------------+-----------------+------+--------+------+-----+----+------+-----+---------+------------------------------------------------------------------------------------------------+
| Global Id | Track | Driver Type/Pin | Constraint | Clock Loads | Non-Clock Loads | FF   | LUTRAM | RAMB | DSP | GT | MMCM | PLL | Hard IP | Net                                                                                            |
+-----------+-------+-----------------+------------+-------------+-----------------+------+--------+------+-----+----+------+-----+---------+------------------------------------------------------------------------------------------------+
| g0        | 0     | BUFG_PS/O       | None       |        4323 |               0 | 4206 |    105 |    3 |   9 |  0 |    0 |   0 |       0 | design_1_i/zynq_ultra_ps_e_0/inst/pl_clk0                                                      |
| g5        | 8     | BUFGCE/O        | None       |           0 |             125 |  125 |      0 |    0 |   0 |  0 |    0 |   0 |       0 | design_1_i/decode_start_f2r_vectorPh_s2e_forBody96Preheader_1/inst/ap_CS_fsm_state38           |
| g6        | 14    | BUFGCE/O        | None       |           0 |             211 |  211 |      0 |    0 |   0 |  0 |    0 |   0 |       0 | design_1_i/decode_start_f2r_vectorPh_s2e_forBody96Preheader_1/inst/ap_CS_fsm_state39           |
| g7        | 20    | BUFGCE/O        | None       |           0 |              32 |   32 |      0 |    0 |   0 |  0 |    0 |   0 |       0 | design_1_i/decode_start_f2r_vectorPh_s2e_forBody96Preheader_1/inst/tmp_54_reg_12310[0]_i_1_n_2 |
| g8        | 2     | BUFGCE/O        | None       |           0 |             911 |  911 |      0 |    0 |   0 |  0 |    0 |   0 |       0 | design_1_i/proc_sys_reset_0/U0/peripheral_aresetn[0]                                           |
+-----------+-------+-----------------+------------+-------------+-----------------+------+--------+------+-----+----+------+-----+---------+------------------------------------------------------------------------------------------------+
* Clock Loads column represents the clock pin loads (pin count)
** Non-Clock Loads column represents the non-clock pin loads (pin count)
*** Columns FF, LUTRAM, RAMB through 'Hard IP' represents load cell counts


24. Clock Region Cell Placement per Global Clock: Region X2Y2
-------------------------------------------------------------

+-----------+-------+-----------------+------------+-------------+-----------------+------+--------+------+-----+----+------+-----+---------+------------------------------------------------------------------------------------------------+
| Global Id | Track | Driver Type/Pin | Constraint | Clock Loads | Non-Clock Loads | FF   | LUTRAM | RAMB | DSP | GT | MMCM | PLL | Hard IP | Net                                                                                            |
+-----------+-------+-----------------+------------+-------------+-----------------+------+--------+------+-----+----+------+-----+---------+------------------------------------------------------------------------------------------------+
| g0        | 0     | BUFG_PS/O       | None       |        7037 |               0 | 6956 |     63 |    0 |  18 |  0 |    0 |   0 |       0 | design_1_i/zynq_ultra_ps_e_0/inst/pl_clk0                                                      |
| g2        | 1     | BUFGCE/O        | None       |           0 |              39 |   39 |      0 |    0 |   0 |  0 |    0 |   0 |       0 | design_1_i/ChenIDct_0/inst/ap_CS_fsm_state72                                                   |
| g5        | 8     | BUFGCE/O        | None       |           0 |             539 |  539 |      0 |    0 |   0 |  0 |    0 |   0 |       0 | design_1_i/decode_start_f2r_vectorPh_s2e_forBody96Preheader_1/inst/ap_CS_fsm_state38           |
| g6        | 14    | BUFGCE/O        | None       |           0 |             653 |  653 |      0 |    0 |   0 |  0 |    0 |   0 |       0 | design_1_i/decode_start_f2r_vectorPh_s2e_forBody96Preheader_1/inst/ap_CS_fsm_state39           |
| g7        | 20    | BUFGCE/O        | None       |           0 |             236 |  236 |      0 |    0 |   0 |  0 |    0 |   0 |       0 | design_1_i/decode_start_f2r_vectorPh_s2e_forBody96Preheader_1/inst/tmp_54_reg_12310[0]_i_1_n_2 |
| g8        | 2     | BUFGCE/O        | None       |           0 |            1050 | 1050 |      0 |    0 |   0 |  0 |    0 |   0 |       0 | design_1_i/proc_sys_reset_0/U0/peripheral_aresetn[0]                                           |
+-----------+-------+-----------------+------------+-------------+-----------------+------+--------+------+-----+----+------+-----+---------+------------------------------------------------------------------------------------------------+
* Clock Loads column represents the clock pin loads (pin count)
** Non-Clock Loads column represents the non-clock pin loads (pin count)
*** Columns FF, LUTRAM, RAMB through 'Hard IP' represents load cell counts


25. Clock Region Cell Placement per Global Clock: Region X3Y2
-------------------------------------------------------------

+-----------+-------+-----------------+------------+-------------+-----------------+------+--------+------+-----+----+------+-----+---------+------------------------------------------------------------------------------------------------+
| Global Id | Track | Driver Type/Pin | Constraint | Clock Loads | Non-Clock Loads | FF   | LUTRAM | RAMB | DSP | GT | MMCM | PLL | Hard IP | Net                                                                                            |
+-----------+-------+-----------------+------------+-------------+-----------------+------+--------+------+-----+----+------+-----+---------+------------------------------------------------------------------------------------------------+
| g0        | 0     | BUFG_PS/O       | None       |        5278 |               0 | 5211 |     63 |    0 |   4 |  0 |    0 |   0 |       0 | design_1_i/zynq_ultra_ps_e_0/inst/pl_clk0                                                      |
| g2        | 1     | BUFGCE/O        | None       |           0 |             987 |  987 |      0 |    0 |   0 |  0 |    0 |   0 |       0 | design_1_i/ChenIDct_0/inst/ap_CS_fsm_state72                                                   |
| g5        | 8     | BUFGCE/O        | None       |           0 |             130 |  130 |      0 |    0 |   0 |  0 |    0 |   0 |       0 | design_1_i/decode_start_f2r_vectorPh_s2e_forBody96Preheader_1/inst/ap_CS_fsm_state38           |
| g6        | 14    | BUFGCE/O        | None       |           0 |             273 |  273 |      0 |    0 |   0 |  0 |    0 |   0 |       0 | design_1_i/decode_start_f2r_vectorPh_s2e_forBody96Preheader_1/inst/ap_CS_fsm_state39           |
| g7        | 20    | BUFGCE/O        | None       |           0 |              42 |   42 |      0 |    0 |   0 |  0 |    0 |   0 |       0 | design_1_i/decode_start_f2r_vectorPh_s2e_forBody96Preheader_1/inst/tmp_54_reg_12310[0]_i_1_n_2 |
| g8        | 2     | BUFGCE/O        | None       |           0 |             206 |  206 |      0 |    0 |   0 |  0 |    0 |   0 |       0 | design_1_i/proc_sys_reset_0/U0/peripheral_aresetn[0]                                           |
+-----------+-------+-----------------+------------+-------------+-----------------+------+--------+------+-----+----+------+-----+---------+------------------------------------------------------------------------------------------------+
* Clock Loads column represents the clock pin loads (pin count)
** Non-Clock Loads column represents the non-clock pin loads (pin count)
*** Columns FF, LUTRAM, RAMB through 'Hard IP' represents load cell counts


26. Clock Region Cell Placement per Global Clock: Region X0Y3
-------------------------------------------------------------

+-----------+-------+-----------------+------------+-------------+-----------------+----+--------+------+-----+----+------+-----+---------+------------------------------------------------------+
| Global Id | Track | Driver Type/Pin | Constraint | Clock Loads | Non-Clock Loads | FF | LUTRAM | RAMB | DSP | GT | MMCM | PLL | Hard IP | Net                                                  |
+-----------+-------+-----------------+------------+-------------+-----------------+----+--------+------+-----+----+------+-----+---------+------------------------------------------------------+
| g0        | 0     | BUFG_PS/O       | None       |          36 |               0 | 36 |      0 |    0 |   0 |  0 |    0 |   0 |       0 | design_1_i/zynq_ultra_ps_e_0/inst/pl_clk0            |
| g8        | 2     | BUFGCE/O        | None       |           0 |              18 | 18 |      0 |    0 |   0 |  0 |    0 |   0 |       0 | design_1_i/proc_sys_reset_0/U0/peripheral_aresetn[0] |
+-----------+-------+-----------------+------------+-------------+-----------------+----+--------+------+-----+----+------+-----+---------+------------------------------------------------------+
* Clock Loads column represents the clock pin loads (pin count)
** Non-Clock Loads column represents the non-clock pin loads (pin count)
*** Columns FF, LUTRAM, RAMB through 'Hard IP' represents load cell counts


27. Clock Region Cell Placement per Global Clock: Region X1Y3
-------------------------------------------------------------

+-----------+-------+-----------------+------------+-------------+-----------------+------+--------+------+-----+----+------+-----+---------+------------------------------------------------------------------------------------------------+
| Global Id | Track | Driver Type/Pin | Constraint | Clock Loads | Non-Clock Loads | FF   | LUTRAM | RAMB | DSP | GT | MMCM | PLL | Hard IP | Net                                                                                            |
+-----------+-------+-----------------+------------+-------------+-----------------+------+--------+------+-----+----+------+-----+---------+------------------------------------------------------------------------------------------------+
| g0        | 0     | BUFG_PS/O       | None       |        1051 |               0 | 1039 |      0 |    0 |  12 |  0 |    0 |   0 |       0 | design_1_i/zynq_ultra_ps_e_0/inst/pl_clk0                                                      |
| g5        | 8     | BUFGCE/O        | None       |           0 |             222 |  222 |      0 |    0 |   0 |  0 |    0 |   0 |       0 | design_1_i/decode_start_f2r_vectorPh_s2e_forBody96Preheader_1/inst/ap_CS_fsm_state38           |
| g6        | 14    | BUFGCE/O        | None       |           0 |              11 |   11 |      0 |    0 |   0 |  0 |    0 |   0 |       0 | design_1_i/decode_start_f2r_vectorPh_s2e_forBody96Preheader_1/inst/ap_CS_fsm_state39           |
| g7        | 20    | BUFGCE/O        | None       |           0 |             186 |  186 |      0 |    0 |   0 |  0 |    0 |   0 |       0 | design_1_i/decode_start_f2r_vectorPh_s2e_forBody96Preheader_1/inst/tmp_54_reg_12310[0]_i_1_n_2 |
| g8        | 2     | BUFGCE/O        | None       |           0 |              58 |   58 |      0 |    0 |   0 |  0 |    0 |   0 |       0 | design_1_i/proc_sys_reset_0/U0/peripheral_aresetn[0]                                           |
+-----------+-------+-----------------+------------+-------------+-----------------+------+--------+------+-----+----+------+-----+---------+------------------------------------------------------------------------------------------------+
* Clock Loads column represents the clock pin loads (pin count)
** Non-Clock Loads column represents the non-clock pin loads (pin count)
*** Columns FF, LUTRAM, RAMB through 'Hard IP' represents load cell counts


28. Clock Region Cell Placement per Global Clock: Region X2Y3
-------------------------------------------------------------

+-----------+-------+-----------------+------------+-------------+-----------------+------+--------+------+-----+----+------+-----+---------+------------------------------------------------------------------------------------------------+
| Global Id | Track | Driver Type/Pin | Constraint | Clock Loads | Non-Clock Loads | FF   | LUTRAM | RAMB | DSP | GT | MMCM | PLL | Hard IP | Net                                                                                            |
+-----------+-------+-----------------+------------+-------------+-----------------+------+--------+------+-----+----+------+-----+---------+------------------------------------------------------------------------------------------------+
| g0        | 0     | BUFG_PS/O       | None       |        2080 |               0 | 2062 |      0 |    0 |  18 |  0 |    0 |   0 |       0 | design_1_i/zynq_ultra_ps_e_0/inst/pl_clk0                                                      |
| g5        | 8     | BUFGCE/O        | None       |           0 |             455 |  455 |      0 |    0 |   0 |  0 |    0 |   0 |       0 | design_1_i/decode_start_f2r_vectorPh_s2e_forBody96Preheader_1/inst/ap_CS_fsm_state38           |
| g6        | 14    | BUFGCE/O        | None       |           0 |              13 |   13 |      0 |    0 |   0 |  0 |    0 |   0 |       0 | design_1_i/decode_start_f2r_vectorPh_s2e_forBody96Preheader_1/inst/ap_CS_fsm_state39           |
| g7        | 20    | BUFGCE/O        | None       |           0 |             321 |  321 |      0 |    0 |   0 |  0 |    0 |   0 |       0 | design_1_i/decode_start_f2r_vectorPh_s2e_forBody96Preheader_1/inst/tmp_54_reg_12310[0]_i_1_n_2 |
| g8+       | 2     | BUFGCE/O        | None       |           0 |               0 |    0 |      0 |    0 |   0 |  0 |    0 |   0 |       0 | design_1_i/proc_sys_reset_0/U0/peripheral_aresetn[0]                                           |
+-----------+-------+-----------------+------------+-------------+-----------------+------+--------+------+-----+----+------+-----+---------+------------------------------------------------------------------------------------------------+
* Clock Loads column represents the clock pin loads (pin count)
** Non-Clock Loads column represents the non-clock pin loads (pin count)
*** Columns FF, LUTRAM, RAMB through 'Hard IP' represents load cell counts
**** In Global Id column, sympbol '+' indicates that global clock was used only to route through the clock region.


29. Clock Region Cell Placement per Global Clock: Region X3Y3
-------------------------------------------------------------

+-----------+-------+-----------------+------------+-------------+-----------------+------+--------+------+-----+----+------+-----+---------+------------------------------------------------------------------------------------------------+
| Global Id | Track | Driver Type/Pin | Constraint | Clock Loads | Non-Clock Loads | FF   | LUTRAM | RAMB | DSP | GT | MMCM | PLL | Hard IP | Net                                                                                            |
+-----------+-------+-----------------+------------+-------------+-----------------+------+--------+------+-----+----+------+-----+---------+------------------------------------------------------------------------------------------------+
| g0        | 0     | BUFG_PS/O       | None       |        1507 |               0 | 1496 |      0 |    0 |  11 |  0 |    0 |   0 |       0 | design_1_i/zynq_ultra_ps_e_0/inst/pl_clk0                                                      |
| g5        | 8     | BUFGCE/O        | None       |           0 |             353 |  353 |      0 |    0 |   0 |  0 |    0 |   0 |       0 | design_1_i/decode_start_f2r_vectorPh_s2e_forBody96Preheader_1/inst/ap_CS_fsm_state38           |
| g6        | 14    | BUFGCE/O        | None       |           0 |              23 |   23 |      0 |    0 |   0 |  0 |    0 |   0 |       0 | design_1_i/decode_start_f2r_vectorPh_s2e_forBody96Preheader_1/inst/ap_CS_fsm_state39           |
| g7        | 20    | BUFGCE/O        | None       |           0 |             234 |  234 |      0 |    0 |   0 |  0 |    0 |   0 |       0 | design_1_i/decode_start_f2r_vectorPh_s2e_forBody96Preheader_1/inst/tmp_54_reg_12310[0]_i_1_n_2 |
| g8+       | 2     | BUFGCE/O        | None       |           0 |               0 |    0 |      0 |    0 |   0 |  0 |    0 |   0 |       0 | design_1_i/proc_sys_reset_0/U0/peripheral_aresetn[0]                                           |
+-----------+-------+-----------------+------------+-------------+-----------------+------+--------+------+-----+----+------+-----+---------+------------------------------------------------------------------------------------------------+
* Clock Loads column represents the clock pin loads (pin count)
** Non-Clock Loads column represents the non-clock pin loads (pin count)
*** Columns FF, LUTRAM, RAMB through 'Hard IP' represents load cell counts
**** In Global Id column, sympbol '+' indicates that global clock was used only to route through the clock region.


